../Core/Src/CAN.c:23:6:HAL_CAN_RxFifo0MsgPendingCallback	72	static
../Core/Src/CAN.c:57:6:CAN_Init	48	static
../Core/Src/CAN.c:85:16:TxQueue_IsFull	8	static
../Core/Src/CAN.c:90:16:TxQueue_IsEmpty	8	static
../Core/Src/CAN.c:95:13:TxQueue_Push	24	static
../Core/Src/CAN.c:101:23:TxQueue_Peek	8	static
../Core/Src/CAN.c:107:13:TxQueue_Pop	8	static
../Core/Src/CAN.c:115:13:CAN_ProcessTxQueue	48	static
../Core/Src/CAN.c:147:6:HAL_CAN_TxMailbox0CompleteCallback	16	static
../Core/Src/CAN.c:148:6:HAL_CAN_TxMailbox1CompleteCallback	16	static
../Core/Src/CAN.c:149:6:HAL_CAN_TxMailbox2CompleteCallback	16	static
../Core/Src/CAN.c:151:19:CAN_QueueMessage	16	static
../Core/Src/CAN.c:164:16:CAN_GetMessage	24	static
