../Core/Src/CAN.c:23:6:CAN_RegisterRxCallback	16	static
../Core/Src/CAN.c:30:6:HAL_CAN_RxFifo0MsgPendingCallback	80	static
../Core/Src/CAN.c:69:6:CAN_Init	48	static
../Core/Src/CAN.c:97:16:TxQueue_IsFull	8	static
../Core/Src/CAN.c:102:16:TxQueue_IsEmpty	8	static
../Core/Src/CAN.c:107:13:TxQueue_Push	24	static
../Core/Src/CAN.c:113:23:TxQueue_Peek	8	static
../Core/Src/CAN.c:119:13:TxQueue_Pop	8	static
../Core/Src/CAN.c:127:13:CAN_ProcessTxQueue	48	static
../Core/Src/CAN.c:159:6:HAL_CAN_TxMailbox0CompleteCallback	16	static
../Core/Src/CAN.c:160:6:HAL_CAN_TxMailbox1CompleteCallback	16	static
../Core/Src/CAN.c:161:6:HAL_CAN_TxMailbox2CompleteCallback	16	static
../Core/Src/CAN.c:163:19:CAN_QueueMessage	16	static
../Core/Src/CAN.c:176:16:CAN_GetMessage	24	static
