../Core/Src/DISPLAYFUN.c:13:22:idx	16	static
../Core/Src/DISPLAYFUN.c:15:13:clear_mem	16	static
../Core/Src/DISPLAYFUN.c:19:6:DISP_GoHome	8	static
../Core/Src/DISPLAYFUN.c:24:6:DISP_SendStatus	32	static
../Core/Src/DISPLAYFUN.c:34:6:DISP_Init	16	static
../Core/Src/DISPLAYFUN.c:47:6:DISP_SetPage	16	static
../Core/Src/DISPLAYFUN.c:57:9:DISP_GetPage	8	static
../Core/Src/DISPLAYFUN.c:59:6:DISP_ClearPage	16	static
../Core/Src/DISPLAYFUN.c:65:6:DISP_ClearActive	8	static
../Core/Src/DISPLAYFUN.c:67:6:DISP_Render	48	static
../Core/Src/DISPLAYFUN.c:81:6:DISP_WriteText	40	static
../Core/Src/DISPLAYFUN.c:100:6:DISP_WriteChar	24	static
../Core/Src/DISPLAYFUN.c:107:6:DISP_WriteNumber	392	static
../Core/Src/DISPLAYFUN.c:215:6:DISP_WriteLapTime	64	static
../Core/Src/DISPLAYFUN.c:234:6:DISP_HandleCAN	32	static
../Core/Src/DISPLAYFUN.c:246:7:DISP_GetBufferForPage	16	static
