../Core/Src/DISPLAYFUN.c:13:22:idx	16	static
../Core/Src/DISPLAYFUN.c:15:13:clear_mem	16	static
../Core/Src/DISPLAYFUN.c:19:6:DISP_GoHome	8	static
../Core/Src/DISPLAYFUN.c:24:6:DISP_SendStatus	32	static
../Core/Src/DISPLAYFUN.c:34:6:DISP_Init	16	static
../Core/Src/DISPLAYFUN.c:47:6:DISP_SetPage	16	static
../Core/Src/DISPLAYFUN.c:54:9:DISP_GetPage	8	static
../Core/Src/DISPLAYFUN.c:56:6:DISP_ClearPage	16	static
../Core/Src/DISPLAYFUN.c:62:6:DISP_ClearActive	8	static
../Core/Src/DISPLAYFUN.c:64:6:DISP_Render	48	static
../Core/Src/DISPLAYFUN.c:78:6:DISP_WriteText	40	static
../Core/Src/DISPLAYFUN.c:97:6:DISP_WriteChar	24	static
../Core/Src/DISPLAYFUN.c:104:6:DISP_WriteNumber	392	static
../Core/Src/DISPLAYFUN.c:212:6:DISP_WriteLapTime	64	static
../Core/Src/DISPLAYFUN.c:231:6:DISP_HandleCAN	32	static
../Core/Src/DISPLAYFUN.c:243:7:DISP_GetBufferForPage	16	static
../Core/Src/DISPLAYFUN.c:249:6:Display_ErrorStatus	56	static
../Core/Src/DISPLAYFUN.c:287:6:DISP_DrawBitmap	40	static
../Core/Src/DISPLAYFUN.c:310:6:DISP_ShowBootLogoEx	56	static
../Core/Src/DISPLAYFUN.c:337:6:xbm_to_ssd1306_pages	48	static
../Core/Src/DISPLAYFUN.c:374:23:XBM_GetBit	48	static
../Core/Src/DISPLAYFUN.c:393:13:BLIT_XBM_ToDisplay	72	static
