../Core/Inc/LOOP_TIMER.h:39:18:loop_init	24	static
../Core/Inc/LOOP_TIMER.h:52:21:loop_due	16	static
../Core/Inc/LOOP_TIMER.h:61:18:loop_start	16	static
../Core/Inc/LOOP_TIMER.h:72:18:loop_end	24	static
../Core/Src/main.c:160:8:init_loops	24	static
../Core/Src/main.c:96:5:main	208	static
../Core/Src/main.c:294:6:SystemClock_Config	88	static
../Core/Src/main.c:332:13:MX_ADC_Init	24	static
../Core/Src/main.c:410:13:MX_CAN_Init	8	static
../Core/Src/main.c:447:13:MX_SPI1_Init	8	static
../Core/Src/main.c:487:13:MX_SPI2_Init	8	static
../Core/Src/main.c:527:13:MX_TIM2_Init	32	static
../Core/Src/main.c:570:13:MX_DMA_Init	16	static
../Core/Src/main.c:588:13:MX_GPIO_Init	56	static
../Core/Src/main.c:692:6:Error_Handler	8	static,ignoring_inline_asm
