../Core/Inc/LOOP_TIMER.h:39:18:loop_init	24	static
../Core/Inc/LOOP_TIMER.h:52:21:loop_due	16	static
../Core/Inc/LOOP_TIMER.h:61:18:loop_start	16	static
../Core/Inc/LOOP_TIMER.h:72:18:loop_end	24	static
../Core/Inc/DISPLAYFUN.h:46:20:DISP_WriteLabel	16	static
../Core/Src/main.c:170:8:init_loops	24	static
../Core/Src/main.c:98:5:main	184	static
../Core/Src/main.c:300:6:SystemClock_Config	88	static
../Core/Src/main.c:338:13:MX_ADC_Init	24	static
../Core/Src/main.c:416:13:MX_CAN_Init	8	static
../Core/Src/main.c:453:13:MX_SPI1_Init	8	static
../Core/Src/main.c:493:13:MX_SPI2_Init	8	static
../Core/Src/main.c:533:13:MX_TIM2_Init	32	static
../Core/Src/main.c:576:13:MX_DMA_Init	16	static
../Core/Src/main.c:594:13:MX_GPIO_Init	56	static
../Core/Src/main.c:698:6:Error_Handler	8	static,ignoring_inline_asm
