Archive member included to satisfy reference by file (symbol)

C:/ST/STM32CubeIDE_1.13.2/STM32CubeIDE/plugins/com.st.stm32cube.ide.mcu.externaltools.gnu-tools-for-stm32.11.3.rel1.win32_1.1.1.202309131626/tools/bin/../lib/gcc/arm-none-eabi/11.3.1/../../../../arm-none-eabi/lib/thumb/v6-m/nofp\libc_nano.a(libc_a-exit.o)
                              C:/ST/STM32CubeIDE_1.13.2/STM32CubeIDE/plugins/com.st.stm32cube.ide.mcu.externaltools.gnu-tools-for-stm32.11.3.rel1.win32_1.1.1.202309131626/tools/bin/../lib/gcc/arm-none-eabi/11.3.1/../../../../arm-none-eabi/lib/thumb/v6-m/nofp/crt0.o (exit)
C:/ST/STM32CubeIDE_1.13.2/STM32CubeIDE/plugins/com.st.stm32cube.ide.mcu.externaltools.gnu-tools-for-stm32.11.3.rel1.win32_1.1.1.202309131626/tools/bin/../lib/gcc/arm-none-eabi/11.3.1/../../../../arm-none-eabi/lib/thumb/v6-m/nofp\libc_nano.a(libc_a-findfp.o)
                              C:/ST/STM32CubeIDE_1.13.2/STM32CubeIDE/plugins/com.st.stm32cube.ide.mcu.externaltools.gnu-tools-for-stm32.11.3.rel1.win32_1.1.1.202309131626/tools/bin/../lib/gcc/arm-none-eabi/11.3.1/../../../../arm-none-eabi/lib/thumb/v6-m/nofp\libc_nano.a(libc_a-exit.o) (__stdio_exit_handler)
C:/ST/STM32CubeIDE_1.13.2/STM32CubeIDE/plugins/com.st.stm32cube.ide.mcu.externaltools.gnu-tools-for-stm32.11.3.rel1.win32_1.1.1.202309131626/tools/bin/../lib/gcc/arm-none-eabi/11.3.1/../../../../arm-none-eabi/lib/thumb/v6-m/nofp\libc_nano.a(libc_a-fwalk.o)
                              C:/ST/STM32CubeIDE_1.13.2/STM32CubeIDE/plugins/com.st.stm32cube.ide.mcu.externaltools.gnu-tools-for-stm32.11.3.rel1.win32_1.1.1.202309131626/tools/bin/../lib/gcc/arm-none-eabi/11.3.1/../../../../arm-none-eabi/lib/thumb/v6-m/nofp\libc_nano.a(libc_a-findfp.o) (_fwalk_sglue)
C:/ST/STM32CubeIDE_1.13.2/STM32CubeIDE/plugins/com.st.stm32cube.ide.mcu.externaltools.gnu-tools-for-stm32.11.3.rel1.win32_1.1.1.202309131626/tools/bin/../lib/gcc/arm-none-eabi/11.3.1/../../../../arm-none-eabi/lib/thumb/v6-m/nofp\libc_nano.a(libc_a-printf.o)
                              ./Core/Src/ERROR.o (printf)
C:/ST/STM32CubeIDE_1.13.2/STM32CubeIDE/plugins/com.st.stm32cube.ide.mcu.externaltools.gnu-tools-for-stm32.11.3.rel1.win32_1.1.1.202309131626/tools/bin/../lib/gcc/arm-none-eabi/11.3.1/../../../../arm-none-eabi/lib/thumb/v6-m/nofp\libc_nano.a(libc_a-snprintf.o)
                              ./Core/Src/DISPLAYFUN.o (snprintf)
C:/ST/STM32CubeIDE_1.13.2/STM32CubeIDE/plugins/com.st.stm32cube.ide.mcu.externaltools.gnu-tools-for-stm32.11.3.rel1.win32_1.1.1.202309131626/tools/bin/../lib/gcc/arm-none-eabi/11.3.1/../../../../arm-none-eabi/lib/thumb/v6-m/nofp\libc_nano.a(libc_a-stdio.o)
                              C:/ST/STM32CubeIDE_1.13.2/STM32CubeIDE/plugins/com.st.stm32cube.ide.mcu.externaltools.gnu-tools-for-stm32.11.3.rel1.win32_1.1.1.202309131626/tools/bin/../lib/gcc/arm-none-eabi/11.3.1/../../../../arm-none-eabi/lib/thumb/v6-m/nofp\libc_nano.a(libc_a-findfp.o) (__sread)
C:/ST/STM32CubeIDE_1.13.2/STM32CubeIDE/plugins/com.st.stm32cube.ide.mcu.externaltools.gnu-tools-for-stm32.11.3.rel1.win32_1.1.1.202309131626/tools/bin/../lib/gcc/arm-none-eabi/11.3.1/../../../../arm-none-eabi/lib/thumb/v6-m/nofp\libc_nano.a(libc_a-memset.o)
                              C:/ST/STM32CubeIDE_1.13.2/STM32CubeIDE/plugins/com.st.stm32cube.ide.mcu.externaltools.gnu-tools-for-stm32.11.3.rel1.win32_1.1.1.202309131626/tools/bin/../lib/gcc/arm-none-eabi/11.3.1/../../../../arm-none-eabi/lib/thumb/v6-m/nofp/crt0.o (memset)
C:/ST/STM32CubeIDE_1.13.2/STM32CubeIDE/plugins/com.st.stm32cube.ide.mcu.externaltools.gnu-tools-for-stm32.11.3.rel1.win32_1.1.1.202309131626/tools/bin/../lib/gcc/arm-none-eabi/11.3.1/../../../../arm-none-eabi/lib/thumb/v6-m/nofp\libc_nano.a(libc_a-strncpy.o)
                              ./Core/Src/DISPLAYFUN.o (strncpy)
C:/ST/STM32CubeIDE_1.13.2/STM32CubeIDE/plugins/com.st.stm32cube.ide.mcu.externaltools.gnu-tools-for-stm32.11.3.rel1.win32_1.1.1.202309131626/tools/bin/../lib/gcc/arm-none-eabi/11.3.1/../../../../arm-none-eabi/lib/thumb/v6-m/nofp\libc_nano.a(libc_a-closer.o)
                              C:/ST/STM32CubeIDE_1.13.2/STM32CubeIDE/plugins/com.st.stm32cube.ide.mcu.externaltools.gnu-tools-for-stm32.11.3.rel1.win32_1.1.1.202309131626/tools/bin/../lib/gcc/arm-none-eabi/11.3.1/../../../../arm-none-eabi/lib/thumb/v6-m/nofp\libc_nano.a(libc_a-stdio.o) (_close_r)
C:/ST/STM32CubeIDE_1.13.2/STM32CubeIDE/plugins/com.st.stm32cube.ide.mcu.externaltools.gnu-tools-for-stm32.11.3.rel1.win32_1.1.1.202309131626/tools/bin/../lib/gcc/arm-none-eabi/11.3.1/../../../../arm-none-eabi/lib/thumb/v6-m/nofp\libc_nano.a(libc_a-reent.o)
                              C:/ST/STM32CubeIDE_1.13.2/STM32CubeIDE/plugins/com.st.stm32cube.ide.mcu.externaltools.gnu-tools-for-stm32.11.3.rel1.win32_1.1.1.202309131626/tools/bin/../lib/gcc/arm-none-eabi/11.3.1/../../../../arm-none-eabi/lib/thumb/v6-m/nofp\libc_nano.a(libc_a-closer.o) (errno)
[...]
Memory Configuration

Name             Origin             Length             Attributes
RAM              0x0000000020000000 0x0000000000004000 xrw
FLASH            0x0000000008000000 0x0000000000020000 xr
*default*        0x0000000000000000 0xffffffffffffffff

Linker script and memory map

LOAD C:/ST/STM32CubeIDE_1.13.2/STM32CubeIDE/plugins/com.st.stm32cube.ide.mcu.externaltools.gnu-tools-for-stm32.11.3.rel1.win32_1.1.1.202309131626/tools/bin/../lib/gcc/arm-none-eabi/11.3.1/thumb/v6-m/nofp/crti.o
LOAD C:/ST/STM32CubeIDE_1.13.2/STM32CubeIDE/plugins/com.st.stm32cube.ide.mcu.externaltools.gnu-tools-for-stm32.11.3.rel1.win32_1.1.1.202309131626/tools/bin/../lib/gcc/arm-none-eabi/11.3.1/thumb/v6-m/nofp/crtbegin.o
LOAD C:/ST/STM32CubeIDE_1.13.2/STM32CubeIDE/plugins/com.st.stm32cube.ide.mcu.externaltools.gnu-tools-for-stm32.11.3.rel1.win32_1.1.1.202309131626/tools/bin/../lib/gcc/arm-none-eabi/11.3.1/../../../../arm-none-eabi/lib/thumb/v6-m/nofp/crt0.o
LOAD ./Core/Src/ADC.o
LOAD ./Core/Src/CAN.o
LOAD ./Core/Src/DISPLAYFUN.o
LOAD ./Core/Src/ERROR.o
LOAD ./Core/Src/LOOP_TIMER.o
LOAD ./Core/Src/RGBLED.o
LOAD ./Core/Src/main.o
LOAD ./Core/Src/stm32f0xx_hal_msp.o
LOAD ./Core/Src/stm32f0xx_it.o
LOAD ./Core/Src/syscalls.o
LOAD ./Core/Src/sysmem.o
LOAD ./Core/Src/system_stm32f0xx.o
LOAD ./Core/Startup/startup_stm32f072rbtx.o
LOAD ./Drivers/SSD1306/ssd1306.o
LOAD ./Drivers/SSD1306/ssd1306_fonts.o
LOAD ./Drivers/STM32F0xx_HAL_Driver/Src/stm32f0xx_hal.o
LOAD ./Drivers/STM32F0xx_HAL_Driver/Src/stm32f0xx_hal_adc.o
LOAD ./Drivers/STM32F0xx_HAL_Driver/Src/stm32f0xx_hal_adc_ex.o
LOAD ./Drivers/STM32F0xx_HAL_Driver/Src/stm32f0xx_hal_can.o
LOAD ./Drivers/STM32F0xx_HAL_Driver/Src/stm32f0xx_hal_cortex.o
LOAD ./Drivers/STM32F0xx_HAL_Driver/Src/stm32f0xx_hal_dma.o
LOAD ./Drivers/STM32F0xx_HAL_Driver/Src/stm32f0xx_hal_exti.o
LOAD ./Drivers/STM32F0xx_HAL_Driver/Src/stm32f0xx_hal_flash.o
LOAD ./Drivers/STM32F0xx_HAL_Driver/Src/stm32f0xx_hal_flash_ex.o
LOAD ./Drivers/STM32F0xx_HAL_Driver/Src/stm32f0xx_hal_gpio.o
LOAD ./Drivers/STM32F0xx_HAL_Driver/Src/stm32f0xx_hal_i2c.o
LOAD ./Drivers/STM32F0xx_HAL_Driver/Src/stm32f0xx_hal_i2c_ex.o
LOAD ./Drivers/STM32F0xx_HAL_Driver/Src/stm32f0xx_hal_pwr.o
LOAD ./Drivers/STM32F0xx_HAL_Driver/Src/stm32f0xx_hal_pwr_ex.o
LOAD ./Drivers/STM32F0xx_HAL_Driver/Src/stm32f0xx_hal_rcc.o
LOAD ./Drivers/STM32F0xx_HAL_Driver/Src/stm32f0xx_hal_rcc_ex.o
LOAD ./Drivers/STM32F0xx_HAL_Driver/Src/stm32f0xx_hal_spi.o
LOAD ./Drivers/STM32F0xx_HAL_Driver/Src/stm32f0xx_hal_spi_ex.o
LOAD ./Drivers/STM32F0xx_HAL_Driver/Src/stm32f0xx_hal_tim.o
LOAD ./Drivers/STM32F0xx_HAL_Driver/Src/stm32f0xx_hal_tim_ex.o
START GROUP
LOAD C:/ST/STM32CubeIDE_1.13.2/STM32CubeIDE/plugins/com.st.stm32cube.ide.mcu.externaltools.gnu-tools-for-stm32.11.3.rel1.win32_1.1.1.202309131626/tools/bin/../lib/gcc/arm-none-eabi/11.3.1/../../../../arm-none-eabi/lib/thumb/v6-m/nofp\libc_nano.a
LOAD C:/ST/STM32CubeIDE_1.13.2/STM32CubeIDE/plugins/com.st.stm32cube.ide.mcu.externaltools.gnu-tools-for-stm32.11.3.rel1.win32_1.1.1.202309131626/tools/bin/../lib/gcc/arm-none-eabi/11.3.1/../../../../arm-none-eabi/lib/thumb/v6-m/nofp\libm.a
END GROUP
START GROUP
LOAD C:/ST/STM32CubeIDE_1.13.2/STM32CubeIDE/plugins/com.st.stm32cube.ide.mcu.externaltools.gnu-tools-for-stm32.11.3.rel1.win32_1.1.1.202309131626/tools/bin/../lib/gcc/arm-none-eabi/11.3.1/thumb/v6-m/nofp\libgcc.a
LOAD C:/ST/STM32CubeIDE_1.13.2/STM32CubeIDE/plugins/com.st.stm32cube.ide.mcu.externaltools.gnu-tools-for-stm32.11.3.rel1.win32_1.1.1.202309131626/tools/bin/../lib/gcc/arm-none-eabi/11.3.1/../../../../arm-none-eabi/lib/thumb/v6-m/nofp\libc_nano.a
END GROUP
START GROUP
LOAD C:/ST/STM32CubeIDE_1.13.2/STM32CubeIDE/plugins/com.st.stm32cube.ide.mcu.externaltools.gnu-tools-for-stm32.11.3.rel1.win32_1.1.1.202309131626/tools/bin/../lib/gcc/arm-none-eabi/11.3.1/thumb/v6-m/nofp\libgcc.a
LOAD C:/ST/STM32CubeIDE_1.13.2/STM32CubeIDE/plugins/com.st.stm32cube.ide.mcu.externaltools.gnu-tools-for-stm32.11.3.rel1.win32_1.1.1.202309131626/tools/bin/../lib/gcc/arm-none-eabi/11.3.1/../../../../arm-none-eabi/lib/thumb/v6-m/nofp\libc_nano.a
LOAD C:/ST/STM32CubeIDE_1.13.2/STM32CubeIDE/plugins/com.st.stm32cube.ide.mcu.externaltools.gnu-tools-for-stm32.11.3.rel1.win32_1.1.1.202309131626/tools/bin/../lib/gcc/arm-none-eabi/11.3.1/../../../../arm-none-eabi/lib/thumb/v6-m/nofp\libnosys.a
END GROUP
START GROUP
LOAD C:/ST/STM32CubeIDE_1.13.2/STM32CubeIDE/plugins/com.st.stm32cube.ide.mcu.externaltools.gnu-tools-for-stm32.11.3.rel1.win32_1.1.1.202309131626/tools/bin/../lib/gcc/arm-none-eabi/11.3.1/thumb/v6-m/nofp\libgcc.a
LOAD C:/ST/STM32CubeIDE_1.13.2/STM32CubeIDE/plugins/com.st.stm32cube.ide.mcu.externaltools.gnu-tools-for-stm32.11.3.rel1.win32_1.1.1.202309131626/tools/bin/../lib/gcc/arm-none-eabi/11.3.1/../../../../arm-none-eabi/lib/thumb/v6-m/nofp\libc_nano.a
LOAD C:/ST/STM32CubeIDE_1.13.2/STM32CubeIDE/plugins/com.st.stm32cube.ide.mcu.externaltools.gnu-tools-for-stm32.11.3.rel1.win32_1.1.1.202309131626/tools/bin/../lib/gcc/arm-none-eabi/11.3.1/../../../../arm-none-eabi/lib/thumb/v6-m/nofp\libnosys.a
END GROUP
LOAD C:/ST/STM32CubeIDE_1.13.2/STM32CubeIDE/plugins/com.st.stm32cube.ide.mcu.externaltools.gnu-tools-for-stm32.11.3.rel1.win32_1.1.1.202309131626/tools/bin/../lib/gcc/arm-none-eabi/11.3.1/thumb/v6-m/nofp/crtend.o
LOAD C:/ST/STM32CubeIDE_1.13.2/STM32CubeIDE/plugins/com.st.stm32cube.ide.mcu.externaltools.gnu-tools-for-stm32.11.3.rel1.win32_1.1.1.202309131626/tools/bin/../lib/gcc/arm-none-eabi/11.3.1/thumb/v6-m/nofp/crtn.o
                0x0000000020004000                _estack = (ORIGIN (RAM) + LENGTH (RAM))
                0x0000000000000200                _Min_Heap_Size = 0x200
                0x0000000000000400                _Min_Stack_Size = 0x400

.isr_vector     0x0000000008000000       0xc0
                0x0000000008000000                . = ALIGN (0x4)
 *(.isr_vector)
 .isr_vector    0x0000000008000000       0xc0 ./Core/Startup/startup_stm32f072rbtx.o
                0x0000000008000000                g_pfnVectors
                0x00000000080000c0                . = ALIGN (0x4)

.text           0x00000000080000c0     0x7df4
                0x00000000080000c0                . = ALIGN (0x4)
 *(.text)
 .text          0x00000000080000c0       0x48 C:/ST/STM32CubeIDE_1.13.2/STM32CubeIDE/plugins/com.st.stm32cube.ide.mcu.externaltools.gnu-tools-for-stm32.11.3.rel1.win32_1.1.1.202309131626/tools/bin/../lib/gcc/arm-none-eabi/11.3.1/thumb/v6-m/nofp/crtbegin.o
 .text          0x0000000008000108        0xe C:/ST/STM32CubeIDE_1.13.2/STM32CubeIDE/plugins/com.st.stm32cube.ide.mcu.externaltools.gnu-tools-for-stm32.11.3.rel1.win32_1.1.1.202309131626/tools/bin/../lib/gcc/arm-none-eabi/11.3.1/../../../../arm-none-eabi/lib/thumb/v6-m/nofp\libc_nano.a(libc_a-strlen.o)
                0x0000000008000108                strlen
 *fill*         0x0000000008000116        0x2 
 .text          0x0000000008000118       0x14 C:/ST/STM32CubeIDE_1.13.2/STM32CubeIDE/plugins/com.st.stm32cube.ide.mcu.externaltools.gnu-tools-for-stm32.11.3.rel1.win32_1.1.1.202309131626/tools/bin/../lib/gcc/arm-none-eabi/11.3.1/thumb/v6-m/nofp\libgcc.a(_thumb1_case_shi.o)
                0x0000000008000118                __gnu_thumb1_case_shi
 .text          0x000000000800012c      0x114 C:/ST/STM32CubeIDE_1.13.2/STM32CubeIDE/plugins/com.st.stm32cube.ide.mcu.externaltools.gnu-tools-for-stm32.11.3.rel1.win32_1.1.1.202309131626/tools/bin/../lib/gcc/arm-none-eabi/11.3.1/thumb/v6-m/nofp\libgcc.a(_udivsi3.o)
                0x000000000800012c                __aeabi_uidiv
                0x000000000800012c                __udivsi3
                0x0000000008000238                __aeabi_uidivmod
 .text          0x0000000008000240      0x1d4 C:/ST/STM32CubeIDE_1.13.2/STM32CubeIDE/plugins/com.st.stm32cube.ide.mcu.externaltools.gnu-tools-for-stm32.11.3.rel1.win32_1.1.1.202309131626/tools/bin/../lib/gcc/arm-none-eabi/11.3.1/thumb/v6-m/nofp\libgcc.a(_divsi3.o)
                0x0000000008000240                __divsi3
                0x0000000008000240                __aeabi_idiv
                0x000000000800040c                __aeabi_idivmod
 .text          0x0000000008000414        0x4 C:/ST/STM32CubeIDE_1.13.2/STM32CubeIDE/plugins/com.st.stm32cube.ide.mcu.externaltools.gnu-tools-for-stm32.11.3.rel1.win32_1.1.1.202309131626/tools/bin/../lib/gcc/arm-none-eabi/11.3.1/thumb/v6-m/nofp\libgcc.a(_dvmd_tls.o)
                0x0000000008000414                __aeabi_idiv0
                0x0000000008000414                __aeabi_ldiv0
 *(.text*)
 .text.write_ctrl
                0x0000000008000418       0x58 ./Core/Src/ADC.o
 .text.write_ntc
                0x0000000008000470       0x5c ./Core/Src/ADC.o
 .text.ADC_CtrlInitDefaults
                0x00000000080004cc       0x64 ./Core/Src/ADC.o
                0x00000000080004cc                ADC_CtrlInitDefaults
 .text.ADC_CtrlApply
                0x0000000008000530       0x5e ./Core/Src/ADC.o
                0x0000000008000530                ADC_CtrlApply
 *fill*         0x000000000800058e        0x2 
 .text.ADC_CtrlGet
                0x0000000008000590       0x58 ./Core/Src/ADC.o
                0x0000000008000590                ADC_CtrlGet
 .text.ADC_FlushChannel
                0x00000000080005e8       0x4c ./Core/Src/ADC.o
                0x00000000080005e8                ADC_FlushChannel
 .text.ADC_HandleCAN
                0x0000000008000634       0xa0 ./Core/Src/ADC.o
                0x0000000008000634                ADC_HandleCAN
 .text.ADC_SendCurrentConfig
                0x00000000080006d4       0x9c ./Core/Src/ADC.o
                0x00000000080006d4                ADC_SendCurrentConfig
 .text.ADC_Init
                0x0000000008000770       0x3c ./Core/Src/ADC.o
                0x0000000008000770                ADC_Init
 .text.HAL_ADC_ConvCpltCallback
                0x00000000080007ac       0x24 ./Core/Src/ADC.o
                0x00000000080007ac                HAL_ADC_ConvCpltCallback
 .text.HAL_ADC_ErrorCallback
                0x00000000080007d0       0x48 ./Core/Src/ADC.o
                0x00000000080007d0                HAL_ADC_ErrorCallback
 .text.ADC_Update
                0x0000000008000818      0x130 ./Core/Src/ADC.o
                0x0000000008000818                ADC_Update
 .text.ADC_GetAverage
                0x0000000008000948       0xa8 ./Core/Src/ADC.o
                0x0000000008000948                ADC_GetAverage
 .text.CAN_RegisterRxCallback
                0x00000000080009f0       0x1c ./Core/Src/CAN.o
                0x00000000080009f0                CAN_RegisterRxCallback
 .text.HAL_CAN_RxFifo0MsgPendingCallback
                0x0000000008000a0c      0x190 ./Core/Src/CAN.o
                0x0000000008000a0c                HAL_CAN_RxFifo0MsgPendingCallback
 .text.CAN_Init
                0x0000000008000b9c       0xb0 ./Core/Src/CAN.o
                0x0000000008000b9c                CAN_Init
 .text.TxQueue_IsFull
                0x0000000008000c4c       0x40 ./Core/Src/CAN.o
 .text.TxQueue_IsEmpty
                0x0000000008000c8c       0x28 ./Core/Src/CAN.o
 .text.TxQueue_Push
                0x0000000008000cb4       0x5c ./Core/Src/CAN.o
 .text.TxQueue_Peek
                0x0000000008000d10       0x34 ./Core/Src/CAN.o
 .text.TxQueue_Pop
                0x0000000008000d44       0x38 ./Core/Src/CAN.o
 .text.CAN_ProcessTxQueue
                0x0000000008000d7c       0xa8 ./Core/Src/CAN.o
 .text.HAL_CAN_TxMailbox0CompleteCallback
                0x0000000008000e24       0x14 ./Core/Src/CAN.o
                0x0000000008000e24                HAL_CAN_TxMailbox0CompleteCallback
 .text.HAL_CAN_TxMailbox1CompleteCallback
                0x0000000008000e38       0x14 ./Core/Src/CAN.o
                0x0000000008000e38                HAL_CAN_TxMailbox1CompleteCallback
 .text.HAL_CAN_TxMailbox2CompleteCallback
                0x0000000008000e4c       0x14 ./Core/Src/CAN.o
                0x0000000008000e4c                HAL_CAN_TxMailbox2CompleteCallback
 .text.CAN_QueueMessage
                0x0000000008000e60       0x2a ./Core/Src/CAN.o
                0x0000000008000e60                CAN_QueueMessage
 *fill*         0x0000000008000e8a        0x2 
 .text.CAN_GetMessage
                0x0000000008000e8c       0x68 ./Core/Src/CAN.o
                0x0000000008000e8c                CAN_GetMessage
 .text.idx      0x0000000008000ef4       0x2e ./Core/Src/DISPLAYFUN.o
 .text.clear_mem
                0x0000000008000f22       0x1c ./Core/Src/DISPLAYFUN.o
 *fill*         0x0000000008000f3e        0x2 
 .text.DISP_GoHome
                0x0000000008000f40       0x18 ./Core/Src/DISPLAYFUN.o
                0x0000000008000f40                DISP_GoHome
 .text.DISP_SendStatus
                0x0000000008000f58       0x3e ./Core/Src/DISPLAYFUN.o
                0x0000000008000f58                DISP_SendStatus
 *fill*         0x0000000008000f96        0x2 
 .text.DISP_Init
                0x0000000008000f98       0x70 ./Core/Src/DISPLAYFUN.o
                0x0000000008000f98                DISP_Init
 .text.DISP_SetPage
                0x0000000008001008       0x30 ./Core/Src/DISPLAYFUN.o
                0x0000000008001008                DISP_SetPage
 .text.DISP_GetPage
                0x0000000008001038       0x14 ./Core/Src/DISPLAYFUN.o
                0x0000000008001038                DISP_GetPage
 .text.DISP_Render
                0x000000000800104c       0x90 ./Core/Src/DISPLAYFUN.o
                0x000000000800104c                DISP_Render
 .text.DISP_WriteText
                0x00000000080010dc       0xbc ./Core/Src/DISPLAYFUN.o
                0x00000000080010dc                DISP_WriteText
 .text.DISP_WriteNumber
                0x0000000008001198      0x854 ./Core/Src/DISPLAYFUN.o
                0x0000000008001198                DISP_WriteNumber
 .text.DISP_WriteLapTime
                0x00000000080019ec       0x8c ./Core/Src/DISPLAYFUN.o
                0x00000000080019ec                DISP_WriteLapTime
 .text.DISP_HandleCAN
                0x0000000008001a78       0x5e ./Core/Src/DISPLAYFUN.o
                0x0000000008001a78                DISP_HandleCAN
 *fill*         0x0000000008001ad6        0x2 
 .text.Display_ErrorStatus
                0x0000000008001ad8       0xbc ./Core/Src/DISPLAYFUN.o
                0x0000000008001ad8                Display_ErrorStatus
 .text.DISP_ShowBootLogoEx
                0x0000000008001b94       0xde ./Core/Src/DISPLAYFUN.o
                0x0000000008001b94                DISP_ShowBootLogoEx
 .text.XBM_GetBit
                0x0000000008001c72       0xb8 ./Core/Src/DISPLAYFUN.o
 .text.BLIT_XBM_ToDisplay
                0x0000000008001d2a      0x200 ./Core/Src/DISPLAYFUN.o
 *fill*         0x0000000008001f2a        0x2 
 .text.Error_Register
                0x0000000008001f2c       0x3c ./Core/Src/ERROR.o
                0x0000000008001f2c                Error_Register
 .text.Error_Clear
                0x0000000008001f68       0x40 ./Core/Src/ERROR.o
                0x0000000008001f68                Error_Clear
 .text.Error_GetAll
                0x0000000008001fa8       0x14 ./Core/Src/ERROR.o
                0x0000000008001fa8                Error_GetAll
 .text.Error_LED_Update
                0x0000000008001fbc       0x48 ./Core/Src/ERROR.o
                0x0000000008001fbc                Error_LED_Update
 .text.RGBLED_Init
                0x0000000008002004       0x6c ./Core/Src/RGBLED.o
                0x0000000008002004                RGBLED_Init
 .text.RGBLED_Set
                0x0000000008002070       0x90 ./Core/Src/RGBLED.o
                0x0000000008002070                RGBLED_Set
 .text.RGBLED_Update
                0x0000000008002100      0x12c ./Core/Src/RGBLED.o
                0x0000000008002100                RGBLED_Update
 .text.RGBLED_TestPattern
                0x000000000800222c       0x9c ./Core/Src/RGBLED.o
                0x000000000800222c                RGBLED_TestPattern
 .text.RGBLED_HandleCAN
                0x00000000080022c8       0xcc ./Core/Src/RGBLED.o
                0x00000000080022c8                RGBLED_HandleCAN
 .text.RGBLED_TimeoutCheck
                0x0000000008002394       0x9c ./Core/Src/RGBLED.o
                0x0000000008002394                RGBLED_TimeoutCheck
 .text.RGBLED_AllOff
                0x0000000008002430       0x3c ./Core/Src/RGBLED.o
                0x0000000008002430                RGBLED_AllOff
 .text.loop_init
                0x000000000800246c       0x44 ./Core/Src/main.o
                0x000000000800246c                loop_init
 .text.loop_due
                0x00000000080024b0       0x4c ./Core/Src/main.o
                0x00000000080024b0                loop_due
 .text.loop_start
                0x00000000080024fc       0x34 ./Core/Src/main.o
                0x00000000080024fc                loop_start
 .text.loop_end
                0x0000000008002530       0x84 ./Core/Src/main.o
                0x0000000008002530                loop_end
 .text.DISP_WriteLabel
                0x00000000080025b4       0x2c ./Core/Src/main.o
 .text.init_loops.0
                0x00000000080025e0       0x50 ./Core/Src/main.o
 .text.main     0x0000000008002630      0x420 ./Core/Src/main.o
                0x0000000008002630                main
 .text.SystemClock_Config
                0x0000000008002a50       0x90 ./Core/Src/main.o
                0x0000000008002a50                SystemClock_Config
 .text.MX_ADC_Init
                0x0000000008002ae0      0x104 ./Core/Src/main.o
 .text.MX_CAN_Init
                0x0000000008002be4       0x74 ./Core/Src/main.o
 .text.MX_SPI1_Init
                0x0000000008002c58       0x7c ./Core/Src/main.o
 .text.MX_SPI2_Init
                0x0000000008002cd4       0x7c ./Core/Src/main.o
 .text.MX_TIM2_Init
                0x0000000008002d50       0xa8 ./Core/Src/main.o
 .text.MX_DMA_Init
                0x0000000008002df8       0x3c ./Core/Src/main.o
 .text.MX_GPIO_Init
                0x0000000008002e34      0x234 ./Core/Src/main.o
 .text.Error_Handler
                0x0000000008003068        0xa ./Core/Src/main.o
                0x0000000008003068                Error_Handler
 *fill*         0x0000000008003072        0x2 
 .text.HAL_MspInit
                0x0000000008003074       0x48 ./Core/Src/stm32f0xx_hal_msp.o
                0x0000000008003074                HAL_MspInit
 .text.HAL_ADC_MspInit
                0x00000000080030bc       0xf4 ./Core/Src/stm32f0xx_hal_msp.o
                0x00000000080030bc                HAL_ADC_MspInit
 .text.HAL_CAN_MspInit
                0x00000000080031b0       0xac ./Core/Src/stm32f0xx_hal_msp.o
                0x00000000080031b0                HAL_CAN_MspInit
 .text.HAL_SPI_MspInit
                0x000000000800325c      0x180 ./Core/Src/stm32f0xx_hal_msp.o
                0x000000000800325c                HAL_SPI_MspInit
 .text.HAL_TIM_Base_MspInit
                0x00000000080033dc       0x38 ./Core/Src/stm32f0xx_hal_msp.o
                0x00000000080033dc                HAL_TIM_Base_MspInit
 .text.NMI_Handler
                0x0000000008003414        0x6 ./Core/Src/stm32f0xx_it.o
                0x0000000008003414                NMI_Handler
 .text.HardFault_Handler
                0x000000000800341a        0x6 ./Core/Src/stm32f0xx_it.o
                0x000000000800341a                HardFault_Handler
 .text.SVC_Handler
                0x0000000008003420        0xa ./Core/Src/stm32f0xx_it.o
                0x0000000008003420                SVC_Handler
 .text.PendSV_Handler
                0x000000000800342a        0xa ./Core/Src/stm32f0xx_it.o
                0x000000000800342a                PendSV_Handler
 .text.SysTick_Handler
                0x0000000008003434       0x1c ./Core/Src/stm32f0xx_it.o
                0x0000000008003434                SysTick_Handler
 .text.DMA1_Channel1_IRQHandler
                0x0000000008003450       0x18 ./Core/Src/stm32f0xx_it.o
                0x0000000008003450                DMA1_Channel1_IRQHandler
 .text.ADC1_COMP_IRQHandler
                0x0000000008003468       0x18 ./Core/Src/stm32f0xx_it.o
                0x0000000008003468                ADC1_COMP_IRQHandler
 .text.SPI1_IRQHandler
                0x0000000008003480       0x18 ./Core/Src/stm32f0xx_it.o
                0x0000000008003480                SPI1_IRQHandler
 .text.SPI2_IRQHandler
                0x0000000008003498       0x18 ./Core/Src/stm32f0xx_it.o
                0x0000000008003498                SPI2_IRQHandler
 .text.CEC_CAN_IRQHandler
                0x00000000080034b0       0x18 ./Core/Src/stm32f0xx_it.o
                0x00000000080034b0                CEC_CAN_IRQHandler
 .text._sbrk    0x00000000080034c8       0x6c ./Core/Src/sysmem.o
                0x00000000080034c8                _sbrk
 .text.SystemInit
                0x0000000008003534        0xa ./Core/Src/system_stm32f0xx.o
                0x0000000008003534                SystemInit
 *fill*         0x000000000800353e        0x2 
 .text.Reset_Handler
                0x0000000008003540       0x50 ./Core/Startup/startup_stm32f072rbtx.o
                0x0000000008003540                Reset_Handler
 .text.Default_Handler
                0x0000000008003590        0x2 ./Core/Startup/startup_stm32f072rbtx.o
                0x0000000008003590                TIM1_CC_IRQHandler
                0x0000000008003590                TSC_IRQHandler
                0x0000000008003590                I2C1_IRQHandler
                0x0000000008003590                RCC_CRS_IRQHandler
                0x0000000008003590                TIM6_DAC_IRQHandler
                0x0000000008003590                USART3_4_IRQHandler
                0x0000000008003590                EXTI2_3_IRQHandler
                0x0000000008003590                I2C2_IRQHandler
                0x0000000008003590                TIM17_IRQHandler
                0x0000000008003590                RTC_IRQHandler
                0x0000000008003590                PVD_VDDIO2_IRQHandler
                0x0000000008003590                DMA1_Channel4_5_6_7_IRQHandler
                0x0000000008003590                TIM16_IRQHandler
                0x0000000008003590                TIM3_IRQHandler
                0x0000000008003590                EXTI4_15_IRQHandler
                0x0000000008003590                Default_Handler
                0x0000000008003590                TIM14_IRQHandler
                0x0000000008003590                TIM7_IRQHandler
                0x0000000008003590                TIM15_IRQHandler
                0x0000000008003590                EXTI0_1_IRQHandler
                0x0000000008003590                USB_IRQHandler
                0x0000000008003590                WWDG_IRQHandler
                0x0000000008003590                TIM2_IRQHandler
                0x0000000008003590                DMA1_Channel2_3_IRQHandler
                0x0000000008003590                USART2_IRQHandler
                0x0000000008003590                FLASH_IRQHandler
                0x0000000008003590                USART1_IRQHandler
                0x0000000008003590                TIM1_BRK_UP_TRG_COM_IRQHandler
 *fill*         0x0000000008003592        0x2 
 .text.ssd1306_Reset
                0x0000000008003594       0x40 ./Drivers/SSD1306/ssd1306.o
                0x0000000008003594                ssd1306_Reset
 .text.ssd1306_WriteCommand
                0x00000000080035d4       0x50 ./Drivers/SSD1306/ssd1306.o
                0x00000000080035d4                ssd1306_WriteCommand
 .text.ssd1306_WriteData
                0x0000000008003624       0x50 ./Drivers/SSD1306/ssd1306.o
                0x0000000008003624                ssd1306_WriteData
 .text.ssd1306_Init
                0x0000000008003674       0xd8 ./Drivers/SSD1306/ssd1306.o
                0x0000000008003674                ssd1306_Init
 .text.ssd1306_Fill
                0x000000000800374c       0x34 ./Drivers/SSD1306/ssd1306.o
                0x000000000800374c                ssd1306_Fill
 .text.ssd1306_UpdateScreen
                0x0000000008003780       0x5c ./Drivers/SSD1306/ssd1306.o
                0x0000000008003780                ssd1306_UpdateScreen
 .text.ssd1306_DrawPixel
                0x00000000080037dc       0xc4 ./Drivers/SSD1306/ssd1306.o
                0x00000000080037dc                ssd1306_DrawPixel
 .text.ssd1306_WriteChar
                0x00000000080038a0      0x154 ./Drivers/SSD1306/ssd1306.o
                0x00000000080038a0                ssd1306_WriteChar
 .text.ssd1306_WriteString
                0x00000000080039f4       0x56 ./Drivers/SSD1306/ssd1306.o
                0x00000000080039f4                ssd1306_WriteString
 *fill*         0x0000000008003a4a        0x2 
 .text.ssd1306_SetCursor
                0x0000000008003a4c       0x34 ./Drivers/SSD1306/ssd1306.o
                0x0000000008003a4c                ssd1306_SetCursor
 .text.ssd1306_SetContrast
                0x0000000008003a80       0x30 ./Drivers/SSD1306/ssd1306.o
                0x0000000008003a80                ssd1306_SetContrast
 .text.ssd1306_SetDisplayOn
                0x0000000008003ab0       0x4c ./Drivers/SSD1306/ssd1306.o
                0x0000000008003ab0                ssd1306_SetDisplayOn
 .text.HAL_Init
                0x0000000008003afc       0x28 ./Drivers/STM32F0xx_HAL_Driver/Src/stm32f0xx_hal.o
                0x0000000008003afc                HAL_Init
 .text.HAL_InitTick
                0x0000000008003b24       0x68 ./Drivers/STM32F0xx_HAL_Driver/Src/stm32f0xx_hal.o
                0x0000000008003b24                HAL_InitTick
 .text.HAL_IncTick
                0x0000000008003b8c       0x24 ./Drivers/STM32F0xx_HAL_Driver/Src/stm32f0xx_hal.o
                0x0000000008003b8c                HAL_IncTick
 .text.HAL_GetTick
                0x0000000008003bb0       0x14 ./Drivers/STM32F0xx_HAL_Driver/Src/stm32f0xx_hal.o
                0x0000000008003bb0                HAL_GetTick
 .text.HAL_Delay
                0x0000000008003bc4       0x48 ./Drivers/STM32F0xx_HAL_Driver/Src/stm32f0xx_hal.o
                0x0000000008003bc4                HAL_Delay
 .text.HAL_ADC_Init
                0x0000000008003c0c      0x280 ./Drivers/STM32F0xx_HAL_Driver/Src/stm32f0xx_hal_adc.o
                0x0000000008003c0c                HAL_ADC_Init
 .text.HAL_ADC_Start_DMA
                0x0000000008003e8c      0x104 ./Drivers/STM32F0xx_HAL_Driver/Src/stm32f0xx_hal_adc.o
                0x0000000008003e8c                HAL_ADC_Start_DMA
 .text.HAL_ADC_IRQHandler
                0x0000000008003f90      0x148 ./Drivers/STM32F0xx_HAL_Driver/Src/stm32f0xx_hal_adc.o
                0x0000000008003f90                HAL_ADC_IRQHandler
 .text.HAL_ADC_ConvHalfCpltCallback
                0x00000000080040d8       0x10 ./Drivers/STM32F0xx_HAL_Driver/Src/stm32f0xx_hal_adc.o
                0x00000000080040d8                HAL_ADC_ConvHalfCpltCallback
 .text.HAL_ADC_LevelOutOfWindowCallback
                0x00000000080040e8       0x10 ./Drivers/STM32F0xx_HAL_Driver/Src/stm32f0xx_hal_adc.o
                0x00000000080040e8                HAL_ADC_LevelOutOfWindowCallback
 .text.HAL_ADC_ConfigChannel
                0x00000000080040f8      0x21c ./Drivers/STM32F0xx_HAL_Driver/Src/stm32f0xx_hal_adc.o
                0x00000000080040f8                HAL_ADC_ConfigChannel
 .text.HAL_ADC_GetError
                0x0000000008004314       0x14 ./Drivers/STM32F0xx_HAL_Driver/Src/stm32f0xx_hal_adc.o
                0x0000000008004314                HAL_ADC_GetError
 .text.ADC_Enable
                0x0000000008004328      0x108 ./Drivers/STM32F0xx_HAL_Driver/Src/stm32f0xx_hal_adc.o
 .text.ADC_DMAConvCplt
                0x0000000008004430       0xb4 ./Drivers/STM32F0xx_HAL_Driver/Src/stm32f0xx_hal_adc.o
 .text.ADC_DMAHalfConvCplt
                0x00000000080044e4       0x1e ./Drivers/STM32F0xx_HAL_Driver/Src/stm32f0xx_hal_adc.o
 .text.ADC_DMAError
                0x0000000008004502       0x36 ./Drivers/STM32F0xx_HAL_Driver/Src/stm32f0xx_hal_adc.o
 .text.HAL_ADCEx_Calibration_Start
                0x0000000008004538      0x150 ./Drivers/STM32F0xx_HAL_Driver/Src/stm32f0xx_hal_adc_ex.o
                0x0000000008004538                HAL_ADCEx_Calibration_Start
 .text.HAL_CAN_Init
                0x0000000008004688      0x1fc ./Drivers/STM32F0xx_HAL_Driver/Src/stm32f0xx_hal_can.o
                0x0000000008004688                HAL_CAN_Init
 .text.HAL_CAN_ConfigFilter
                0x0000000008004884      0x1e4 ./Drivers/STM32F0xx_HAL_Driver/Src/stm32f0xx_hal_can.o
                0x0000000008004884                HAL_CAN_ConfigFilter
 .text.HAL_CAN_Start
                0x0000000008004a68       0x8c ./Drivers/STM32F0xx_HAL_Driver/Src/stm32f0xx_hal_can.o
                0x0000000008004a68                HAL_CAN_Start
 .text.HAL_CAN_AddTxMessage
                0x0000000008004af4      0x1a4 ./Drivers/STM32F0xx_HAL_Driver/Src/stm32f0xx_hal_can.o
                0x0000000008004af4                HAL_CAN_AddTxMessage
 .text.HAL_CAN_IsTxMessagePending
                0x0000000008004c98       0x4e ./Drivers/STM32F0xx_HAL_Driver/Src/stm32f0xx_hal_can.o
                0x0000000008004c98                HAL_CAN_IsTxMessagePending
 .text.HAL_CAN_GetRxMessage
                0x0000000008004ce6      0x256 ./Drivers/STM32F0xx_HAL_Driver/Src/stm32f0xx_hal_can.o
                0x0000000008004ce6                HAL_CAN_GetRxMessage
 .text.HAL_CAN_ActivateNotification
                0x0000000008004f3c       0x54 ./Drivers/STM32F0xx_HAL_Driver/Src/stm32f0xx_hal_can.o
                0x0000000008004f3c                HAL_CAN_ActivateNotification
 .text.HAL_CAN_IRQHandler
                0x0000000008004f90      0x368 ./Drivers/STM32F0xx_HAL_Driver/Src/stm32f0xx_hal_can.o
                0x0000000008004f90                HAL_CAN_IRQHandler
 .text.HAL_CAN_TxMailbox0AbortCallback
                0x00000000080052f8       0x10 ./Drivers/STM32F0xx_HAL_Driver/Src/stm32f0xx_hal_can.o
                0x00000000080052f8                HAL_CAN_TxMailbox0AbortCallback
 .text.HAL_CAN_TxMailbox1AbortCallback
                0x0000000008005308       0x10 ./Drivers/STM32F0xx_HAL_Driver/Src/stm32f0xx_hal_can.o
                0x0000000008005308                HAL_CAN_TxMailbox1AbortCallback
 .text.HAL_CAN_TxMailbox2AbortCallback
                0x0000000008005318       0x10 ./Drivers/STM32F0xx_HAL_Driver/Src/stm32f0xx_hal_can.o
                0x0000000008005318                HAL_CAN_TxMailbox2AbortCallback
 .text.HAL_CAN_RxFifo0FullCallback
                0x0000000008005328       0x10 ./Drivers/STM32F0xx_HAL_Driver/Src/stm32f0xx_hal_can.o
                0x0000000008005328                HAL_CAN_RxFifo0FullCallback
 .text.HAL_CAN_RxFifo1MsgPendingCallback
                0x0000000008005338       0x10 ./Drivers/STM32F0xx_HAL_Driver/Src/stm32f0xx_hal_can.o
                0x0000000008005338                HAL_CAN_RxFifo1MsgPendingCallback
 .text.HAL_CAN_RxFifo1FullCallback
                0x0000000008005348       0x10 ./Drivers/STM32F0xx_HAL_Driver/Src/stm32f0xx_hal_can.o
                0x0000000008005348                HAL_CAN_RxFifo1FullCallback
 .text.HAL_CAN_SleepCallback
                0x0000000008005358       0x10 ./Drivers/STM32F0xx_HAL_Driver/Src/stm32f0xx_hal_can.o
                0x0000000008005358                HAL_CAN_SleepCallback
 .text.HAL_CAN_WakeUpFromRxMsgCallback
                0x0000000008005368       0x10 ./Drivers/STM32F0xx_HAL_Driver/Src/stm32f0xx_hal_can.o
                0x0000000008005368                HAL_CAN_WakeUpFromRxMsgCallback
 .text.HAL_CAN_ErrorCallback
                0x0000000008005378       0x10 ./Drivers/STM32F0xx_HAL_Driver/Src/stm32f0xx_hal_can.o
                0x0000000008005378                HAL_CAN_ErrorCallback
 .text.__NVIC_EnableIRQ
                0x0000000008005388       0x34 ./Drivers/STM32F0xx_HAL_Driver/Src/stm32f0xx_hal_cortex.o
 .text.__NVIC_SetPriority
                0x00000000080053bc       0xdc ./Drivers/STM32F0xx_HAL_Driver/Src/stm32f0xx_hal_cortex.o
 .text.SysTick_Config
                0x0000000008005498       0x48 ./Drivers/STM32F0xx_HAL_Driver/Src/stm32f0xx_hal_cortex.o
 .text.HAL_NVIC_SetPriority
                0x00000000080054e0       0x2a ./Drivers/STM32F0xx_HAL_Driver/Src/stm32f0xx_hal_cortex.o
                0x00000000080054e0                HAL_NVIC_SetPriority
 .text.HAL_NVIC_EnableIRQ
                0x000000000800550a       0x20 ./Drivers/STM32F0xx_HAL_Driver/Src/stm32f0xx_hal_cortex.o
                0x000000000800550a                HAL_NVIC_EnableIRQ
 .text.HAL_SYSTICK_Config
                0x000000000800552a       0x1a ./Drivers/STM32F0xx_HAL_Driver/Src/stm32f0xx_hal_cortex.o
                0x000000000800552a                HAL_SYSTICK_Config
 .text.HAL_DMA_Init
                0x0000000008005544       0x90 ./Drivers/STM32F0xx_HAL_Driver/Src/stm32f0xx_hal_dma.o
                0x0000000008005544                HAL_DMA_Init
 .text.HAL_DMA_Start_IT
                0x00000000080055d4       0xcc ./Drivers/STM32F0xx_HAL_Driver/Src/stm32f0xx_hal_dma.o
                0x00000000080055d4                HAL_DMA_Start_IT
 .text.HAL_DMA_Abort_IT
                0x00000000080056a0       0x8a ./Drivers/STM32F0xx_HAL_Driver/Src/stm32f0xx_hal_dma.o
                0x00000000080056a0                HAL_DMA_Abort_IT
 .text.HAL_DMA_IRQHandler
                0x000000000800572a      0x144 ./Drivers/STM32F0xx_HAL_Driver/Src/stm32f0xx_hal_dma.o
                0x000000000800572a                HAL_DMA_IRQHandler
 .text.DMA_SetConfig
                0x000000000800586e       0x58 ./Drivers/STM32F0xx_HAL_Driver/Src/stm32f0xx_hal_dma.o
 *fill*         0x00000000080058c6        0x2 
 .text.DMA_CalcBaseAndBitshift
                0x00000000080058c8       0x38 ./Drivers/STM32F0xx_HAL_Driver/Src/stm32f0xx_hal_dma.o
 .text.HAL_GPIO_Init
                0x0000000008005900      0x2f0 ./Drivers/STM32F0xx_HAL_Driver/Src/stm32f0xx_hal_gpio.o
                0x0000000008005900                HAL_GPIO_Init
 .text.HAL_GPIO_WritePin
                0x0000000008005bf0       0x3a ./Drivers/STM32F0xx_HAL_Driver/Src/stm32f0xx_hal_gpio.o
                0x0000000008005bf0                HAL_GPIO_WritePin
 .text.HAL_GPIO_TogglePin
                0x0000000008005c2a       0x36 ./Drivers/STM32F0xx_HAL_Driver/Src/stm32f0xx_hal_gpio.o
                0x0000000008005c2a                HAL_GPIO_TogglePin
 .text.HAL_RCC_OscConfig
                0x0000000008005c60      0x70c ./Drivers/STM32F0xx_HAL_Driver/Src/stm32f0xx_hal_rcc.o
                0x0000000008005c60                HAL_RCC_OscConfig
 .text.HAL_RCC_ClockConfig
                0x000000000800636c      0x1b4 ./Drivers/STM32F0xx_HAL_Driver/Src/stm32f0xx_hal_rcc.o
                0x000000000800636c                HAL_RCC_ClockConfig
 .text.HAL_RCC_GetSysClockFreq
                0x0000000008006520       0xe8 ./Drivers/STM32F0xx_HAL_Driver/Src/stm32f0xx_hal_rcc.o
                0x0000000008006520                HAL_RCC_GetSysClockFreq
 .text.HAL_SPI_Init
                0x0000000008006608      0x170 ./Drivers/STM32F0xx_HAL_Driver/Src/stm32f0xx_hal_spi.o
                0x0000000008006608                HAL_SPI_Init
 .text.HAL_SPI_Transmit
                0x0000000008006778      0x2be ./Drivers/STM32F0xx_HAL_Driver/Src/stm32f0xx_hal_spi.o
                0x0000000008006778                HAL_SPI_Transmit
 *fill*         0x0000000008006a36        0x2 
 .text.HAL_SPI_IRQHandler
                0x0000000008006a38      0x1d4 ./Drivers/STM32F0xx_HAL_Driver/Src/stm32f0xx_hal_spi.o
                0x0000000008006a38                HAL_SPI_IRQHandler
 .text.HAL_SPI_ErrorCallback
                0x0000000008006c0c       0x10 ./Drivers/STM32F0xx_HAL_Driver/Src/stm32f0xx_hal_spi.o
                0x0000000008006c0c                HAL_SPI_ErrorCallback
 .text.SPI_DMAAbortOnError
                0x0000000008006c1c       0x2c ./Drivers/STM32F0xx_HAL_Driver/Src/stm32f0xx_hal_spi.o
 .text.SPI_WaitFlagStateUntilTimeout
                0x0000000008006c48      0x11c ./Drivers/STM32F0xx_HAL_Driver/Src/stm32f0xx_hal_spi.o
 .text.SPI_WaitFifoStateUntilTimeout
                0x0000000008006d64      0x144 ./Drivers/STM32F0xx_HAL_Driver/Src/stm32f0xx_hal_spi.o
 .text.SPI_EndRxTxTransaction
                0x0000000008006ea8       0x8c ./Drivers/STM32F0xx_HAL_Driver/Src/stm32f0xx_hal_spi.o
 .text.HAL_TIM_Base_Init
                0x0000000008006f34       0xa0 ./Drivers/STM32F0xx_HAL_Driver/Src/stm32f0xx_hal_tim.o
                0x0000000008006f34                HAL_TIM_Base_Init
 .text.HAL_TIM_Base_Start
                0x0000000008006fd4       0x94 ./Drivers/STM32F0xx_HAL_Driver/Src/stm32f0xx_hal_tim.o
                0x0000000008006fd4                HAL_TIM_Base_Start
 .text.HAL_TIM_ConfigClockSource
                0x0000000008007068      0x1a8 ./Drivers/STM32F0xx_HAL_Driver/Src/stm32f0xx_hal_tim.o
                0x0000000008007068                HAL_TIM_ConfigClockSource
 .text.TIM_Base_SetConfig
                0x0000000008007210      0x100 ./Drivers/STM32F0xx_HAL_Driver/Src/stm32f0xx_hal_tim.o
                0x0000000008007210                TIM_Base_SetConfig
 .text.TIM_TI1_ConfigInputStage
                0x0000000008007310       0x5c ./Drivers/STM32F0xx_HAL_Driver/Src/stm32f0xx_hal_tim.o
 .text.TIM_TI2_ConfigInputStage
                0x000000000800736c       0x64 ./Drivers/STM32F0xx_HAL_Driver/Src/stm32f0xx_hal_tim.o
 .text.TIM_ITRx_SetConfig
                0x00000000080073d0       0x32 ./Drivers/STM32F0xx_HAL_Driver/Src/stm32f0xx_hal_tim.o
 *fill*         0x0000000008007402        0x2 
 .text.TIM_ETR_SetConfig
                0x0000000008007404       0x40 ./Drivers/STM32F0xx_HAL_Driver/Src/stm32f0xx_hal_tim.o
                0x0000000008007404                TIM_ETR_SetConfig
 .text.HAL_TIMEx_MasterConfigSynchronization
                0x0000000008007444       0xbc ./Drivers/STM32F0xx_HAL_Driver/Src/stm32f0xx_hal_tim_ex.o
                0x0000000008007444                HAL_TIMEx_MasterConfigSynchronization
 .text.snprintf
                0x0000000008007500       0x68 C:/ST/STM32CubeIDE_1.13.2/STM32CubeIDE/plugins/com.st.stm32cube.ide.mcu.externaltools.gnu-tools-for-stm32.11.3.rel1.win32_1.1.1.202309131626/tools/bin/../lib/gcc/arm-none-eabi/11.3.1/../../../../arm-none-eabi/lib/thumb/v6-m/nofp\libc_nano.a(libc_a-snprintf.o)
                0x0000000008007500                sniprintf
                0x0000000008007500                snprintf
 .text.memset   0x0000000008007568       0x10 C:/ST/STM32CubeIDE_1.13.2/STM32CubeIDE/plugins/com.st.stm32cube.ide.mcu.externaltools.gnu-tools-for-stm32.11.3.rel1.win32_1.1.1.202309131626/tools/bin/../lib/gcc/arm-none-eabi/11.3.1/../../../../arm-none-eabi/lib/thumb/v6-m/nofp\libc_nano.a(libc_a-memset.o)
                0x0000000008007568                memset
 .text.strncpy  0x0000000008007578       0x28 C:/ST/STM32CubeIDE_1.13.2/STM32CubeIDE/plugins/com.st.stm32cube.ide.mcu.externaltools.gnu-tools-for-stm32.11.3.rel1.win32_1.1.1.202309131626/tools/bin/../lib/gcc/arm-none-eabi/11.3.1/../../../../arm-none-eabi/lib/thumb/v6-m/nofp\libc_nano.a(libc_a-strncpy.o)
                0x0000000008007578                strncpy
 .text.__errno  0x00000000080075a0        0xc C:/ST/STM32CubeIDE_1.13.2/STM32CubeIDE/plugins/com.st.stm32cube.ide.mcu.externaltools.gnu-tools-for-stm32.11.3.rel1.win32_1.1.1.202309131626/tools/bin/../lib/gcc/arm-none-eabi/11.3.1/../../../../arm-none-eabi/lib/thumb/v6-m/nofp\libc_nano.a(libc_a-errno.o)
                0x00000000080075a0                __errno
 .text.__libc_init_array
                0x00000000080075ac       0x48 C:/ST/STM32CubeIDE_1.13.2/STM32CubeIDE/plugins/com.st.stm32cube.ide.mcu.externaltools.gnu-tools-for-stm32.11.3.rel1.win32_1.1.1.202309131626/tools/bin/../lib/gcc/arm-none-eabi/11.3.1/../../../../arm-none-eabi/lib/thumb/v6-m/nofp\libc_nano.a(libc_a-init.o)
                0x00000000080075ac                __libc_init_array
 .text.__retarget_lock_acquire_recursive
                0x00000000080075f4        0x2 C:/ST/STM32CubeIDE_1.13.2/STM32CubeIDE/plugins/com.st.stm32cube.ide.mcu.externaltools.gnu-tools-for-stm32.11.3.rel1.win32_1.1.1.202309131626/tools/bin/../lib/gcc/arm-none-eabi/11.3.1/../../../../arm-none-eabi/lib/thumb/v6-m/nofp\libc_nano.a(libc_a-lock.o)
                0x00000000080075f4                __retarget_lock_acquire_recursive
 .text.__retarget_lock_release_recursive
                0x00000000080075f6        0x2 C:/ST/STM32CubeIDE_1.13.2/STM32CubeIDE/plugins/com.st.stm32cube.ide.mcu.externaltools.gnu-tools-for-stm32.11.3.rel1.win32_1.1.1.202309131626/tools/bin/../lib/gcc/arm-none-eabi/11.3.1/../../../../arm-none-eabi/lib/thumb/v6-m/nofp\libc_nano.a(libc_a-lock.o)
                0x00000000080075f6                __retarget_lock_release_recursive
 .text.memcpy   0x00000000080075f8       0x12 C:/ST/STM32CubeIDE_1.13.2/STM32CubeIDE/plugins/com.st.stm32cube.ide.mcu.externaltools.gnu-tools-for-stm32.11.3.rel1.win32_1.1.1.202309131626/tools/bin/../lib/gcc/arm-none-eabi/11.3.1/../../../../arm-none-eabi/lib/thumb/v6-m/nofp\libc_nano.a(libc_a-memcpy-stub.o)
                0x00000000080075f8                memcpy
 *fill*         0x000000000800760a        0x2 
 .text._free_r  0x000000000800760c       0x94 C:/ST/STM32CubeIDE_1.13.2/STM32CubeIDE/plugins/com.st.stm32cube.ide.mcu.externaltools.gnu-tools-for-stm32.11.3.rel1.win32_1.1.1.202309131626/tools/bin/../lib/gcc/arm-none-eabi/11.3.1/../../../../arm-none-eabi/lib/thumb/v6-m/nofp\libc_nano.a(libc_a-freer.o)
                0x000000000800760c                _free_r
 .text.sbrk_aligned
                0x00000000080076a0       0x44 C:/ST/STM32CubeIDE_1.13.2/STM32CubeIDE/plugins/com.st.stm32cube.ide.mcu.externaltools.gnu-tools-for-stm32.11.3.rel1.win32_1.1.1.202309131626/tools/bin/../lib/gcc/arm-none-eabi/11.3.1/../../../../arm-none-eabi/lib/thumb/v6-m/nofp\libc_nano.a(libc_a-mallocr.o)
 .text._malloc_r
                0x00000000080076e4      0x104 C:/ST/STM32CubeIDE_1.13.2/STM32CubeIDE/plugins/com.st.stm32cube.ide.mcu.externaltools.gnu-tools-for-stm32.11.3.rel1.win32_1.1.1.202309131626/tools/bin/../lib/gcc/arm-none-eabi/11.3.1/../../../../arm-none-eabi/lib/thumb/v6-m/nofp\libc_nano.a(libc_a-mallocr.o)
                0x00000000080076e4                _malloc_r
 .text.__malloc_lock
                0x00000000080077e8       0x10 C:/ST/STM32CubeIDE_1.13.2/STM32CubeIDE/plugins/com.st.stm32cube.ide.mcu.externaltools.gnu-tools-for-stm32.11.3.rel1.win32_1.1.1.202309131626/tools/bin/../lib/gcc/arm-none-eabi/11.3.1/../../../../arm-none-eabi/lib/thumb/v6-m/nofp\libc_nano.a(libc_a-mlock.o)
                0x00000000080077e8                __malloc_lock
 .text.__malloc_unlock
                0x00000000080077f8       0x10 C:/ST/STM32CubeIDE_1.13.2/STM32CubeIDE/plugins/com.st.stm32cube.ide.mcu.externaltools.gnu-tools-for-stm32.11.3.rel1.win32_1.1.1.202309131626/tools/bin/../lib/gcc/arm-none-eabi/11.3.1/../../../../arm-none-eabi/lib/thumb/v6-m/nofp\libc_nano.a(libc_a-mlock.o)
                0x00000000080077f8                __malloc_unlock
 .text.__ssputs_r
                0x0000000008007808       0xc4 C:/ST/STM32CubeIDE_1.13.2/STM32CubeIDE/plugins/com.st.stm32cube.ide.mcu.externaltools.gnu-tools-for-stm32.11.3.rel1.win32_1.1.1.202309131626/tools/bin/../lib/gcc/arm-none-eabi/11.3.1/../../../../arm-none-eabi/lib/thumb/v6-m/nofp\libc_nano.a(libc_a-nano-svfprintf.o)
                0x0000000008007808                __ssputs_r
 .text._svfprintf_r
                0x00000000080078cc      0x200 C:/ST/STM32CubeIDE_1.13.2/STM32CubeIDE/plugins/com.st.stm32cube.ide.mcu.externaltools.gnu-tools-for-stm32.11.3.rel1.win32_1.1.1.202309131626/tools/bin/../lib/gcc/arm-none-eabi/11.3.1/../../../../arm-none-eabi/lib/thumb/v6-m/nofp\libc_nano.a(libc_a-nano-svfprintf.o)
                0x00000000080078cc                _svfiprintf_r
                0x00000000080078cc                _svfprintf_r
 .text._printf_common
                0x0000000008007acc       0xde C:/ST/STM32CubeIDE_1.13.2/STM32CubeIDE/plugins/com.st.stm32cube.ide.mcu.externaltools.gnu-tools-for-stm32.11.3.rel1.win32_1.1.1.202309131626/tools/bin/../lib/gcc/arm-none-eabi/11.3.1/../../../../arm-none-eabi/lib/thumb/v6-m/nofp\libc_nano.a(libc_a-nano-vfprintf_i.o)
                0x0000000008007acc                _printf_common
 *fill*         0x0000000008007baa        0x2 
 .text._printf_i
                0x0000000008007bac      0x220 C:/ST/STM32CubeIDE_1.13.2/STM32CubeIDE/plugins/com.st.stm32cube.ide.mcu.externaltools.gnu-tools-for-stm32.11.3.rel1.win32_1.1.1.202309131626/tools/bin/../lib/gcc/arm-none-eabi/11.3.1/../../../../arm-none-eabi/lib/thumb/v6-m/nofp\libc_nano.a(libc_a-nano-vfprintf_i.o)
                0x0000000008007bac                _printf_i
 .text.memmove  0x0000000008007dcc       0x26 C:/ST/STM32CubeIDE_1.13.2/STM32CubeIDE/plugins/com.st.stm32cube.ide.mcu.externaltools.gnu-tools-for-stm32.11.3.rel1.win32_1.1.1.202309131626/tools/bin/../lib/gcc/arm-none-eabi/11.3.1/../../../../arm-none-eabi/lib/thumb/v6-m/nofp\libc_nano.a(libc_a-memmove.o)
                0x0000000008007dcc                memmove
 *fill*         0x0000000008007df2        0x2 
 .text._sbrk_r  0x0000000008007df4       0x24 C:/ST/STM32CubeIDE_1.13.2/STM32CubeIDE/plugins/com.st.stm32cube.ide.mcu.externaltools.gnu-tools-for-stm32.11.3.rel1.win32_1.1.1.202309131626/tools/bin/../lib/gcc/arm-none-eabi/11.3.1/../../../../arm-none-eabi/lib/thumb/v6-m/nofp\libc_nano.a(libc_a-sbrkr.o)
                0x0000000008007df4                _sbrk_r
 .text.memchr   0x0000000008007e18       0x16 C:/ST/STM32CubeIDE_1.13.2/STM32CubeIDE/plugins/com.st.stm32cube.ide.mcu.externaltools.gnu-tools-for-stm32.11.3.rel1.win32_1.1.1.202309131626/tools/bin/../lib/gcc/arm-none-eabi/11.3.1/../../../../arm-none-eabi/lib/thumb/v6-m/nofp\libc_nano.a(libc_a-memchr-stub.o)
                0x0000000008007e18                memchr
 .text._realloc_r
                0x0000000008007e2e       0x5e C:/ST/STM32CubeIDE_1.13.2/STM32CubeIDE/plugins/com.st.stm32cube.ide.mcu.externaltools.gnu-tools-for-stm32.11.3.rel1.win32_1.1.1.202309131626/tools/bin/../lib/gcc/arm-none-eabi/11.3.1/../../../../arm-none-eabi/lib/thumb/v6-m/nofp\libc_nano.a(libc_a-reallocr.o)
                0x0000000008007e2e                _realloc_r
 .text._malloc_usable_size_r
                0x0000000008007e8c       0x10 C:/ST/STM32CubeIDE_1.13.2/STM32CubeIDE/plugins/com.st.stm32cube.ide.mcu.externaltools.gnu-tools-for-stm32.11.3.rel1.win32_1.1.1.202309131626/tools/bin/../lib/gcc/arm-none-eabi/11.3.1/../../../../arm-none-eabi/lib/thumb/v6-m/nofp\libc_nano.a(libc_a-msizer.o)
                0x0000000008007e8c                _malloc_usable_size_r
 *(.glue_7)
 .glue_7        0x0000000008007e9c        0x0 linker stubs
 *(.glue_7t)
 .glue_7t       0x0000000008007e9c        0x0 linker stubs
 *(.eh_frame)
 .eh_frame      0x0000000008007e9c        0x0 C:/ST/STM32CubeIDE_1.13.2/STM32CubeIDE/plugins/com.st.stm32cube.ide.mcu.externaltools.gnu-tools-for-stm32.11.3.rel1.win32_1.1.1.202309131626/tools/bin/../lib/gcc/arm-none-eabi/11.3.1/thumb/v6-m/nofp/crtbegin.o
 *(.init)
 .init          0x0000000008007e9c        0x4 C:/ST/STM32CubeIDE_1.13.2/STM32CubeIDE/plugins/com.st.stm32cube.ide.mcu.externaltools.gnu-tools-for-stm32.11.3.rel1.win32_1.1.1.202309131626/tools/bin/../lib/gcc/arm-none-eabi/11.3.1/thumb/v6-m/nofp/crti.o
                0x0000000008007e9c                _init
 .init          0x0000000008007ea0        0x8 C:/ST/STM32CubeIDE_1.13.2/STM32CubeIDE/plugins/com.st.stm32cube.ide.mcu.externaltools.gnu-tools-for-stm32.11.3.rel1.win32_1.1.1.202309131626/tools/bin/../lib/gcc/arm-none-eabi/11.3.1/thumb/v6-m/nofp/crtn.o
 *(.fini)
 .fini          0x0000000008007ea8        0x4 C:/ST/STM32CubeIDE_1.13.2/STM32CubeIDE/plugins/com.st.stm32cube.ide.mcu.externaltools.gnu-tools-for-stm32.11.3.rel1.win32_1.1.1.202309131626/tools/bin/../lib/gcc/arm-none-eabi/11.3.1/thumb/v6-m/nofp/crti.o
                0x0000000008007ea8                _fini
 .fini          0x0000000008007eac        0x8 C:/ST/STM32CubeIDE_1.13.2/STM32CubeIDE/plugins/com.st.stm32cube.ide.mcu.externaltools.gnu-tools-for-stm32.11.3.rel1.win32_1.1.1.202309131626/tools/bin/../lib/gcc/arm-none-eabi/11.3.1/thumb/v6-m/nofp/crtn.o
                0x0000000008007eb4                . = ALIGN (0x4)
                0x0000000008007eb4                _etext = .

.vfp11_veneer   0x0000000008007eb4        0x0
 .vfp11_veneer  0x0000000008007eb4        0x0 linker stubs

.v4_bx          0x0000000008007eb4        0x0
 .v4_bx         0x0000000008007eb4        0x0 linker stubs

.iplt           0x0000000008007eb4        0x0
 .iplt          0x0000000008007eb4        0x0 C:/ST/STM32CubeIDE_1.13.2/STM32CubeIDE/plugins/com.st.stm32cube.ide.mcu.externaltools.gnu-tools-for-stm32.11.3.rel1.win32_1.1.1.202309131626/tools/bin/../lib/gcc/arm-none-eabi/11.3.1/thumb/v6-m/nofp/crtbegin.o

.rodata         0x0000000008007eb4      0xa00
                0x0000000008007eb4                . = ALIGN (0x4)
 *(.rodata)
 .rodata        0x0000000008007eb4       0x31 ./Core/Src/DISPLAYFUN.o
 *fill*         0x0000000008007ee5        0x3 
 .rodata        0x0000000008007ee8       0x12 ./Core/Src/main.o
 *(.rodata*)
 *fill*         0x0000000008007efa        0x2 
 .rodata.adc_gpio
                0x0000000008007efc       0x40 ./Core/Src/ADC.o
 .rodata.DEFAULT_SUPPLY
                0x0000000008007f3c        0x4 ./Core/Src/ADC.o
 .rodata.DEFAULT_SENSOR
                0x0000000008007f40        0x4 ./Core/Src/ADC.o
 .rodata.boot_logo
                0x0000000008007f44      0x310 ./Core/Src/main.o
                0x0000000008007f44                boot_logo
 .rodata.AHBPrescTable
                0x0000000008008254       0x10 ./Core/Src/system_stm32f0xx.o
                0x0000000008008254                AHBPrescTable
 .rodata.Font6x8
                0x0000000008008264      0x5f0 ./Drivers/SSD1306/ssd1306_fonts.o
 .rodata.Font_6x8
                0x0000000008008854        0xc ./Drivers/SSD1306/ssd1306_fonts.o
                0x0000000008008854                Font_6x8
 .rodata.aPLLMULFactorTable.1
                0x0000000008008860       0x10 ./Drivers/STM32F0xx_HAL_Driver/Src/stm32f0xx_hal_rcc.o
 .rodata.aPredivFactorTable.0
                0x0000000008008870       0x10 ./Drivers/STM32F0xx_HAL_Driver/Src/stm32f0xx_hal_rcc.o
 .rodata._svfprintf_r.str1.1
                0x0000000008008880       0x11 C:/ST/STM32CubeIDE_1.13.2/STM32CubeIDE/plugins/com.st.stm32cube.ide.mcu.externaltools.gnu-tools-for-stm32.11.3.rel1.win32_1.1.1.202309131626/tools/bin/../lib/gcc/arm-none-eabi/11.3.1/../../../../arm-none-eabi/lib/thumb/v6-m/nofp\libc_nano.a(libc_a-nano-svfprintf.o)
 .rodata._printf_i.str1.1
                0x0000000008008891       0x22 C:/ST/STM32CubeIDE_1.13.2/STM32CubeIDE/plugins/com.st.stm32cube.ide.mcu.externaltools.gnu-tools-for-stm32.11.3.rel1.win32_1.1.1.202309131626/tools/bin/../lib/gcc/arm-none-eabi/11.3.1/../../../../arm-none-eabi/lib/thumb/v6-m/nofp\libc_nano.a(libc_a-nano-vfprintf_i.o)
                0x00000000080088b4                . = ALIGN (0x4)
 *fill*         0x00000000080088b3        0x1 

.rel.dyn        0x00000000080088b4        0x0
 .rel.iplt      0x00000000080088b4        0x0 C:/ST/STM32CubeIDE_1.13.2/STM32CubeIDE/plugins/com.st.stm32cube.ide.mcu.externaltools.gnu-tools-for-stm32.11.3.rel1.win32_1.1.1.202309131626/tools/bin/../lib/gcc/arm-none-eabi/11.3.1/thumb/v6-m/nofp/crtbegin.o

.ARM.extab      0x00000000080088b4        0x0
                0x00000000080088b4                . = ALIGN (0x4)
 *(.ARM.extab* .gnu.linkonce.armextab.*)
                0x00000000080088b4                . = ALIGN (0x4)

.ARM            0x00000000080088b4        0x0
                0x00000000080088b4                . = ALIGN (0x4)
                0x00000000080088b4                __exidx_start = .
 *(.ARM.exidx*)
                0x00000000080088b4                __exidx_end = .
                0x00000000080088b4                . = ALIGN (0x4)

.preinit_array  0x00000000080088b4        0x0
                0x00000000080088b4                . = ALIGN (0x4)
                0x00000000080088b4                PROVIDE (__preinit_array_start = .)
 *(.preinit_array*)
                0x00000000080088b4                PROVIDE (__preinit_array_end = .)
                0x00000000080088b4                . = ALIGN (0x4)

.init_array     0x00000000080088b4        0x4
                0x00000000080088b4                . = ALIGN (0x4)
                0x00000000080088b4                PROVIDE (__init_array_start = .)
 *(SORT_BY_NAME(.init_array.*))
 *(.init_array*)
 .init_array    0x00000000080088b4        0x4 C:/ST/STM32CubeIDE_1.13.2/STM32CubeIDE/plugins/com.st.stm32cube.ide.mcu.externaltools.gnu-tools-for-stm32.11.3.rel1.win32_1.1.1.202309131626/tools/bin/../lib/gcc/arm-none-eabi/11.3.1/thumb/v6-m/nofp/crtbegin.o
                0x00000000080088b8                PROVIDE (__init_array_end = .)
                0x00000000080088b8                . = ALIGN (0x4)

.fini_array     0x00000000080088b8        0x4
                0x00000000080088b8                . = ALIGN (0x4)
                [!provide]                        PROVIDE (__fini_array_start = .)
 *(SORT_BY_NAME(.fini_array.*))
 *(.fini_array*)
 .fini_array    0x00000000080088b8        0x4 C:/ST/STM32CubeIDE_1.13.2/STM32CubeIDE/plugins/com.st.stm32cube.ide.mcu.externaltools.gnu-tools-for-stm32.11.3.rel1.win32_1.1.1.202309131626/tools/bin/../lib/gcc/arm-none-eabi/11.3.1/thumb/v6-m/nofp/crtbegin.o
                [!provide]                        PROVIDE (__fini_array_end = .)
                0x00000000080088bc                . = ALIGN (0x4)
                0x00000000080088bc                _sidata = LOADADDR (.data)

.data           0x0000000020000000       0x60 load address 0x00000000080088bc
                0x0000000020000000                . = ALIGN (0x4)
                0x0000000020000000                _sdata = .
 *(.data)
 *(.data*)
 .data.value_read
                0x0000000020000000        0x4 ./Core/Src/ADC.o
 .data.SystemCoreClock
                0x0000000020000004        0x4 ./Core/Src/system_stm32f0xx.o
                0x0000000020000004                SystemCoreClock
 .data.uwTickPrio
                0x0000000020000008        0x4 ./Drivers/STM32F0xx_HAL_Driver/Src/stm32f0xx_hal.o
                0x0000000020000008                uwTickPrio
 .data.uwTickFreq
                0x000000002000000c        0x1 ./Drivers/STM32F0xx_HAL_Driver/Src/stm32f0xx_hal.o
                0x000000002000000c                uwTickFreq
 *fill*         0x000000002000000d        0x3 
 .data._impure_data
                0x0000000020000010       0x4c C:/ST/STM32CubeIDE_1.13.2/STM32CubeIDE/plugins/com.st.stm32cube.ide.mcu.externaltools.gnu-tools-for-stm32.11.3.rel1.win32_1.1.1.202309131626/tools/bin/../lib/gcc/arm-none-eabi/11.3.1/../../../../arm-none-eabi/lib/thumb/v6-m/nofp\libc_nano.a(libc_a-impure.o)
                0x0000000020000010                _impure_data
 .data._impure_ptr
                0x000000002000005c        0x4 C:/ST/STM32CubeIDE_1.13.2/STM32CubeIDE/plugins/com.st.stm32cube.ide.mcu.externaltools.gnu-tools-for-stm32.11.3.rel1.win32_1.1.1.202309131626/tools/bin/../lib/gcc/arm-none-eabi/11.3.1/../../../../arm-none-eabi/lib/thumb/v6-m/nofp\libc_nano.a(libc_a-impure.o)
                0x000000002000005c                _impure_ptr
 *(.RamFunc)
 *(.RamFunc*)
                0x0000000020000060                . = ALIGN (0x4)
                0x0000000020000060                _edata = .

.igot.plt       0x0000000020000060        0x0 load address 0x000000000800891c
 .igot.plt      0x0000000020000060        0x0 C:/ST/STM32CubeIDE_1.13.2/STM32CubeIDE/plugins/com.st.stm32cube.ide.mcu.externaltools.gnu-tools-for-stm32.11.3.rel1.win32_1.1.1.202309131626/tools/bin/../lib/gcc/arm-none-eabi/11.3.1/thumb/v6-m/nofp/crtbegin.o
                0x0000000020000060                . = ALIGN (0x4)

.bss            0x0000000020000060     0x1510 load address 0x000000000800891c
                0x0000000020000060                _sbss = .
                0x0000000020000060                __bss_start__ = _sbss
 *(.bss)
 .bss           0x0000000020000060       0x1c C:/ST/STM32CubeIDE_1.13.2/STM32CubeIDE/plugins/com.st.stm32cube.ide.mcu.externaltools.gnu-tools-for-stm32.11.3.rel1.win32_1.1.1.202309131626/tools/bin/../lib/gcc/arm-none-eabi/11.3.1/thumb/v6-m/nofp/crtbegin.o
 *(.bss*)
 .bss.adc_dma_buffer
                0x000000002000007c      0x200 ./Core/Src/ADC.o
 .bss.avg_fifo  0x000000002000027c      0x320 ./Core/Src/ADC.o
 .bss.fifo_head
                0x000000002000059c        0x4 ./Core/Src/ADC.o
 .bss.fifo_count
                0x00000000200005a0        0x4 ./Core/Src/ADC.o
 .bss.g_supply  0x00000000200005a4        0x4 ./Core/Src/ADC.o
 .bss.g_sensor  0x00000000200005a8        0x4 ./Core/Src/ADC.o
 .bss.CAN_MessageDB
                0x00000000200005ac      0x140 ./Core/Src/CAN.o
                0x00000000200005ac                CAN_MessageDB
 .bss.TxQueue   0x00000000200006ec      0x280 ./Core/Src/CAN.o
 .bss.TxQueueHead
                0x000000002000096c        0x1 ./Core/Src/CAN.o
 .bss.TxQueueTail
                0x000000002000096d        0x1 ./Core/Src/CAN.o
 *fill*         0x000000002000096e        0x2 
 .bss.can_rx_callback
                0x0000000020000970        0x4 ./Core/Src/CAN.o
 .bss.s_pages   0x0000000020000974      0x3f0 ./Core/Src/DISPLAYFUN.o
 .bss.s_active_page
                0x0000000020000d64        0x1 ./Core/Src/DISPLAYFUN.o
 .bss.s_home_page
                0x0000000020000d65        0x1 ./Core/Src/DISPLAYFUN.o
 *fill*         0x0000000020000d66        0x2 
 .bss.errorFlags
                0x0000000020000d68        0x4 ./Core/Src/ERROR.o
 .bss.error_led_state
                0x0000000020000d6c        0x1 ./Core/Src/ERROR.o
 *fill*         0x0000000020000d6d        0x3 
 .bss.leds      0x0000000020000d70       0x60 ./Core/Src/RGBLED.o
                0x0000000020000d70                leds
 .bss.txBuffer  0x0000000020000dd0       0x66 ./Core/Src/RGBLED.o
 *fill*         0x0000000020000e36        0x2 
 .bss.last_led_update_ms
                0x0000000020000e38        0x4 ./Core/Src/RGBLED.o
 .bss.led_control_active
                0x0000000020000e3c        0x1 ./Core/Src/RGBLED.o
 .bss.R.4       0x0000000020000e3d        0x1 ./Core/Src/RGBLED.o
 .bss.G.3       0x0000000020000e3e        0x1 ./Core/Src/RGBLED.o
 .bss.B.2       0x0000000020000e3f        0x1 ./Core/Src/RGBLED.o
 .bss.was_active.1
                0x0000000020000e40        0x1 ./Core/Src/RGBLED.o
 .bss.prev_active.0
                0x0000000020000e41        0x1 ./Core/Src/RGBLED.o
 *fill*         0x0000000020000e42        0x2 
 .bss.hadc      0x0000000020000e44       0x40 ./Core/Src/main.o
                0x0000000020000e44                hadc
 .bss.hdma_adc  0x0000000020000e84       0x44 ./Core/Src/main.o
                0x0000000020000e84                hdma_adc
 .bss.hcan      0x0000000020000ec8       0x28 ./Core/Src/main.o
                0x0000000020000ec8                hcan
 .bss.hspi1     0x0000000020000ef0       0x64 ./Core/Src/main.o
                0x0000000020000ef0                hspi1
 .bss.hspi2     0x0000000020000f54       0x64 ./Core/Src/main.o
                0x0000000020000f54                hspi2
 .bss.htim2     0x0000000020000fb8       0x48 ./Core/Src/main.o
                0x0000000020000fb8                htim2
 .bss.CANmsg    0x0000000020001000       0x14 ./Core/Src/main.o
                0x0000000020001000                CANmsg
 .bss.systime   0x0000000020001014        0x4 ./Core/Src/stm32f0xx_it.o
                0x0000000020001014                systime
 .bss.__sbrk_heap_end
                0x0000000020001018        0x4 ./Core/Src/sysmem.o
 .bss.SSD1306_Buffer
                0x000000002000101c      0x400 ./Drivers/SSD1306/ssd1306.o
 .bss.SSD1306   0x000000002000141c        0x6 ./Drivers/SSD1306/ssd1306.o
 *fill*         0x0000000020001422        0x2 
 .bss.uwTick    0x0000000020001424        0x4 ./Drivers/STM32F0xx_HAL_Driver/Src/stm32f0xx_hal.o
                0x0000000020001424                uwTick
 .bss.__sf      0x0000000020001428      0x138 C:/ST/STM32CubeIDE_1.13.2/STM32CubeIDE/plugins/com.st.stm32cube.ide.mcu.externaltools.gnu-tools-for-stm32.11.3.rel1.win32_1.1.1.202309131626/tools/bin/../lib/gcc/arm-none-eabi/11.3.1/../../../../arm-none-eabi/lib/thumb/v6-m/nofp\libc_nano.a(libc_a-findfp.o)
                0x0000000020001428                __sf
 .bss.errno     0x0000000020001560        0x4 C:/ST/STM32CubeIDE_1.13.2/STM32CubeIDE/plugins/com.st.stm32cube.ide.mcu.externaltools.gnu-tools-for-stm32.11.3.rel1.win32_1.1.1.202309131626/tools/bin/../lib/gcc/arm-none-eabi/11.3.1/../../../../arm-none-eabi/lib/thumb/v6-m/nofp\libc_nano.a(libc_a-reent.o)
                0x0000000020001560                errno
 .bss.__lock___malloc_recursive_mutex
                0x0000000020001564        0x1 C:/ST/STM32CubeIDE_1.13.2/STM32CubeIDE/plugins/com.st.stm32cube.ide.mcu.externaltools.gnu-tools-for-stm32.11.3.rel1.win32_1.1.1.202309131626/tools/bin/../lib/gcc/arm-none-eabi/11.3.1/../../../../arm-none-eabi/lib/thumb/v6-m/nofp\libc_nano.a(libc_a-lock.o)
                0x0000000020001564                __lock___malloc_recursive_mutex
 *fill*         0x0000000020001565        0x3 
 .bss.__malloc_free_list
                0x0000000020001568        0x4 C:/ST/STM32CubeIDE_1.13.2/STM32CubeIDE/plugins/com.st.stm32cube.ide.mcu.externaltools.gnu-tools-for-stm32.11.3.rel1.win32_1.1.1.202309131626/tools/bin/../lib/gcc/arm-none-eabi/11.3.1/../../../../arm-none-eabi/lib/thumb/v6-m/nofp\libc_nano.a(libc_a-mallocr.o)
                0x0000000020001568                __malloc_free_list
 .bss.__malloc_sbrk_start
                0x000000002000156c        0x4 C:/ST/STM32CubeIDE_1.13.2/STM32CubeIDE/plugins/com.st.stm32cube.ide.mcu.externaltools.gnu-tools-for-stm32.11.3.rel1.win32_1.1.1.202309131626/tools/bin/../lib/gcc/arm-none-eabi/11.3.1/../../../../arm-none-eabi/lib/thumb/v6-m/nofp\libc_nano.a(libc_a-mallocr.o)
                0x000000002000156c                __malloc_sbrk_start
 *(COMMON)
                0x0000000020001570                . = ALIGN (0x4)
                0x0000000020001570                _ebss = .
                0x0000000020001570                __bss_end__ = _ebss

._user_heap_stack
                0x0000000020001570      0x600 load address 0x000000000800891c
                0x0000000020001570                . = ALIGN (0x8)
                [!provide]                        PROVIDE (end = .)
                0x0000000020001570                PROVIDE (_end = .)
                0x0000000020001770                . = (. + _Min_Heap_Size)
 *fill*         0x0000000020001570      0x200 
                0x0000000020001b70                . = (. + _Min_Stack_Size)
 *fill*         0x0000000020001770      0x400 
                0x0000000020001b70                . = ALIGN (0x8)

/DISCARD/
 libc.a(*)
 libm.a(*)
 libgcc.a(*)

.ARM.attributes
                0x0000000000000000       0x28
 *(.ARM.attributes)
 .ARM.attributes
                0x0000000000000000       0x1e C:/ST/STM32CubeIDE_1.13.2/STM32CubeIDE/plugins/com.st.stm32cube.ide.mcu.externaltools.gnu-tools-for-stm32.11.3.rel1.win32_1.1.1.202309131626/tools/bin/../lib/gcc/arm-none-eabi/11.3.1/thumb/v6-m/nofp/crti.o
 .ARM.attributes
                0x000000000000001e       0x2c C:/ST/STM32CubeIDE_1.13.2/STM32CubeIDE/plugins/com.st.stm32cube.ide.mcu.externaltools.gnu-tools-for-stm32.11.3.rel1.win32_1.1.1.202309131626/tools/bin/../lib/gcc/arm-none-eabi/11.3.1/thumb/v6-m/nofp/crtbegin.o
 .ARM.attributes
                0x000000000000004a       0x2c ./Core/Src/ADC.o
 .ARM.attributes
                0x0000000000000076       0x2c ./Core/Src/CAN.o
 .ARM.attributes
                0x00000000000000a2       0x2c ./Core/Src/DISPLAYFUN.o
 .ARM.attributes
                0x00000000000000ce       0x2c ./Core/Src/ERROR.o
 .ARM.attributes
                0x00000000000000fa       0x2c ./Core/Src/RGBLED.o
 .ARM.attributes
                0x0000000000000126       0x2c ./Core/Src/main.o
 .ARM.attributes
                0x0000000000000152       0x2c ./Core/Src/stm32f0xx_hal_msp.o
 .ARM.attributes
                0x000000000000017e       0x2c ./Core/Src/stm32f0xx_it.o
 .ARM.attributes
                0x00000000000001aa       0x2c ./Core/Src/sysmem.o
 .ARM.attributes
                0x00000000000001d6       0x2c ./Core/Src/system_stm32f0xx.o
 .ARM.attributes
                0x0000000000000202       0x21 ./Core/Startup/startup_stm32f072rbtx.o
 .ARM.attributes
                0x0000000000000223       0x2c ./Drivers/SSD1306/ssd1306.o
 .ARM.attributes
                0x000000000000024f       0x2c ./Drivers/SSD1306/ssd1306_fonts.o
 .ARM.attributes
                0x000000000000027b       0x2c ./Drivers/STM32F0xx_HAL_Driver/Src/stm32f0xx_hal.o
 .ARM.attributes
                0x00000000000002a7       0x2c ./Drivers/STM32F0xx_HAL_Driver/Src/stm32f0xx_hal_adc.o
 .ARM.attributes
                0x00000000000002d3       0x2c ./Drivers/STM32F0xx_HAL_Driver/Src/stm32f0xx_hal_adc_ex.o
 .ARM.attributes
                0x00000000000002ff       0x2c ./Drivers/STM32F0xx_HAL_Driver/Src/stm32f0xx_hal_can.o
 .ARM.attributes
                0x000000000000032b       0x2c ./Drivers/STM32F0xx_HAL_Driver/Src/stm32f0xx_hal_cortex.o
 .ARM.attributes
                0x0000000000000357       0x2c ./Drivers/STM32F0xx_HAL_Driver/Src/stm32f0xx_hal_dma.o
 .ARM.attributes
                0x0000000000000383       0x2c ./Drivers/STM32F0xx_HAL_Driver/Src/stm32f0xx_hal_gpio.o
 .ARM.attributes
                0x00000000000003af       0x2c ./Drivers/STM32F0xx_HAL_Driver/Src/stm32f0xx_hal_rcc.o
 .ARM.attributes
                0x00000000000003db       0x2c ./Drivers/STM32F0xx_HAL_Driver/Src/stm32f0xx_hal_spi.o
 .ARM.attributes
                0x0000000000000407       0x2c ./Drivers/STM32F0xx_HAL_Driver/Src/stm32f0xx_hal_tim.o
 .ARM.attributes
                0x0000000000000433       0x2c ./Drivers/STM32F0xx_HAL_Driver/Src/stm32f0xx_hal_tim_ex.o
 .ARM.attributes
                0x000000000000045f       0x2c C:/ST/STM32CubeIDE_1.13.2/STM32CubeIDE/plugins/com.st.stm32cube.ide.mcu.externaltools.gnu-tools-for-stm32.11.3.rel1.win32_1.1.1.202309131626/tools/bin/../lib/gcc/arm-none-eabi/11.3.1/../../../../arm-none-eabi/lib/thumb/v6-m/nofp\libc_nano.a(libc_a-findfp.o)
 .ARM.attributes
                0x000000000000048b       0x2c C:/ST/STM32CubeIDE_1.13.2/STM32CubeIDE/plugins/com.st.stm32cube.ide.mcu.externaltools.gnu-tools-for-stm32.11.3.rel1.win32_1.1.1.202309131626/tools/bin/../lib/gcc/arm-none-eabi/11.3.1/../../../../arm-none-eabi/lib/thumb/v6-m/nofp\libc_nano.a(libc_a-snprintf.o)
 .ARM.attributes
                0x00000000000004b7       0x2c C:/ST/STM32CubeIDE_1.13.2/STM32CubeIDE/plugins/com.st.stm32cube.ide.mcu.externaltools.gnu-tools-for-stm32.11.3.rel1.win32_1.1.1.202309131626/tools/bin/../lib/gcc/arm-none-eabi/11.3.1/../../../../arm-none-eabi/lib/thumb/v6-m/nofp\libc_nano.a(libc_a-memset.o)
 .ARM.attributes
                0x00000000000004e3       0x2c C:/ST/STM32CubeIDE_1.13.2/STM32CubeIDE/plugins/com.st.stm32cube.ide.mcu.externaltools.gnu-tools-for-stm32.11.3.rel1.win32_1.1.1.202309131626/tools/bin/../lib/gcc/arm-none-eabi/11.3.1/../../../../arm-none-eabi/lib/thumb/v6-m/nofp\libc_nano.a(libc_a-strncpy.o)
 .ARM.attributes
                0x000000000000050f       0x2c C:/ST/STM32CubeIDE_1.13.2/STM32CubeIDE/plugins/com.st.stm32cube.ide.mcu.externaltools.gnu-tools-for-stm32.11.3.rel1.win32_1.1.1.202309131626/tools/bin/../lib/gcc/arm-none-eabi/11.3.1/../../../../arm-none-eabi/lib/thumb/v6-m/nofp\libc_nano.a(libc_a-reent.o)
 .ARM.attributes
                0x000000000000053b       0x2c C:/ST/STM32CubeIDE_1.13.2/STM32CubeIDE/plugins/com.st.stm32cube.ide.mcu.externaltools.gnu-tools-for-stm32.11.3.rel1.win32_1.1.1.202309131626/tools/bin/../lib/gcc/arm-none-eabi/11.3.1/../../../../arm-none-eabi/lib/thumb/v6-m/nofp\libc_nano.a(libc_a-impure.o)
 .ARM.attributes
                0x0000000000000567       0x2c C:/ST/STM32CubeIDE_1.13.2/STM32CubeIDE/plugins/com.st.stm32cube.ide.mcu.externaltools.gnu-tools-for-stm32.11.3.rel1.win32_1.1.1.202309131626/tools/bin/../lib/gcc/arm-none-eabi/11.3.1/../../../../arm-none-eabi/lib/thumb/v6-m/nofp\libc_nano.a(libc_a-errno.o)
 .ARM.attributes
                0x0000000000000593       0x2c C:/ST/STM32CubeIDE_1.13.2/STM32CubeIDE/plugins/com.st.stm32cube.ide.mcu.externaltools.gnu-tools-for-stm32.11.3.rel1.win32_1.1.1.202309131626/tools/bin/../lib/gcc/arm-none-eabi/11.3.1/../../../../arm-none-eabi/lib/thumb/v6-m/nofp\libc_nano.a(libc_a-init.o)
 .ARM.attributes
                0x00000000000005bf       0x2c C:/ST/STM32CubeIDE_1.13.2/STM32CubeIDE/plugins/com.st.stm32cube.ide.mcu.externaltools.gnu-tools-for-stm32.11.3.rel1.win32_1.1.1.202309131626/tools/bin/../lib/gcc/arm-none-eabi/11.3.1/../../../../arm-none-eabi/lib/thumb/v6-m/nofp\libc_nano.a(libc_a-lock.o)
 .ARM.attributes
                0x00000000000005eb       0x2c C:/ST/STM32CubeIDE_1.13.2/STM32CubeIDE/plugins/com.st.stm32cube.ide.mcu.externaltools.gnu-tools-for-stm32.11.3.rel1.win32_1.1.1.202309131626/tools/bin/../lib/gcc/arm-none-eabi/11.3.1/../../../../arm-none-eabi/lib/thumb/v6-m/nofp\libc_nano.a(libc_a-memcpy-stub.o)
 .ARM.attributes
                0x0000000000000617       0x1c C:/ST/STM32CubeIDE_1.13.2/STM32CubeIDE/plugins/com.st.stm32cube.ide.mcu.externaltools.gnu-tools-for-stm32.11.3.rel1.win32_1.1.1.202309131626/tools/bin/../lib/gcc/arm-none-eabi/11.3.1/../../../../arm-none-eabi/lib/thumb/v6-m/nofp\libc_nano.a(libc_a-strlen.o)
 .ARM.attributes
                0x0000000000000633       0x2c C:/ST/STM32CubeIDE_1.13.2/STM32CubeIDE/plugins/com.st.stm32cube.ide.mcu.externaltools.gnu-tools-for-stm32.11.3.rel1.win32_1.1.1.202309131626/tools/bin/../lib/gcc/arm-none-eabi/11.3.1/../../../../arm-none-eabi/lib/thumb/v6-m/nofp\libc_nano.a(libc_a-freer.o)
 .ARM.attributes
                0x000000000000065f       0x2c C:/ST/STM32CubeIDE_1.13.2/STM32CubeIDE/plugins/com.st.stm32cube.ide.mcu.externaltools.gnu-tools-for-stm32.11.3.rel1.win32_1.1.1.202309131626/tools/bin/../lib/gcc/arm-none-eabi/11.3.1/../../../../arm-none-eabi/lib/thumb/v6-m/nofp\libc_nano.a(libc_a-mallocr.o)
 .ARM.attributes
                0x000000000000068b       0x2c C:/ST/STM32CubeIDE_1.13.2/STM32CubeIDE/plugins/com.st.stm32cube.ide.mcu.externaltools.gnu-tools-for-stm32.11.3.rel1.win32_1.1.1.202309131626/tools/bin/../lib/gcc/arm-none-eabi/11.3.1/../../../../arm-none-eabi/lib/thumb/v6-m/nofp\libc_nano.a(libc_a-mlock.o)
 .ARM.attributes
                0x00000000000006b7       0x2c C:/ST/STM32CubeIDE_1.13.2/STM32CubeIDE/plugins/com.st.stm32cube.ide.mcu.externaltools.gnu-tools-for-stm32.11.3.rel1.win32_1.1.1.202309131626/tools/bin/../lib/gcc/arm-none-eabi/11.3.1/../../../../arm-none-eabi/lib/thumb/v6-m/nofp\libc_nano.a(libc_a-nano-svfprintf.o)
 .ARM.attributes
                0x00000000000006e3       0x2c C:/ST/STM32CubeIDE_1.13.2/STM32CubeIDE/plugins/com.st.stm32cube.ide.mcu.externaltools.gnu-tools-for-stm32.11.3.rel1.win32_1.1.1.202309131626/tools/bin/../lib/gcc/arm-none-eabi/11.3.1/../../../../arm-none-eabi/lib/thumb/v6-m/nofp\libc_nano.a(libc_a-nano-vfprintf_i.o)
 .ARM.attributes
                0x000000000000070f       0x2c C:/ST/STM32CubeIDE_1.13.2/STM32CubeIDE/plugins/com.st.stm32cube.ide.mcu.externaltools.gnu-tools-for-stm32.11.3.rel1.win32_1.1.1.202309131626/tools/bin/../lib/gcc/arm-none-eabi/11.3.1/../../../../arm-none-eabi/lib/thumb/v6-m/nofp\libc_nano.a(libc_a-memmove.o)
 .ARM.attributes
                0x000000000000073b       0x2c C:/ST/STM32CubeIDE_1.13.2/STM32CubeIDE/plugins/com.st.stm32cube.ide.mcu.externaltools.gnu-tools-for-stm32.11.3.rel1.win32_1.1.1.202309131626/tools/bin/../lib/gcc/arm-none-eabi/11.3.1/../../../../arm-none-eabi/lib/thumb/v6-m/nofp\libc_nano.a(libc_a-sbrkr.o)
 .ARM.attributes
                0x0000000000000767       0x2c C:/ST/STM32CubeIDE_1.13.2/STM32CubeIDE/plugins/com.st.stm32cube.ide.mcu.externaltools.gnu-tools-for-stm32.11.3.rel1.win32_1.1.1.202309131626/tools/bin/../lib/gcc/arm-none-eabi/11.3.1/../../../../arm-none-eabi/lib/thumb/v6-m/nofp\libc_nano.a(libc_a-memchr-stub.o)
 .ARM.attributes
                0x0000000000000793       0x2c C:/ST/STM32CubeIDE_1.13.2/STM32CubeIDE/plugins/com.st.stm32cube.ide.mcu.externaltools.gnu-tools-for-stm32.11.3.rel1.win32_1.1.1.202309131626/tools/bin/../lib/gcc/arm-none-eabi/11.3.1/../../../../arm-none-eabi/lib/thumb/v6-m/nofp\libc_nano.a(libc_a-reallocr.o)
 .ARM.attributes
                0x00000000000007bf       0x2c C:/ST/STM32CubeIDE_1.13.2/STM32CubeIDE/plugins/com.st.stm32cube.ide.mcu.externaltools.gnu-tools-for-stm32.11.3.rel1.win32_1.1.1.202309131626/tools/bin/../lib/gcc/arm-none-eabi/11.3.1/../../../../arm-none-eabi/lib/thumb/v6-m/nofp\libc_nano.a(libc_a-msizer.o)
 .ARM.attributes
                0x00000000000007eb       0x1e C:/ST/STM32CubeIDE_1.13.2/STM32CubeIDE/plugins/com.st.stm32cube.ide.mcu.externaltools.gnu-tools-for-stm32.11.3.rel1.win32_1.1.1.202309131626/tools/bin/../lib/gcc/arm-none-eabi/11.3.1/thumb/v6-m/nofp\libgcc.a(_thumb1_case_shi.o)
 .ARM.attributes
                0x0000000000000809       0x1e C:/ST/STM32CubeIDE_1.13.2/STM32CubeIDE/plugins/com.st.stm32cube.ide.mcu.externaltools.gnu-tools-for-stm32.11.3.rel1.win32_1.1.1.202309131626/tools/bin/../lib/gcc/arm-none-eabi/11.3.1/thumb/v6-m/nofp\libgcc.a(_udivsi3.o)
 .ARM.attributes
                0x0000000000000827       0x1e C:/ST/STM32CubeIDE_1.13.2/STM32CubeIDE/plugins/com.st.stm32cube.ide.mcu.externaltools.gnu-tools-for-stm32.11.3.rel1.win32_1.1.1.202309131626/tools/bin/../lib/gcc/arm-none-eabi/11.3.1/thumb/v6-m/nofp\libgcc.a(_divsi3.o)
 .ARM.attributes
                0x0000000000000845       0x1e C:/ST/STM32CubeIDE_1.13.2/STM32CubeIDE/plugins/com.st.stm32cube.ide.mcu.externaltools.gnu-tools-for-stm32.11.3.rel1.win32_1.1.1.202309131626/tools/bin/../lib/gcc/arm-none-eabi/11.3.1/thumb/v6-m/nofp\libgcc.a(_dvmd_tls.o)
 .ARM.attributes
                0x0000000000000863       0x1e C:/ST/STM32CubeIDE_1.13.2/STM32CubeIDE/plugins/com.st.stm32cube.ide.mcu.externaltools.gnu-tools-for-stm32.11.3.rel1.win32_1.1.1.202309131626/tools/bin/../lib/gcc/arm-none-eabi/11.3.1/thumb/v6-m/nofp/crtn.o
OUTPUT(DICV3Firmware.elf elf32-littlearm)
LOAD linker stubs
LOAD C:/ST/STM32CubeIDE_1.13.2/STM32CubeIDE/plugins/com.st.stm32cube.ide.mcu.externaltools.gnu-tools-for-stm32.11.3.rel1.win32_1.1.1.202309131626/tools/bin/../lib/gcc/arm-none-eabi/11.3.1/../../../../arm-none-eabi/lib/thumb/v6-m/nofp\libc.a
LOAD C:/ST/STM32CubeIDE_1.13.2/STM32CubeIDE/plugins/com.st.stm32cube.ide.mcu.externaltools.gnu-tools-for-stm32.11.3.rel1.win32_1.1.1.202309131626/tools/bin/../lib/gcc/arm-none-eabi/11.3.1/../../../../arm-none-eabi/lib/thumb/v6-m/nofp\libm.a
LOAD C:/ST/STM32CubeIDE_1.13.2/STM32CubeIDE/plugins/com.st.stm32cube.ide.mcu.externaltools.gnu-tools-for-stm32.11.3.rel1.win32_1.1.1.202309131626/tools/bin/../lib/gcc/arm-none-eabi/11.3.1/thumb/v6-m/nofp\libgcc.a

.comment        0x0000000000000000       0x43
 .comment       0x0000000000000000       0x43 C:/ST/STM32CubeIDE_1.13.2/STM32CubeIDE/plugins/com.st.stm32cube.ide.mcu.externaltools.gnu-tools-for-stm32.11.3.rel1.win32_1.1.1.202309131626/tools/bin/../lib/gcc/arm-none-eabi/11.3.1/thumb/v6-m/nofp/crtbegin.o
                                         0x44 (size before relaxing)
 .comment       0x0000000000000043       0x44 ./Core/Src/ADC.o
 .comment       0x0000000000000043       0x44 ./Core/Src/CAN.o
 .comment       0x0000000000000043       0x44 ./Core/Src/DISPLAYFUN.o
 .comment       0x0000000000000043       0x44 ./Core/Src/ERROR.o
 .comment       0x0000000000000043       0x44 ./Core/Src/RGBLED.o
 .comment       0x0000000000000043       0x44 ./Core/Src/main.o
 .comment       0x0000000000000043       0x44 ./Core/Src/stm32f0xx_hal_msp.o
 .comment       0x0000000000000043       0x44 ./Core/Src/stm32f0xx_it.o
 .comment       0x0000000000000043       0x44 ./Core/Src/sysmem.o
 .comment       0x0000000000000043       0x44 ./Core/Src/system_stm32f0xx.o
 .comment       0x0000000000000043       0x44 ./Drivers/SSD1306/ssd1306.o
 .comment       0x0000000000000043       0x44 ./Drivers/SSD1306/ssd1306_fonts.o
 .comment       0x0000000000000043       0x44 ./Drivers/STM32F0xx_HAL_Driver/Src/stm32f0xx_hal.o
 .comment       0x0000000000000043       0x44 ./Drivers/STM32F0xx_HAL_Driver/Src/stm32f0xx_hal_adc.o
 .comment       0x0000000000000043       0x44 ./Drivers/STM32F0xx_HAL_Driver/Src/stm32f0xx_hal_adc_ex.o
 .comment       0x0000000000000043       0x44 ./Drivers/STM32F0xx_HAL_Driver/Src/stm32f0xx_hal_can.o
 .comment       0x0000000000000043       0x44 ./Drivers/STM32F0xx_HAL_Driver/Src/stm32f0xx_hal_cortex.o
 .comment       0x0000000000000043       0x44 ./Drivers/STM32F0xx_HAL_Driver/Src/stm32f0xx_hal_dma.o
 .comment       0x0000000000000043       0x44 ./Drivers/STM32F0xx_HAL_Driver/Src/stm32f0xx_hal_gpio.o
 .comment       0x0000000000000043       0x44 ./Drivers/STM32F0xx_HAL_Driver/Src/stm32f0xx_hal_rcc.o
 .comment       0x0000000000000043       0x44 ./Drivers/STM32F0xx_HAL_Driver/Src/stm32f0xx_hal_spi.o
 .comment       0x0000000000000043       0x44 ./Drivers/STM32F0xx_HAL_Driver/Src/stm32f0xx_hal_tim.o
 .comment       0x0000000000000043       0x44 ./Drivers/STM32F0xx_HAL_Driver/Src/stm32f0xx_hal_tim_ex.o

.debug_info     0x0000000000000000    0x122fe
 .debug_info    0x0000000000000000      0xd0d ./Core/Src/ADC.o
 .debug_info    0x0000000000000d0d      0xaf5 ./Core/Src/CAN.o
 .debug_info    0x0000000000001802      0xfdd ./Core/Src/DISPLAYFUN.o
 .debug_info    0x00000000000027df      0x328 ./Core/Src/ERROR.o
 .debug_info    0x0000000000002b07      0x89f ./Core/Src/RGBLED.o
 .debug_info    0x00000000000033a6     0x1de8 ./Core/Src/main.o
 .debug_info    0x000000000000518e     0x14a3 ./Core/Src/stm32f0xx_hal_msp.o
 .debug_info    0x0000000000006631      0xc6c ./Core/Src/stm32f0xx_it.o
 .debug_info    0x000000000000729d      0x168 ./Core/Src/sysmem.o
 .debug_info    0x0000000000007405      0x242 ./Core/Src/system_stm32f0xx.o
 .debug_info    0x0000000000007647       0x23 ./Core/Startup/startup_stm32f072rbtx.o
 .debug_info    0x000000000000766a     0x1313 ./Drivers/SSD1306/ssd1306.o
 .debug_info    0x000000000000897d      0x2a4 ./Drivers/SSD1306/ssd1306_fonts.o
 .debug_info    0x0000000000008c21      0x6c9 ./Drivers/STM32F0xx_HAL_Driver/Src/stm32f0xx_hal.o
 .debug_info    0x00000000000092ea      0xc6a ./Drivers/STM32F0xx_HAL_Driver/Src/stm32f0xx_hal_adc.o
 .debug_info    0x0000000000009f54      0x571 ./Drivers/STM32F0xx_HAL_Driver/Src/stm32f0xx_hal_adc_ex.o
 .debug_info    0x000000000000a4c5      0xec9 ./Drivers/STM32F0xx_HAL_Driver/Src/stm32f0xx_hal_can.o
 .debug_info    0x000000000000b38e      0x6c5 ./Drivers/STM32F0xx_HAL_Driver/Src/stm32f0xx_hal_cortex.o
 .debug_info    0x000000000000ba53      0x6ea ./Drivers/STM32F0xx_HAL_Driver/Src/stm32f0xx_hal_dma.o
 .debug_info    0x000000000000c13d      0x5a6 ./Drivers/STM32F0xx_HAL_Driver/Src/stm32f0xx_hal_gpio.o
 .debug_info    0x000000000000c6e3      0x83f ./Drivers/STM32F0xx_HAL_Driver/Src/stm32f0xx_hal_rcc.o
 .debug_info    0x000000000000cf22     0x1618 ./Drivers/STM32F0xx_HAL_Driver/Src/stm32f0xx_hal_spi.o
 .debug_info    0x000000000000e53a     0x2932 ./Drivers/STM32F0xx_HAL_Driver/Src/stm32f0xx_hal_tim.o
 .debug_info    0x0000000000010e6c     0x1492 ./Drivers/STM32F0xx_HAL_Driver/Src/stm32f0xx_hal_tim_ex.o

.debug_abbrev   0x0000000000000000     0x32b0
 .debug_abbrev  0x0000000000000000      0x274 ./Core/Src/ADC.o
 .debug_abbrev  0x0000000000000274      0x2e1 ./Core/Src/CAN.o
 .debug_abbrev  0x0000000000000555      0x2fa ./Core/Src/DISPLAYFUN.o
 .debug_abbrev  0x000000000000084f      0x18f ./Core/Src/ERROR.o
 .debug_abbrev  0x00000000000009de      0x20d ./Core/Src/RGBLED.o
 .debug_abbrev  0x0000000000000beb      0x404 ./Core/Src/main.o
 .debug_abbrev  0x0000000000000fef      0x2a6 ./Core/Src/stm32f0xx_hal_msp.o
 .debug_abbrev  0x0000000000001295      0x1ee ./Core/Src/stm32f0xx_it.o
 .debug_abbrev  0x0000000000001483       0xbc ./Core/Src/sysmem.o
 .debug_abbrev  0x000000000000153f      0x11c ./Core/Src/system_stm32f0xx.o
 .debug_abbrev  0x000000000000165b       0x12 ./Core/Startup/startup_stm32f072rbtx.o
 .debug_abbrev  0x000000000000166d      0x348 ./Drivers/SSD1306/ssd1306.o
 .debug_abbrev  0x00000000000019b5       0xcf ./Drivers/SSD1306/ssd1306_fonts.o
 .debug_abbrev  0x0000000000001a84      0x213 ./Drivers/STM32F0xx_HAL_Driver/Src/stm32f0xx_hal.o
 .debug_abbrev  0x0000000000001c97      0x259 ./Drivers/STM32F0xx_HAL_Driver/Src/stm32f0xx_hal_adc.o
 .debug_abbrev  0x0000000000001ef0      0x181 ./Drivers/STM32F0xx_HAL_Driver/Src/stm32f0xx_hal_adc_ex.o
 .debug_abbrev  0x0000000000002071      0x1d4 ./Drivers/STM32F0xx_HAL_Driver/Src/stm32f0xx_hal_can.o
 .debug_abbrev  0x0000000000002245      0x28c ./Drivers/STM32F0xx_HAL_Driver/Src/stm32f0xx_hal_cortex.o
 .debug_abbrev  0x00000000000024d1      0x224 ./Drivers/STM32F0xx_HAL_Driver/Src/stm32f0xx_hal_dma.o
 .debug_abbrev  0x00000000000026f5      0x1cb ./Drivers/STM32F0xx_HAL_Driver/Src/stm32f0xx_hal_gpio.o
 .debug_abbrev  0x00000000000028c0      0x28c ./Drivers/STM32F0xx_HAL_Driver/Src/stm32f0xx_hal_rcc.o
 .debug_abbrev  0x0000000000002b4c      0x269 ./Drivers/STM32F0xx_HAL_Driver/Src/stm32f0xx_hal_spi.o
 .debug_abbrev  0x0000000000002db5      0x278 ./Drivers/STM32F0xx_HAL_Driver/Src/stm32f0xx_hal_tim.o
 .debug_abbrev  0x000000000000302d      0x283 ./Drivers/STM32F0xx_HAL_Driver/Src/stm32f0xx_hal_tim_ex.o

.debug_aranges  0x0000000000000000     0x1180
 .debug_aranges
                0x0000000000000000       0x80 ./Core/Src/ADC.o
 .debug_aranges
                0x0000000000000080       0x88 ./Core/Src/CAN.o
 .debug_aranges
                0x0000000000000108       0xc8 ./Core/Src/DISPLAYFUN.o
 .debug_aranges
                0x00000000000001d0       0x40 ./Core/Src/ERROR.o
 .debug_aranges
                0x0000000000000210       0x50 ./Core/Src/RGBLED.o
 .debug_aranges
                0x0000000000000260       0x98 ./Core/Src/main.o
 .debug_aranges
                0x00000000000002f8       0x60 ./Core/Src/stm32f0xx_hal_msp.o
 .debug_aranges
                0x0000000000000358       0x68 ./Core/Src/stm32f0xx_it.o
 .debug_aranges
                0x00000000000003c0       0x20 ./Core/Src/sysmem.o
 .debug_aranges
                0x00000000000003e0       0x28 ./Core/Src/system_stm32f0xx.o
 .debug_aranges
                0x0000000000000408       0x28 ./Core/Startup/startup_stm32f072rbtx.o
 .debug_aranges
                0x0000000000000430       0xe8 ./Drivers/SSD1306/ssd1306.o
 .debug_aranges
                0x0000000000000518       0x18 ./Drivers/SSD1306/ssd1306_fonts.o
 .debug_aranges
                0x0000000000000530       0xd0 ./Drivers/STM32F0xx_HAL_Driver/Src/stm32f0xx_hal.o
 .debug_aranges
                0x0000000000000600       0xf8 ./Drivers/STM32F0xx_HAL_Driver/Src/stm32f0xx_hal_adc.o
 .debug_aranges
                0x00000000000006f8       0x20 ./Drivers/STM32F0xx_HAL_Driver/Src/stm32f0xx_hal_adc_ex.o
 .debug_aranges
                0x0000000000000718      0x138 ./Drivers/STM32F0xx_HAL_Driver/Src/stm32f0xx_hal_can.o
 .debug_aranges
                0x0000000000000850       0xc0 ./Drivers/STM32F0xx_HAL_Driver/Src/stm32f0xx_hal_cortex.o
 .debug_aranges
                0x0000000000000910       0x88 ./Drivers/STM32F0xx_HAL_Driver/Src/stm32f0xx_hal_dma.o
 .debug_aranges
                0x0000000000000998       0x58 ./Drivers/STM32F0xx_HAL_Driver/Src/stm32f0xx_hal_gpio.o
 .debug_aranges
                0x00000000000009f0       0x80 ./Drivers/STM32F0xx_HAL_Driver/Src/stm32f0xx_hal_rcc.o
 .debug_aranges
                0x0000000000000a70      0x1d8 ./Drivers/STM32F0xx_HAL_Driver/Src/stm32f0xx_hal_spi.o
 .debug_aranges
                0x0000000000000c48      0x3d0 ./Drivers/STM32F0xx_HAL_Driver/Src/stm32f0xx_hal_tim.o
 .debug_aranges
                0x0000000000001018      0x168 ./Drivers/STM32F0xx_HAL_Driver/Src/stm32f0xx_hal_tim_ex.o

.debug_rnglists
                0x0000000000000000      0xd9e
 .debug_rnglists
                0x0000000000000000       0x5f ./Core/Src/ADC.o
 .debug_rnglists
                0x000000000000005f       0x8d ./Core/Src/CAN.o
 .debug_rnglists
                0x00000000000000ec       0x9b ./Core/Src/DISPLAYFUN.o
 .debug_rnglists
                0x0000000000000187       0x2b ./Core/Src/ERROR.o
 .debug_rnglists
                0x00000000000001b2       0x3c ./Core/Src/RGBLED.o
 .debug_rnglists
                0x00000000000001ee       0x73 ./Core/Src/main.o
 .debug_rnglists
                0x0000000000000261       0x47 ./Core/Src/stm32f0xx_hal_msp.o
 .debug_rnglists
                0x00000000000002a8       0x49 ./Core/Src/stm32f0xx_it.o
 .debug_rnglists
                0x00000000000002f1       0x13 ./Core/Src/sysmem.o
 .debug_rnglists
                0x0000000000000304       0x1a ./Core/Src/system_stm32f0xx.o
 .debug_rnglists
                0x000000000000031e       0x19 ./Core/Startup/startup_stm32f072rbtx.o
 .debug_rnglists
                0x0000000000000337       0xb6 ./Drivers/SSD1306/ssd1306.o
 .debug_rnglists
                0x00000000000003ed       0x97 ./Drivers/STM32F0xx_HAL_Driver/Src/stm32f0xx_hal.o
 .debug_rnglists
                0x0000000000000484       0xc6 ./Drivers/STM32F0xx_HAL_Driver/Src/stm32f0xx_hal_adc.o
 .debug_rnglists
                0x000000000000054a       0x14 ./Drivers/STM32F0xx_HAL_Driver/Src/stm32f0xx_hal_adc_ex.o
 .debug_rnglists
                0x000000000000055e       0xee ./Drivers/STM32F0xx_HAL_Driver/Src/stm32f0xx_hal_can.o
 .debug_rnglists
                0x000000000000064c       0x8c ./Drivers/STM32F0xx_HAL_Driver/Src/stm32f0xx_hal_cortex.o
 .debug_rnglists
                0x00000000000006d8       0x6a ./Drivers/STM32F0xx_HAL_Driver/Src/stm32f0xx_hal_dma.o
 .debug_rnglists
                0x0000000000000742       0x3f ./Drivers/STM32F0xx_HAL_Driver/Src/stm32f0xx_hal_gpio.o
 .debug_rnglists
                0x0000000000000781       0x61 ./Drivers/STM32F0xx_HAL_Driver/Src/stm32f0xx_hal_rcc.o
 .debug_rnglists
                0x00000000000007e2      0x17a ./Drivers/STM32F0xx_HAL_Driver/Src/stm32f0xx_hal_spi.o
 .debug_rnglists
                0x000000000000095c      0x31c ./Drivers/STM32F0xx_HAL_Driver/Src/stm32f0xx_hal_tim.o
 .debug_rnglists
                0x0000000000000c78      0x126 ./Drivers/STM32F0xx_HAL_Driver/Src/stm32f0xx_hal_tim_ex.o

.debug_macro    0x0000000000000000    0x1c283
 .debug_macro   0x0000000000000000      0x216 ./Core/Src/ADC.o
 .debug_macro   0x0000000000000216      0xa7e ./Core/Src/ADC.o
 .debug_macro   0x0000000000000c94       0x22 ./Core/Src/ADC.o
 .debug_macro   0x0000000000000cb6       0x8e ./Core/Src/ADC.o
 .debug_macro   0x0000000000000d44       0x51 ./Core/Src/ADC.o
 .debug_macro   0x0000000000000d95      0x103 ./Core/Src/ADC.o
 .debug_macro   0x0000000000000e98       0x6a ./Core/Src/ADC.o
 .debug_macro   0x0000000000000f02      0x1df ./Core/Src/ADC.o
 .debug_macro   0x00000000000010e1      0x13f ./Core/Src/ADC.o
 .debug_macro   0x0000000000001220       0x2e ./Core/Src/ADC.o
 .debug_macro   0x000000000000124e       0x22 ./Core/Src/ADC.o
 .debug_macro   0x0000000000001270       0x1c ./Core/Src/ADC.o
 .debug_macro   0x000000000000128c       0x22 ./Core/Src/ADC.o
 .debug_macro   0x00000000000012ae       0xaf ./Core/Src/ADC.o
 .debug_macro   0x000000000000135d      0x391 ./Core/Src/ADC.o
 .debug_macro   0x00000000000016ee     0xfe73 ./Core/Src/ADC.o
 .debug_macro   0x0000000000011561       0x66 ./Core/Src/ADC.o
 .debug_macro   0x00000000000115c7     0x34be ./Core/Src/ADC.o
 .debug_macro   0x0000000000014a85      0x174 ./Core/Src/ADC.o
 .debug_macro   0x0000000000014bf9       0x55 ./Core/Src/ADC.o
 .debug_macro   0x0000000000014c4e      0x946 ./Core/Src/ADC.o
 .debug_macro   0x0000000000015594      0x5f3 ./Core/Src/ADC.o
 .debug_macro   0x0000000000015b87      0x1ae ./Core/Src/ADC.o
 .debug_macro   0x0000000000015d35      0x1a7 ./Core/Src/ADC.o
 .debug_macro   0x0000000000015edc      0x1a7 ./Core/Src/ADC.o
 .debug_macro   0x0000000000016083      0x22c ./Core/Src/ADC.o
 .debug_macro   0x00000000000162af       0x34 ./Core/Src/ADC.o
 .debug_macro   0x00000000000162e3       0x43 ./Core/Src/ADC.o
 .debug_macro   0x0000000000016326       0x28 ./Core/Src/ADC.o
 .debug_macro   0x000000000001634e      0x33d ./Core/Src/ADC.o
 .debug_macro   0x000000000001668b       0xd4 ./Core/Src/ADC.o
 .debug_macro   0x000000000001675f      0x408 ./Core/Src/ADC.o
 .debug_macro   0x0000000000016b67       0xb0 ./Core/Src/ADC.o
 .debug_macro   0x0000000000016c17      0x217 ./Core/Src/ADC.o
 .debug_macro   0x0000000000016e2e      0x22c ./Core/Src/ADC.o
 .debug_macro   0x000000000001705a       0x61 ./Core/Src/ADC.o
 .debug_macro   0x00000000000170bb       0xa5 ./Core/Src/ADC.o
 .debug_macro   0x0000000000017160       0x4c ./Core/Src/ADC.o
 .debug_macro   0x00000000000171ac      0x16d ./Core/Src/ADC.o
 .debug_macro   0x0000000000017319      0x2fe ./Core/Src/ADC.o
 .debug_macro   0x0000000000017617      0x8f4 ./Core/Src/ADC.o
 .debug_macro   0x0000000000017f0b       0x28 ./Core/Src/ADC.o
 .debug_macro   0x0000000000017f33      0x130 ./Core/Src/ADC.o
 .debug_macro   0x0000000000018063       0x1c ./Core/Src/ADC.o
 .debug_macro   0x000000000001807f      0x1b0 ./Core/Src/ADC.o
 .debug_macro   0x000000000001822f       0x16 ./Core/Src/ADC.o
 .debug_macro   0x0000000000018245      0x2be ./Core/Src/CAN.o
 .debug_macro   0x0000000000018503       0x10 ./Core/Src/CAN.o
 .debug_macro   0x0000000000018513       0x61 ./Core/Src/CAN.o
 .debug_macro   0x0000000000018574       0x24 ./Core/Src/CAN.o
 .debug_macro   0x0000000000018598       0x43 ./Core/Src/CAN.o
 .debug_macro   0x00000000000185db       0x34 ./Core/Src/CAN.o
 .debug_macro   0x000000000001860f       0x16 ./Core/Src/CAN.o
 .debug_macro   0x0000000000018625       0x43 ./Core/Src/CAN.o
 .debug_macro   0x0000000000018668       0x34 ./Core/Src/CAN.o
 .debug_macro   0x000000000001869c       0x10 ./Core/Src/CAN.o
 .debug_macro   0x00000000000186ac       0x58 ./Core/Src/CAN.o
 .debug_macro   0x0000000000018704       0x8e ./Core/Src/CAN.o
 .debug_macro   0x0000000000018792       0x1c ./Core/Src/CAN.o
 .debug_macro   0x00000000000187ae      0x177 ./Core/Src/CAN.o
 .debug_macro   0x0000000000018925      0x369 ./Core/Src/CAN.o
 .debug_macro   0x0000000000018c8e       0x10 ./Core/Src/CAN.o
 .debug_macro   0x0000000000018c9e       0x35 ./Core/Src/CAN.o
 .debug_macro   0x0000000000018cd3       0x20 ./Core/Src/CAN.o
 .debug_macro   0x0000000000018cf3      0x349 ./Core/Src/DISPLAYFUN.o
 .debug_macro   0x000000000001903c       0x22 ./Core/Src/DISPLAYFUN.o
 .debug_macro   0x000000000001905e       0x7c ./Core/Src/DISPLAYFUN.o
 .debug_macro   0x00000000000190da       0x28 ./Core/Src/DISPLAYFUN.o
 .debug_macro   0x0000000000019102       0x22 ./Core/Src/DISPLAYFUN.o
 .debug_macro   0x0000000000019124       0x22 ./Core/Src/DISPLAYFUN.o
 .debug_macro   0x0000000000019146       0x1c ./Core/Src/DISPLAYFUN.o
 .debug_macro   0x0000000000019162       0x10 ./Core/Src/DISPLAYFUN.o
 .debug_macro   0x0000000000019172       0x1c ./Core/Src/DISPLAYFUN.o
 .debug_macro   0x000000000001918e       0x16 ./Core/Src/DISPLAYFUN.o
 .debug_macro   0x00000000000191a4      0x147 ./Core/Src/DISPLAYFUN.o
 .debug_macro   0x00000000000192eb      0x2fc ./Core/Src/ERROR.o
 .debug_macro   0x00000000000195e7      0x1aa ./Core/Src/ERROR.o
 .debug_macro   0x0000000000019791       0x16 ./Core/Src/ERROR.o
 .debug_macro   0x00000000000197a7       0x16 ./Core/Src/ERROR.o
 .debug_macro   0x00000000000197bd      0x1f1 ./Core/Src/RGBLED.o
 .debug_macro   0x00000000000199ae      0x357 ./Core/Src/main.o
 .debug_macro   0x0000000000019d05       0x10 ./Core/Src/main.o
 .debug_macro   0x0000000000019d15       0x10 ./Core/Src/main.o
 .debug_macro   0x0000000000019d25       0x22 ./Core/Src/main.o
 .debug_macro   0x0000000000019d47       0x10 ./Core/Src/main.o
 .debug_macro   0x0000000000019d57      0x1f0 ./Core/Src/stm32f0xx_hal_msp.o
 .debug_macro   0x0000000000019f47      0x1fa ./Core/Src/stm32f0xx_it.o
 .debug_macro   0x000000000001a141       0xff ./Core/Src/sysmem.o
 .debug_macro   0x000000000001a240      0x23c ./Core/Src/sysmem.o
 .debug_macro   0x000000000001a47c      0x1e1 ./Core/Src/system_stm32f0xx.o
 .debug_macro   0x000000000001a65d      0x315 ./Drivers/SSD1306/ssd1306.o
 .debug_macro   0x000000000001a972      0x19b ./Drivers/SSD1306/ssd1306.o
 .debug_macro   0x000000000001ab0d       0x16 ./Drivers/SSD1306/ssd1306.o
 .debug_macro   0x000000000001ab23      0x237 ./Drivers/SSD1306/ssd1306_fonts.o
 .debug_macro   0x000000000001ad5a      0x205 ./Drivers/STM32F0xx_HAL_Driver/Src/stm32f0xx_hal.o
 .debug_macro   0x000000000001af5f      0x205 ./Drivers/STM32F0xx_HAL_Driver/Src/stm32f0xx_hal_adc.o
 .debug_macro   0x000000000001b164      0x1ed ./Drivers/STM32F0xx_HAL_Driver/Src/stm32f0xx_hal_adc_ex.o
 .debug_macro   0x000000000001b351      0x1e9 ./Drivers/STM32F0xx_HAL_Driver/Src/stm32f0xx_hal_can.o
 .debug_macro   0x000000000001b53a      0x1e1 ./Drivers/STM32F0xx_HAL_Driver/Src/stm32f0xx_hal_cortex.o
 .debug_macro   0x000000000001b71b      0x1e1 ./Drivers/STM32F0xx_HAL_Driver/Src/stm32f0xx_hal_dma.o
 .debug_macro   0x000000000001b8fc      0x1e8 ./Drivers/STM32F0xx_HAL_Driver/Src/stm32f0xx_hal_gpio.o
 .debug_macro   0x000000000001bae4      0x1f3 ./Drivers/STM32F0xx_HAL_Driver/Src/stm32f0xx_hal_rcc.o
 .debug_macro   0x000000000001bcd7      0x1e9 ./Drivers/STM32F0xx_HAL_Driver/Src/stm32f0xx_hal_spi.o
 .debug_macro   0x000000000001bec0      0x1e2 ./Drivers/STM32F0xx_HAL_Driver/Src/stm32f0xx_hal_tim.o
 .debug_macro   0x000000000001c0a2      0x1e1 ./Drivers/STM32F0xx_HAL_Driver/Src/stm32f0xx_hal_tim_ex.o

.debug_line     0x0000000000000000    0x161d1
 .debug_line    0x0000000000000000      0xb2b ./Core/Src/ADC.o
 .debug_line    0x0000000000000b2b      0xbd7 ./Core/Src/CAN.o
 .debug_line    0x0000000000001702     0x1396 ./Core/Src/DISPLAYFUN.o
 .debug_line    0x0000000000002a98      0x9eb ./Core/Src/ERROR.o
 .debug_line    0x0000000000003483      0xa31 ./Core/Src/RGBLED.o
 .debug_line    0x0000000000003eb4      0xeaa ./Core/Src/main.o
 .debug_line    0x0000000000004d5e      0x935 ./Core/Src/stm32f0xx_hal_msp.o
 .debug_line    0x0000000000005693      0x88b ./Core/Src/stm32f0xx_it.o
 .debug_line    0x0000000000005f1e      0x579 ./Core/Src/sysmem.o
 .debug_line    0x0000000000006497      0x830 ./Core/Src/system_stm32f0xx.o
 .debug_line    0x0000000000006cc7       0x7b ./Core/Startup/startup_stm32f072rbtx.o
 .debug_line    0x0000000000006d42     0x11f8 ./Drivers/SSD1306/ssd1306.o
 .debug_line    0x0000000000007f3a      0x8a6 ./Drivers/SSD1306/ssd1306_fonts.o
 .debug_line    0x00000000000087e0      0xa23 ./Drivers/STM32F0xx_HAL_Driver/Src/stm32f0xx_hal.o
 .debug_line    0x0000000000009203     0x126f ./Drivers/STM32F0xx_HAL_Driver/Src/stm32f0xx_hal_adc.o
 .debug_line    0x000000000000a472      0x839 ./Drivers/STM32F0xx_HAL_Driver/Src/stm32f0xx_hal_adc_ex.o