Archive member included to satisfy reference by file (symbol)

C:/ST/STM32CubeIDE_1.13.2/STM32CubeIDE/plugins/com.st.stm32cube.ide.mcu.externaltools.gnu-tools-for-stm32.11.3.rel1.win32_1.1.1.202309131626/tools/bin/../lib/gcc/arm-none-eabi/11.3.1/../../../../arm-none-eabi/lib/thumb/v6-m/nofp\libc_nano.a(libc_a-exit.o)
                              C:/ST/STM32CubeIDE_1.13.2/STM32CubeIDE/plugins/com.st.stm32cube.ide.mcu.externaltools.gnu-tools-for-stm32.11.3.rel1.win32_1.1.1.202309131626/tools/bin/../lib/gcc/arm-none-eabi/11.3.1/../../../../arm-none-eabi/lib/thumb/v6-m/nofp/crt0.o (exit)
C:/ST/STM32CubeIDE_1.13.2/STM32CubeIDE/plugins/com.st.stm32cube.ide.mcu.externaltools.gnu-tools-for-stm32.11.3.rel1.win32_1.1.1.202309131626/tools/bin/../lib/gcc/arm-none-eabi/11.3.1/../../../../arm-none-eabi/lib/thumb/v6-m/nofp\libc_nano.a(libc_a-findfp.o)
                              C:/ST/STM32CubeIDE_1.13.2/STM32CubeIDE/plugins/com.st.stm32cube.ide.mcu.externaltools.gnu-tools-for-stm32.11.3.rel1.win32_1.1.1.202309131626/tools/bin/../lib/gcc/arm-none-eabi/11.3.1/../../../../arm-none-eabi/lib/thumb/v6-m/nofp\libc_nano.a(libc_a-exit.o) (__stdio_exit_handler)
C:/ST/STM32CubeIDE_1.13.2/STM32CubeIDE/plugins/com.st.stm32cube.ide.mcu.externaltools.gnu-tools-for-stm32.11.3.rel1.win32_1.1.1.202309131626/tools/bin/../lib/gcc/arm-none-eabi/11.3.1/../../../../arm-none-eabi/lib/thumb/v6-m/nofp\libc_nano.a(libc_a-fwalk.o)
                              C:/ST/STM32CubeIDE_1.13.2/STM32CubeIDE/plugins/com.st.stm32cube.ide.mcu.externaltools.gnu-tools-for-stm32.11.3.rel1.win32_1.1.1.202309131626/tools/bin/../lib/gcc/arm-none-eabi/11.3.1/../../../../arm-none-eabi/lib/thumb/v6-m/nofp\libc_nano.a(libc_a-findfp.o) (_fwalk_sglue)
C:/ST/STM32CubeIDE_1.13.2/STM32CubeIDE/plugins/com.st.stm32cube.ide.mcu.externaltools.gnu-tools-for-stm32.11.3.rel1.win32_1.1.1.202309131626/tools/bin/../lib/gcc/arm-none-eabi/11.3.1/../../../../arm-none-eabi/lib/thumb/v6-m/nofp\libc_nano.a(libc_a-printf.o)
                              ./Core/Src/ERROR.o (printf)
C:/ST/STM32CubeIDE_1.13.2/STM32CubeIDE/plugins/com.st.stm32cube.ide.mcu.externaltools.gnu-tools-for-stm32.11.3.rel1.win32_1.1.1.202309131626/tools/bin/../lib/gcc/arm-none-eabi/11.3.1/../../../../arm-none-eabi/lib/thumb/v6-m/nofp\libc_nano.a(libc_a-snprintf.o)
                              ./Core/Src/ERROR.o (snprintf)
C:/ST/STM32CubeIDE_1.13.2/STM32CubeIDE/plugins/com.st.stm32cube.ide.mcu.externaltools.gnu-tools-for-stm32.11.3.rel1.win32_1.1.1.202309131626/tools/bin/../lib/gcc/arm-none-eabi/11.3.1/../../../../arm-none-eabi/lib/thumb/v6-m/nofp\libc_nano.a(libc_a-stdio.o)
                              C:/ST/STM32CubeIDE_1.13.2/STM32CubeIDE/plugins/com.st.stm32cube.ide.mcu.externaltools.gnu-tools-for-stm32.11.3.rel1.win32_1.1.1.202309131626/tools/bin/../lib/gcc/arm-none-eabi/11.3.1/../../../../arm-none-eabi/lib/thumb/v6-m/nofp\libc_nano.a(libc_a-findfp.o) (__sread)
C:/ST/STM32CubeIDE_1.13.2/STM32CubeIDE/plugins/com.st.stm32cube.ide.mcu.externaltools.gnu-tools-for-stm32.11.3.rel1.win32_1.1.1.202309131626/tools/bin/../lib/gcc/arm-none-eabi/11.3.1/../../../../arm-none-eabi/lib/thumb/v6-m/nofp\libc_nano.a(libc_a-memset.o)
                              C:/ST/STM32CubeIDE_1.13.2/STM32CubeIDE/plugins/com.st.stm32cube.ide.mcu.externaltools.gnu-tools-for-stm32.11.3.rel1.win32_1.1.1.202309131626/tools/bin/../lib/gcc/arm-none-eabi/11.3.1/../../../../arm-none-eabi/lib/thumb/v6-m/nofp/crt0.o (memset)
C:/ST/STM32CubeIDE_1.13.2/STM32CubeIDE/plugins/com.st.stm32cube.ide.mcu.externaltools.gnu-tools-for-stm32.11.3.rel1.win32_1.1.1.202309131626/tools/bin/../lib/gcc/arm-none-eabi/11.3.1/../../../../arm-none-eabi/lib/thumb/v6-m/nofp\libc_nano.a(libc_a-closer.o)
                              C:/ST/STM32CubeIDE_1.13.2/STM32CubeIDE/plugins/com.st.stm32cube.ide.mcu.externaltools.gnu-tools-for-stm32.11.3.rel1.win32_1.1.1.202309131626/tools/bin/../lib/gcc/arm-none-eabi/11.3.1/../../../../arm-none-eabi/lib/thumb/v6-m/nofp\libc_nano.a(libc_a-stdio.o) (_close_r)
C:/ST/STM32CubeIDE_1.13.2/STM32CubeIDE/plugins/com.st.stm32cube.ide.mcu.externaltools.gnu-tools-for-stm32.11.3.rel1.win32_1.1.1.202309131626/tools/bin/../lib/gcc/arm-none-eabi/11.3.1/../../../../arm-none-eabi/lib/thumb/v6-m/nofp\libc_nano.a(libc_a-reent.o)
                              C:/ST/STM32CubeIDE_1.13.2/STM32CubeIDE/plugins/com.st.stm32cube.ide.mcu.externaltools.gnu-tools-for-stm32.11.3.rel1.win32_1.1.1.202309131626/tools/bin/../lib/gcc/arm-none-eabi/11.3.1/../../../../arm-none-eabi/lib/thumb/v6-m/nofp\libc_nano.a(libc_a-closer.o) (errno)
C:/ST/STM32CubeIDE_1.13.2/STM32CubeIDE/plugins/com.st.stm32cube.ide.mcu.externaltools.gnu-tools-for-stm32.11.3.rel1.win32_1.1.1.202309131626/tools/bin/../lib/gcc/arm-none-eabi/11.3.1/../../../../arm-none-eabi/lib/thumb/v6-m/nofp\libc_nano.a(libc_a-impure.o)
[...]
Memory Configuration

Name             Origin             Length             Attributes
RAM              0x0000000020000000 0x0000000000004000 xrw
FLASH            0x0000000008000000 0x0000000000020000 xr
*default*        0x0000000000000000 0xffffffffffffffff

Linker script and memory map

LOAD C:/ST/STM32CubeIDE_1.13.2/STM32CubeIDE/plugins/com.st.stm32cube.ide.mcu.externaltools.gnu-tools-for-stm32.11.3.rel1.win32_1.1.1.202309131626/tools/bin/../lib/gcc/arm-none-eabi/11.3.1/thumb/v6-m/nofp/crti.o
LOAD C:/ST/STM32CubeIDE_1.13.2/STM32CubeIDE/plugins/com.st.stm32cube.ide.mcu.externaltools.gnu-tools-for-stm32.11.3.rel1.win32_1.1.1.202309131626/tools/bin/../lib/gcc/arm-none-eabi/11.3.1/thumb/v6-m/nofp/crtbegin.o
LOAD C:/ST/STM32CubeIDE_1.13.2/STM32CubeIDE/plugins/com.st.stm32cube.ide.mcu.externaltools.gnu-tools-for-stm32.11.3.rel1.win32_1.1.1.202309131626/tools/bin/../lib/gcc/arm-none-eabi/11.3.1/../../../../arm-none-eabi/lib/thumb/v6-m/nofp/crt0.o
LOAD ./Core/Src/ADC.o
LOAD ./Core/Src/CAN.o
LOAD ./Core/Src/ERROR.o
LOAD ./Core/Src/LOOP_TIMER.o
LOAD ./Core/Src/RGBLED.o
LOAD ./Core/Src/main.o
LOAD ./Core/Src/stm32f0xx_hal_msp.o
LOAD ./Core/Src/stm32f0xx_it.o
LOAD ./Core/Src/syscalls.o
LOAD ./Core/Src/sysmem.o
LOAD ./Core/Src/system_stm32f0xx.o
LOAD ./Core/Startup/startup_stm32f072rbtx.o
LOAD ./Drivers/SSD1306/ssd1306.o
LOAD ./Drivers/SSD1306/ssd1306_fonts.o
LOAD ./Drivers/STM32F0xx_HAL_Driver/Src/stm32f0xx_hal.o
LOAD ./Drivers/STM32F0xx_HAL_Driver/Src/stm32f0xx_hal_adc.o
LOAD ./Drivers/STM32F0xx_HAL_Driver/Src/stm32f0xx_hal_adc_ex.o
LOAD ./Drivers/STM32F0xx_HAL_Driver/Src/stm32f0xx_hal_can.o
LOAD ./Drivers/STM32F0xx_HAL_Driver/Src/stm32f0xx_hal_cortex.o
LOAD ./Drivers/STM32F0xx_HAL_Driver/Src/stm32f0xx_hal_dma.o
LOAD ./Drivers/STM32F0xx_HAL_Driver/Src/stm32f0xx_hal_exti.o
LOAD ./Drivers/STM32F0xx_HAL_Driver/Src/stm32f0xx_hal_flash.o
LOAD ./Drivers/STM32F0xx_HAL_Driver/Src/stm32f0xx_hal_flash_ex.o
LOAD ./Drivers/STM32F0xx_HAL_Driver/Src/stm32f0xx_hal_gpio.o
LOAD ./Drivers/STM32F0xx_HAL_Driver/Src/stm32f0xx_hal_i2c.o
LOAD ./Drivers/STM32F0xx_HAL_Driver/Src/stm32f0xx_hal_i2c_ex.o
LOAD ./Drivers/STM32F0xx_HAL_Driver/Src/stm32f0xx_hal_pwr.o
LOAD ./Drivers/STM32F0xx_HAL_Driver/Src/stm32f0xx_hal_pwr_ex.o
LOAD ./Drivers/STM32F0xx_HAL_Driver/Src/stm32f0xx_hal_rcc.o
LOAD ./Drivers/STM32F0xx_HAL_Driver/Src/stm32f0xx_hal_rcc_ex.o
LOAD ./Drivers/STM32F0xx_HAL_Driver/Src/stm32f0xx_hal_spi.o
LOAD ./Drivers/STM32F0xx_HAL_Driver/Src/stm32f0xx_hal_spi_ex.o
LOAD ./Drivers/STM32F0xx_HAL_Driver/Src/stm32f0xx_hal_tim.o
LOAD ./Drivers/STM32F0xx_HAL_Driver/Src/stm32f0xx_hal_tim_ex.o
START GROUP
LOAD C:/ST/STM32CubeIDE_1.13.2/STM32CubeIDE/plugins/com.st.stm32cube.ide.mcu.externaltools.gnu-tools-for-stm32.11.3.rel1.win32_1.1.1.202309131626/tools/bin/../lib/gcc/arm-none-eabi/11.3.1/../../../../arm-none-eabi/lib/thumb/v6-m/nofp\libc_nano.a
LOAD C:/ST/STM32CubeIDE_1.13.2/STM32CubeIDE/plugins/com.st.stm32cube.ide.mcu.externaltools.gnu-tools-for-stm32.11.3.rel1.win32_1.1.1.202309131626/tools/bin/../lib/gcc/arm-none-eabi/11.3.1/../../../../arm-none-eabi/lib/thumb/v6-m/nofp\libm.a
END GROUP
START GROUP
LOAD C:/ST/STM32CubeIDE_1.13.2/STM32CubeIDE/plugins/com.st.stm32cube.ide.mcu.externaltools.gnu-tools-for-stm32.11.3.rel1.win32_1.1.1.202309131626/tools/bin/../lib/gcc/arm-none-eabi/11.3.1/thumb/v6-m/nofp\libgcc.a
LOAD C:/ST/STM32CubeIDE_1.13.2/STM32CubeIDE/plugins/com.st.stm32cube.ide.mcu.externaltools.gnu-tools-for-stm32.11.3.rel1.win32_1.1.1.202309131626/tools/bin/../lib/gcc/arm-none-eabi/11.3.1/../../../../arm-none-eabi/lib/thumb/v6-m/nofp\libc_nano.a
END GROUP
START GROUP
LOAD C:/ST/STM32CubeIDE_1.13.2/STM32CubeIDE/plugins/com.st.stm32cube.ide.mcu.externaltools.gnu-tools-for-stm32.11.3.rel1.win32_1.1.1.202309131626/tools/bin/../lib/gcc/arm-none-eabi/11.3.1/thumb/v6-m/nofp\libgcc.a
LOAD C:/ST/STM32CubeIDE_1.13.2/STM32CubeIDE/plugins/com.st.stm32cube.ide.mcu.externaltools.gnu-tools-for-stm32.11.3.rel1.win32_1.1.1.202309131626/tools/bin/../lib/gcc/arm-none-eabi/11.3.1/../../../../arm-none-eabi/lib/thumb/v6-m/nofp\libc_nano.a
LOAD C:/ST/STM32CubeIDE_1.13.2/STM32CubeIDE/plugins/com.st.stm32cube.ide.mcu.externaltools.gnu-tools-for-stm32.11.3.rel1.win32_1.1.1.202309131626/tools/bin/../lib/gcc/arm-none-eabi/11.3.1/../../../../arm-none-eabi/lib/thumb/v6-m/nofp\libnosys.a
END GROUP
START GROUP
LOAD C:/ST/STM32CubeIDE_1.13.2/STM32CubeIDE/plugins/com.st.stm32cube.ide.mcu.externaltools.gnu-tools-for-stm32.11.3.rel1.win32_1.1.1.202309131626/tools/bin/../lib/gcc/arm-none-eabi/11.3.1/thumb/v6-m/nofp\libgcc.a
LOAD C:/ST/STM32CubeIDE_1.13.2/STM32CubeIDE/plugins/com.st.stm32cube.ide.mcu.externaltools.gnu-tools-for-stm32.11.3.rel1.win32_1.1.1.202309131626/tools/bin/../lib/gcc/arm-none-eabi/11.3.1/../../../../arm-none-eabi/lib/thumb/v6-m/nofp\libc_nano.a
LOAD C:/ST/STM32CubeIDE_1.13.2/STM32CubeIDE/plugins/com.st.stm32cube.ide.mcu.externaltools.gnu-tools-for-stm32.11.3.rel1.win32_1.1.1.202309131626/tools/bin/../lib/gcc/arm-none-eabi/11.3.1/../../../../arm-none-eabi/lib/thumb/v6-m/nofp\libnosys.a
END GROUP
LOAD C:/ST/STM32CubeIDE_1.13.2/STM32CubeIDE/plugins/com.st.stm32cube.ide.mcu.externaltools.gnu-tools-for-stm32.11.3.rel1.win32_1.1.1.202309131626/tools/bin/../lib/gcc/arm-none-eabi/11.3.1/thumb/v6-m/nofp/crtend.o
LOAD C:/ST/STM32CubeIDE_1.13.2/STM32CubeIDE/plugins/com.st.stm32cube.ide.mcu.externaltools.gnu-tools-for-stm32.11.3.rel1.win32_1.1.1.202309131626/tools/bin/../lib/gcc/arm-none-eabi/11.3.1/thumb/v6-m/nofp/crtn.o
                0x0000000020004000                _estack = (ORIGIN (RAM) + LENGTH (RAM))
                0x0000000000000200                _Min_Heap_Size = 0x200
                0x0000000000000400                _Min_Stack_Size = 0x400

.isr_vector     0x0000000008000000       0xc0
                0x0000000008000000                . = ALIGN (0x4)
 *(.isr_vector)
 .isr_vector    0x0000000008000000       0xc0 ./Core/Startup/startup_stm32f072rbtx.o
                0x0000000008000000                g_pfnVectors
                0x00000000080000c0                . = ALIGN (0x4)

.text           0x00000000080000c0     0x6de0
                0x00000000080000c0                . = ALIGN (0x4)
 *(.text)
 .text          0x00000000080000c0       0x48 C:/ST/STM32CubeIDE_1.13.2/STM32CubeIDE/plugins/com.st.stm32cube.ide.mcu.externaltools.gnu-tools-for-stm32.11.3.rel1.win32_1.1.1.202309131626/tools/bin/../lib/gcc/arm-none-eabi/11.3.1/thumb/v6-m/nofp/crtbegin.o
 .text          0x0000000008000108       0x14 C:/ST/STM32CubeIDE_1.13.2/STM32CubeIDE/plugins/com.st.stm32cube.ide.mcu.externaltools.gnu-tools-for-stm32.11.3.rel1.win32_1.1.1.202309131626/tools/bin/../lib/gcc/arm-none-eabi/11.3.1/thumb/v6-m/nofp\libgcc.a(_thumb1_case_shi.o)
                0x0000000008000108                __gnu_thumb1_case_shi
 .text          0x000000000800011c      0x114 C:/ST/STM32CubeIDE_1.13.2/STM32CubeIDE/plugins/com.st.stm32cube.ide.mcu.externaltools.gnu-tools-for-stm32.11.3.rel1.win32_1.1.1.202309131626/tools/bin/../lib/gcc/arm-none-eabi/11.3.1/thumb/v6-m/nofp\libgcc.a(_udivsi3.o)
                0x000000000800011c                __aeabi_uidiv
                0x000000000800011c                __udivsi3
                0x0000000008000228                __aeabi_uidivmod
 .text          0x0000000008000230      0x1d4 C:/ST/STM32CubeIDE_1.13.2/STM32CubeIDE/plugins/com.st.stm32cube.ide.mcu.externaltools.gnu-tools-for-stm32.11.3.rel1.win32_1.1.1.202309131626/tools/bin/../lib/gcc/arm-none-eabi/11.3.1/thumb/v6-m/nofp\libgcc.a(_divsi3.o)
                0x0000000008000230                __divsi3
                0x0000000008000230                __aeabi_idiv
                0x00000000080003fc                __aeabi_idivmod
 .text          0x0000000008000404        0x4 C:/ST/STM32CubeIDE_1.13.2/STM32CubeIDE/plugins/com.st.stm32cube.ide.mcu.externaltools.gnu-tools-for-stm32.11.3.rel1.win32_1.1.1.202309131626/tools/bin/../lib/gcc/arm-none-eabi/11.3.1/thumb/v6-m/nofp\libgcc.a(_dvmd_tls.o)
                0x0000000008000404                __aeabi_idiv0
                0x0000000008000404                __aeabi_ldiv0
 *(.text*)
 .text.write_ctrl
                0x0000000008000408       0x58 ./Core/Src/ADC.o
 .text.write_ntc
                0x0000000008000460       0x5c ./Core/Src/ADC.o
 .text.ADC_CtrlInitDefaults
                0x00000000080004bc       0x64 ./Core/Src/ADC.o
                0x00000000080004bc                ADC_CtrlInitDefaults
 .text.ADC_CtrlApply
                0x0000000008000520       0x5e ./Core/Src/ADC.o
                0x0000000008000520                ADC_CtrlApply
 *fill*         0x000000000800057e        0x2 
 .text.ADC_CtrlGet
                0x0000000008000580       0x58 ./Core/Src/ADC.o
                0x0000000008000580                ADC_CtrlGet
 .text.ADC_FlushChannel
                0x00000000080005d8       0x4c ./Core/Src/ADC.o
                0x00000000080005d8                ADC_FlushChannel
 .text.ADC_HandleCAN
                0x0000000008000624       0xa0 ./Core/Src/ADC.o
                0x0000000008000624                ADC_HandleCAN
 .text.ADC_SendCurrentConfig
                0x00000000080006c4       0x9c ./Core/Src/ADC.o
                0x00000000080006c4                ADC_SendCurrentConfig
 .text.ADC_Init
                0x0000000008000760       0x3c ./Core/Src/ADC.o
                0x0000000008000760                ADC_Init
 .text.HAL_ADC_ConvCpltCallback
                0x000000000800079c       0x24 ./Core/Src/ADC.o
                0x000000000800079c                HAL_ADC_ConvCpltCallback
 .text.HAL_ADC_ErrorCallback
                0x00000000080007c0       0x48 ./Core/Src/ADC.o
                0x00000000080007c0                HAL_ADC_ErrorCallback
 .text.ADC_Update
                0x0000000008000808      0x130 ./Core/Src/ADC.o
                0x0000000008000808                ADC_Update
 .text.ADC_GetAverage
                0x0000000008000938       0xa8 ./Core/Src/ADC.o
                0x0000000008000938                ADC_GetAverage
 .text.CAN_RegisterRxCallback
                0x00000000080009e0       0x1c ./Core/Src/CAN.o
                0x00000000080009e0                CAN_RegisterRxCallback
 .text.HAL_CAN_RxFifo0MsgPendingCallback
                0x00000000080009fc      0x190 ./Core/Src/CAN.o
                0x00000000080009fc                HAL_CAN_RxFifo0MsgPendingCallback
 .text.CAN_Init
                0x0000000008000b8c       0xb0 ./Core/Src/CAN.o
                0x0000000008000b8c                CAN_Init
 .text.TxQueue_IsFull
                0x0000000008000c3c       0x40 ./Core/Src/CAN.o
 .text.TxQueue_IsEmpty
                0x0000000008000c7c       0x28 ./Core/Src/CAN.o
 .text.TxQueue_Push
                0x0000000008000ca4       0x5c ./Core/Src/CAN.o
 .text.TxQueue_Peek
                0x0000000008000d00       0x34 ./Core/Src/CAN.o
 .text.TxQueue_Pop
                0x0000000008000d34       0x38 ./Core/Src/CAN.o
 .text.CAN_ProcessTxQueue
                0x0000000008000d6c       0xa8 ./Core/Src/CAN.o
 .text.HAL_CAN_TxMailbox0CompleteCallback
                0x0000000008000e14       0x14 ./Core/Src/CAN.o
                0x0000000008000e14                HAL_CAN_TxMailbox0CompleteCallback
 .text.HAL_CAN_TxMailbox1CompleteCallback
                0x0000000008000e28       0x14 ./Core/Src/CAN.o
                0x0000000008000e28                HAL_CAN_TxMailbox1CompleteCallback
 .text.HAL_CAN_TxMailbox2CompleteCallback
                0x0000000008000e3c       0x14 ./Core/Src/CAN.o
                0x0000000008000e3c                HAL_CAN_TxMailbox2CompleteCallback
 .text.CAN_QueueMessage
                0x0000000008000e50       0x2a ./Core/Src/CAN.o
                0x0000000008000e50                CAN_QueueMessage
 *fill*         0x0000000008000e7a        0x2 
 .text.CAN_GetMessage
                0x0000000008000e7c       0x68 ./Core/Src/CAN.o
                0x0000000008000e7c                CAN_GetMessage
 .text.Error_Register
                0x0000000008000ee4       0x3c ./Core/Src/ERROR.o
                0x0000000008000ee4                Error_Register
 .text.Error_Clear
                0x0000000008000f20       0x40 ./Core/Src/ERROR.o
                0x0000000008000f20                Error_Clear
 .text.Error_GetAll
                0x0000000008000f60       0x14 ./Core/Src/ERROR.o
                0x0000000008000f60                Error_GetAll
 .text.Display_ErrorStatus
                0x0000000008000f74       0x68 ./Core/Src/ERROR.o
                0x0000000008000f74                Display_ErrorStatus
 .text.Error_LED_Update
                0x0000000008000fdc       0x48 ./Core/Src/ERROR.o
                0x0000000008000fdc                Error_LED_Update
 .text.RGBLED_Init
                0x0000000008001024       0x6c ./Core/Src/RGBLED.o
                0x0000000008001024                RGBLED_Init
 .text.RGBLED_Set
                0x0000000008001090       0x90 ./Core/Src/RGBLED.o
                0x0000000008001090                RGBLED_Set
 .text.RGBLED_Update
                0x0000000008001120      0x12c ./Core/Src/RGBLED.o
                0x0000000008001120                RGBLED_Update
 .text.RGBLED_TestPattern
                0x000000000800124c       0x9c ./Core/Src/RGBLED.o
                0x000000000800124c                RGBLED_TestPattern
 .text.RGBLED_HandleCAN
                0x00000000080012e8       0xcc ./Core/Src/RGBLED.o
                0x00000000080012e8                RGBLED_HandleCAN
 .text.RGBLED_TimeoutCheck
                0x00000000080013b4       0x9c ./Core/Src/RGBLED.o
                0x00000000080013b4                RGBLED_TimeoutCheck
 .text.RGBLED_AllOff
                0x0000000008001450       0x3c ./Core/Src/RGBLED.o
                0x0000000008001450                RGBLED_AllOff
 .text.loop_init
                0x000000000800148c       0x44 ./Core/Src/main.o
                0x000000000800148c                loop_init
 .text.loop_due
                0x00000000080014d0       0x4c ./Core/Src/main.o
                0x00000000080014d0                loop_due
 .text.loop_start
                0x000000000800151c       0x34 ./Core/Src/main.o
                0x000000000800151c                loop_start
 .text.loop_end
                0x0000000008001550       0x84 ./Core/Src/main.o
                0x0000000008001550                loop_end
 .text.init_loops.0
                0x00000000080015d4       0x50 ./Core/Src/main.o
 .text.main     0x0000000008001624      0x440 ./Core/Src/main.o
                0x0000000008001624                main
 .text.SystemClock_Config
                0x0000000008001a64       0x90 ./Core/Src/main.o
                0x0000000008001a64                SystemClock_Config
 .text.MX_ADC_Init
                0x0000000008001af4      0x104 ./Core/Src/main.o
 .text.MX_CAN_Init
                0x0000000008001bf8       0x74 ./Core/Src/main.o
 .text.MX_SPI1_Init
                0x0000000008001c6c       0x7c ./Core/Src/main.o
 .text.MX_SPI2_Init
                0x0000000008001ce8       0x7c ./Core/Src/main.o
 .text.MX_TIM2_Init
                0x0000000008001d64       0xa8 ./Core/Src/main.o
 .text.MX_DMA_Init
                0x0000000008001e0c       0x3c ./Core/Src/main.o
 .text.MX_GPIO_Init
                0x0000000008001e48      0x234 ./Core/Src/main.o
 .text.Error_Handler
                0x000000000800207c        0xa ./Core/Src/main.o
                0x000000000800207c                Error_Handler
 *fill*         0x0000000008002086        0x2 
 .text.HAL_MspInit
                0x0000000008002088       0x48 ./Core/Src/stm32f0xx_hal_msp.o
                0x0000000008002088                HAL_MspInit
 .text.HAL_ADC_MspInit
                0x00000000080020d0       0xf4 ./Core/Src/stm32f0xx_hal_msp.o
                0x00000000080020d0                HAL_ADC_MspInit
 .text.HAL_CAN_MspInit
                0x00000000080021c4       0xac ./Core/Src/stm32f0xx_hal_msp.o
                0x00000000080021c4                HAL_CAN_MspInit
 .text.HAL_SPI_MspInit
                0x0000000008002270      0x180 ./Core/Src/stm32f0xx_hal_msp.o
                0x0000000008002270                HAL_SPI_MspInit
 .text.HAL_TIM_Base_MspInit
                0x00000000080023f0       0x38 ./Core/Src/stm32f0xx_hal_msp.o
                0x00000000080023f0                HAL_TIM_Base_MspInit
 .text.NMI_Handler
                0x0000000008002428        0x6 ./Core/Src/stm32f0xx_it.o
                0x0000000008002428                NMI_Handler
 .text.HardFault_Handler
                0x000000000800242e        0x6 ./Core/Src/stm32f0xx_it.o
                0x000000000800242e                HardFault_Handler
 .text.SVC_Handler
                0x0000000008002434        0xa ./Core/Src/stm32f0xx_it.o
                0x0000000008002434                SVC_Handler
 .text.PendSV_Handler
                0x000000000800243e        0xa ./Core/Src/stm32f0xx_it.o
                0x000000000800243e                PendSV_Handler
 .text.SysTick_Handler
                0x0000000008002448       0x1c ./Core/Src/stm32f0xx_it.o
                0x0000000008002448                SysTick_Handler
 .text.DMA1_Channel1_IRQHandler
                0x0000000008002464       0x18 ./Core/Src/stm32f0xx_it.o
                0x0000000008002464                DMA1_Channel1_IRQHandler
 .text.ADC1_COMP_IRQHandler
                0x000000000800247c       0x18 ./Core/Src/stm32f0xx_it.o
                0x000000000800247c                ADC1_COMP_IRQHandler
 .text.SPI1_IRQHandler
                0x0000000008002494       0x18 ./Core/Src/stm32f0xx_it.o
                0x0000000008002494                SPI1_IRQHandler
 .text.SPI2_IRQHandler
                0x00000000080024ac       0x18 ./Core/Src/stm32f0xx_it.o
                0x00000000080024ac                SPI2_IRQHandler
 .text.CEC_CAN_IRQHandler
                0x00000000080024c4       0x18 ./Core/Src/stm32f0xx_it.o
                0x00000000080024c4                CEC_CAN_IRQHandler
 .text._sbrk    0x00000000080024dc       0x6c ./Core/Src/sysmem.o
                0x00000000080024dc                _sbrk
 .text.SystemInit
                0x0000000008002548        0xa ./Core/Src/system_stm32f0xx.o
                0x0000000008002548                SystemInit
 *fill*         0x0000000008002552        0x2 
 .text.Reset_Handler
                0x0000000008002554       0x50 ./Core/Startup/startup_stm32f072rbtx.o
                0x0000000008002554                Reset_Handler
 .text.Default_Handler
                0x00000000080025a4        0x2 ./Core/Startup/startup_stm32f072rbtx.o
                0x00000000080025a4                TIM1_CC_IRQHandler
                0x00000000080025a4                TSC_IRQHandler
                0x00000000080025a4                I2C1_IRQHandler
                0x00000000080025a4                RCC_CRS_IRQHandler
                0x00000000080025a4                TIM6_DAC_IRQHandler
                0x00000000080025a4                USART3_4_IRQHandler
                0x00000000080025a4                EXTI2_3_IRQHandler
                0x00000000080025a4                I2C2_IRQHandler
                0x00000000080025a4                TIM17_IRQHandler
                0x00000000080025a4                RTC_IRQHandler
                0x00000000080025a4                PVD_VDDIO2_IRQHandler
                0x00000000080025a4                DMA1_Channel4_5_6_7_IRQHandler
                0x00000000080025a4                TIM16_IRQHandler
                0x00000000080025a4                TIM3_IRQHandler
                0x00000000080025a4                EXTI4_15_IRQHandler
                0x00000000080025a4                Default_Handler
                0x00000000080025a4                TIM14_IRQHandler
                0x00000000080025a4                TIM7_IRQHandler
                0x00000000080025a4                TIM15_IRQHandler
                0x00000000080025a4                EXTI0_1_IRQHandler
                0x00000000080025a4                USB_IRQHandler
                0x00000000080025a4                WWDG_IRQHandler
                0x00000000080025a4                TIM2_IRQHandler
                0x00000000080025a4                DMA1_Channel2_3_IRQHandler
                0x00000000080025a4                USART2_IRQHandler
                0x00000000080025a4                FLASH_IRQHandler
                0x00000000080025a4                USART1_IRQHandler
                0x00000000080025a4                TIM1_BRK_UP_TRG_COM_IRQHandler
 *fill*         0x00000000080025a6        0x2 
 .text.ssd1306_Reset
                0x00000000080025a8       0x40 ./Drivers/SSD1306/ssd1306.o
                0x00000000080025a8                ssd1306_Reset
 .text.ssd1306_WriteCommand
                0x00000000080025e8       0x50 ./Drivers/SSD1306/ssd1306.o
                0x00000000080025e8                ssd1306_WriteCommand
 .text.ssd1306_WriteData
                0x0000000008002638       0x50 ./Drivers/SSD1306/ssd1306.o
                0x0000000008002638                ssd1306_WriteData
 .text.ssd1306_Init
                0x0000000008002688       0xd8 ./Drivers/SSD1306/ssd1306.o
                0x0000000008002688                ssd1306_Init
 .text.ssd1306_Fill
                0x0000000008002760       0x34 ./Drivers/SSD1306/ssd1306.o
                0x0000000008002760                ssd1306_Fill
 .text.ssd1306_UpdateScreen
                0x0000000008002794       0x5c ./Drivers/SSD1306/ssd1306.o
                0x0000000008002794                ssd1306_UpdateScreen
 .text.ssd1306_DrawPixel
                0x00000000080027f0       0xc4 ./Drivers/SSD1306/ssd1306.o
                0x00000000080027f0                ssd1306_DrawPixel
 .text.ssd1306_WriteChar
                0x00000000080028b4      0x154 ./Drivers/SSD1306/ssd1306.o
                0x00000000080028b4                ssd1306_WriteChar
 .text.ssd1306_WriteString
                0x0000000008002a08       0x56 ./Drivers/SSD1306/ssd1306.o
                0x0000000008002a08                ssd1306_WriteString
 *fill*         0x0000000008002a5e        0x2 
 .text.ssd1306_SetCursor
                0x0000000008002a60       0x34 ./Drivers/SSD1306/ssd1306.o
                0x0000000008002a60                ssd1306_SetCursor
 .text.ssd1306_SetContrast
                0x0000000008002a94       0x30 ./Drivers/SSD1306/ssd1306.o
                0x0000000008002a94                ssd1306_SetContrast
 .text.ssd1306_SetDisplayOn
                0x0000000008002ac4       0x4c ./Drivers/SSD1306/ssd1306.o
                0x0000000008002ac4                ssd1306_SetDisplayOn
 .text.HAL_Init
                0x0000000008002b10       0x28 ./Drivers/STM32F0xx_HAL_Driver/Src/stm32f0xx_hal.o
                0x0000000008002b10                HAL_Init
 .text.HAL_InitTick
                0x0000000008002b38       0x68 ./Drivers/STM32F0xx_HAL_Driver/Src/stm32f0xx_hal.o
                0x0000000008002b38                HAL_InitTick
 .text.HAL_IncTick
                0x0000000008002ba0       0x24 ./Drivers/STM32F0xx_HAL_Driver/Src/stm32f0xx_hal.o
                0x0000000008002ba0                HAL_IncTick
 .text.HAL_GetTick
                0x0000000008002bc4       0x14 ./Drivers/STM32F0xx_HAL_Driver/Src/stm32f0xx_hal.o
                0x0000000008002bc4                HAL_GetTick
 .text.HAL_Delay
                0x0000000008002bd8       0x48 ./Drivers/STM32F0xx_HAL_Driver/Src/stm32f0xx_hal.o
                0x0000000008002bd8                HAL_Delay
 .text.HAL_ADC_Init
                0x0000000008002c20      0x280 ./Drivers/STM32F0xx_HAL_Driver/Src/stm32f0xx_hal_adc.o
                0x0000000008002c20                HAL_ADC_Init
 .text.HAL_ADC_Start_DMA
                0x0000000008002ea0      0x104 ./Drivers/STM32F0xx_HAL_Driver/Src/stm32f0xx_hal_adc.o
                0x0000000008002ea0                HAL_ADC_Start_DMA
 .text.HAL_ADC_IRQHandler
                0x0000000008002fa4      0x148 ./Drivers/STM32F0xx_HAL_Driver/Src/stm32f0xx_hal_adc.o
                0x0000000008002fa4                HAL_ADC_IRQHandler
 .text.HAL_ADC_ConvHalfCpltCallback
                0x00000000080030ec       0x10 ./Drivers/STM32F0xx_HAL_Driver/Src/stm32f0xx_hal_adc.o
                0x00000000080030ec                HAL_ADC_ConvHalfCpltCallback
 .text.HAL_ADC_LevelOutOfWindowCallback
                0x00000000080030fc       0x10 ./Drivers/STM32F0xx_HAL_Driver/Src/stm32f0xx_hal_adc.o
                0x00000000080030fc                HAL_ADC_LevelOutOfWindowCallback
 .text.HAL_ADC_ConfigChannel
                0x000000000800310c      0x21c ./Drivers/STM32F0xx_HAL_Driver/Src/stm32f0xx_hal_adc.o
                0x000000000800310c                HAL_ADC_ConfigChannel
 .text.HAL_ADC_GetError
                0x0000000008003328       0x14 ./Drivers/STM32F0xx_HAL_Driver/Src/stm32f0xx_hal_adc.o
                0x0000000008003328                HAL_ADC_GetError
 .text.ADC_Enable
                0x000000000800333c      0x108 ./Drivers/STM32F0xx_HAL_Driver/Src/stm32f0xx_hal_adc.o
 .text.ADC_DMAConvCplt
                0x0000000008003444       0xb4 ./Drivers/STM32F0xx_HAL_Driver/Src/stm32f0xx_hal_adc.o
 .text.ADC_DMAHalfConvCplt
                0x00000000080034f8       0x1e ./Drivers/STM32F0xx_HAL_Driver/Src/stm32f0xx_hal_adc.o
 .text.ADC_DMAError
                0x0000000008003516       0x36 ./Drivers/STM32F0xx_HAL_Driver/Src/stm32f0xx_hal_adc.o
 .text.HAL_ADCEx_Calibration_Start
                0x000000000800354c      0x150 ./Drivers/STM32F0xx_HAL_Driver/Src/stm32f0xx_hal_adc_ex.o
                0x000000000800354c                HAL_ADCEx_Calibration_Start
 .text.HAL_CAN_Init
                0x000000000800369c      0x1fc ./Drivers/STM32F0xx_HAL_Driver/Src/stm32f0xx_hal_can.o
                0x000000000800369c                HAL_CAN_Init
 .text.HAL_CAN_ConfigFilter
                0x0000000008003898      0x1e4 ./Drivers/STM32F0xx_HAL_Driver/Src/stm32f0xx_hal_can.o
                0x0000000008003898                HAL_CAN_ConfigFilter
 .text.HAL_CAN_Start
                0x0000000008003a7c       0x8c ./Drivers/STM32F0xx_HAL_Driver/Src/stm32f0xx_hal_can.o
                0x0000000008003a7c                HAL_CAN_Start
 .text.HAL_CAN_AddTxMessage
                0x0000000008003b08      0x1a4 ./Drivers/STM32F0xx_HAL_Driver/Src/stm32f0xx_hal_can.o
                0x0000000008003b08                HAL_CAN_AddTxMessage
 .text.HAL_CAN_IsTxMessagePending
                0x0000000008003cac       0x4e ./Drivers/STM32F0xx_HAL_Driver/Src/stm32f0xx_hal_can.o
                0x0000000008003cac                HAL_CAN_IsTxMessagePending
 .text.HAL_CAN_GetRxMessage
                0x0000000008003cfa      0x256 ./Drivers/STM32F0xx_HAL_Driver/Src/stm32f0xx_hal_can.o
                0x0000000008003cfa                HAL_CAN_GetRxMessage
 .text.HAL_CAN_ActivateNotification
                0x0000000008003f50       0x54 ./Drivers/STM32F0xx_HAL_Driver/Src/stm32f0xx_hal_can.o
                0x0000000008003f50                HAL_CAN_ActivateNotification
 .text.HAL_CAN_IRQHandler
                0x0000000008003fa4      0x368 ./Drivers/STM32F0xx_HAL_Driver/Src/stm32f0xx_hal_can.o
                0x0000000008003fa4                HAL_CAN_IRQHandler
 .text.HAL_CAN_TxMailbox0AbortCallback
                0x000000000800430c       0x10 ./Drivers/STM32F0xx_HAL_Driver/Src/stm32f0xx_hal_can.o
                0x000000000800430c                HAL_CAN_TxMailbox0AbortCallback
 .text.HAL_CAN_TxMailbox1AbortCallback
                0x000000000800431c       0x10 ./Drivers/STM32F0xx_HAL_Driver/Src/stm32f0xx_hal_can.o
                0x000000000800431c                HAL_CAN_TxMailbox1AbortCallback
 .text.HAL_CAN_TxMailbox2AbortCallback
                0x000000000800432c       0x10 ./Drivers/STM32F0xx_HAL_Driver/Src/stm32f0xx_hal_can.o
                0x000000000800432c                HAL_CAN_TxMailbox2AbortCallback
 .text.HAL_CAN_RxFifo0FullCallback
                0x000000000800433c       0x10 ./Drivers/STM32F0xx_HAL_Driver/Src/stm32f0xx_hal_can.o
                0x000000000800433c                HAL_CAN_RxFifo0FullCallback
 .text.HAL_CAN_RxFifo1MsgPendingCallback
                0x000000000800434c       0x10 ./Drivers/STM32F0xx_HAL_Driver/Src/stm32f0xx_hal_can.o
                0x000000000800434c                HAL_CAN_RxFifo1MsgPendingCallback
 .text.HAL_CAN_RxFifo1FullCallback
                0x000000000800435c       0x10 ./Drivers/STM32F0xx_HAL_Driver/Src/stm32f0xx_hal_can.o
                0x000000000800435c                HAL_CAN_RxFifo1FullCallback
 .text.HAL_CAN_SleepCallback
                0x000000000800436c       0x10 ./Drivers/STM32F0xx_HAL_Driver/Src/stm32f0xx_hal_can.o
                0x000000000800436c                HAL_CAN_SleepCallback
 .text.HAL_CAN_WakeUpFromRxMsgCallback
                0x000000000800437c       0x10 ./Drivers/STM32F0xx_HAL_Driver/Src/stm32f0xx_hal_can.o
                0x000000000800437c                HAL_CAN_WakeUpFromRxMsgCallback
 .text.HAL_CAN_ErrorCallback
                0x000000000800438c       0x10 ./Drivers/STM32F0xx_HAL_Driver/Src/stm32f0xx_hal_can.o
                0x000000000800438c                HAL_CAN_ErrorCallback
 .text.__NVIC_EnableIRQ
                0x000000000800439c       0x34 ./Drivers/STM32F0xx_HAL_Driver/Src/stm32f0xx_hal_cortex.o
 .text.__NVIC_SetPriority
                0x00000000080043d0       0xdc ./Drivers/STM32F0xx_HAL_Driver/Src/stm32f0xx_hal_cortex.o
 .text.SysTick_Config
                0x00000000080044ac       0x48 ./Drivers/STM32F0xx_HAL_Driver/Src/stm32f0xx_hal_cortex.o
 .text.HAL_NVIC_SetPriority
                0x00000000080044f4       0x2a ./Drivers/STM32F0xx_HAL_Driver/Src/stm32f0xx_hal_cortex.o
                0x00000000080044f4                HAL_NVIC_SetPriority
 .text.HAL_NVIC_EnableIRQ
                0x000000000800451e       0x20 ./Drivers/STM32F0xx_HAL_Driver/Src/stm32f0xx_hal_cortex.o
                0x000000000800451e                HAL_NVIC_EnableIRQ
 .text.HAL_SYSTICK_Config
                0x000000000800453e       0x1a ./Drivers/STM32F0xx_HAL_Driver/Src/stm32f0xx_hal_cortex.o
                0x000000000800453e                HAL_SYSTICK_Config
 .text.HAL_DMA_Init
                0x0000000008004558       0x90 ./Drivers/STM32F0xx_HAL_Driver/Src/stm32f0xx_hal_dma.o
                0x0000000008004558                HAL_DMA_Init
 .text.HAL_DMA_Start_IT
                0x00000000080045e8       0xcc ./Drivers/STM32F0xx_HAL_Driver/Src/stm32f0xx_hal_dma.o
                0x00000000080045e8                HAL_DMA_Start_IT
 .text.HAL_DMA_Abort_IT
                0x00000000080046b4       0x8a ./Drivers/STM32F0xx_HAL_Driver/Src/stm32f0xx_hal_dma.o
                0x00000000080046b4                HAL_DMA_Abort_IT
 .text.HAL_DMA_IRQHandler
                0x000000000800473e      0x144 ./Drivers/STM32F0xx_HAL_Driver/Src/stm32f0xx_hal_dma.o
                0x000000000800473e                HAL_DMA_IRQHandler
 .text.DMA_SetConfig
                0x0000000008004882       0x58 ./Drivers/STM32F0xx_HAL_Driver/Src/stm32f0xx_hal_dma.o
 *fill*         0x00000000080048da        0x2 
 .text.DMA_CalcBaseAndBitshift
                0x00000000080048dc       0x38 ./Drivers/STM32F0xx_HAL_Driver/Src/stm32f0xx_hal_dma.o
 .text.HAL_GPIO_Init
                0x0000000008004914      0x2f0 ./Drivers/STM32F0xx_HAL_Driver/Src/stm32f0xx_hal_gpio.o
                0x0000000008004914                HAL_GPIO_Init
 .text.HAL_GPIO_WritePin
                0x0000000008004c04       0x3a ./Drivers/STM32F0xx_HAL_Driver/Src/stm32f0xx_hal_gpio.o
                0x0000000008004c04                HAL_GPIO_WritePin
 .text.HAL_GPIO_TogglePin
                0x0000000008004c3e       0x36 ./Drivers/STM32F0xx_HAL_Driver/Src/stm32f0xx_hal_gpio.o
                0x0000000008004c3e                HAL_GPIO_TogglePin
 .text.HAL_RCC_OscConfig
                0x0000000008004c74      0x70c ./Drivers/STM32F0xx_HAL_Driver/Src/stm32f0xx_hal_rcc.o
                0x0000000008004c74                HAL_RCC_OscConfig
 .text.HAL_RCC_ClockConfig
                0x0000000008005380      0x1b4 ./Drivers/STM32F0xx_HAL_Driver/Src/stm32f0xx_hal_rcc.o
                0x0000000008005380                HAL_RCC_ClockConfig
 .text.HAL_RCC_GetSysClockFreq
                0x0000000008005534       0xe8 ./Drivers/STM32F0xx_HAL_Driver/Src/stm32f0xx_hal_rcc.o
                0x0000000008005534                HAL_RCC_GetSysClockFreq
 .text.HAL_SPI_Init
                0x000000000800561c      0x170 ./Drivers/STM32F0xx_HAL_Driver/Src/stm32f0xx_hal_spi.o
                0x000000000800561c                HAL_SPI_Init
 .text.HAL_SPI_Transmit
                0x000000000800578c      0x2be ./Drivers/STM32F0xx_HAL_Driver/Src/stm32f0xx_hal_spi.o
                0x000000000800578c                HAL_SPI_Transmit
 *fill*         0x0000000008005a4a        0x2 
 .text.HAL_SPI_IRQHandler
                0x0000000008005a4c      0x1d4 ./Drivers/STM32F0xx_HAL_Driver/Src/stm32f0xx_hal_spi.o
                0x0000000008005a4c                HAL_SPI_IRQHandler
 .text.HAL_SPI_ErrorCallback
                0x0000000008005c20       0x10 ./Drivers/STM32F0xx_HAL_Driver/Src/stm32f0xx_hal_spi.o
                0x0000000008005c20                HAL_SPI_ErrorCallback
 .text.SPI_DMAAbortOnError
                0x0000000008005c30       0x2c ./Drivers/STM32F0xx_HAL_Driver/Src/stm32f0xx_hal_spi.o
 .text.SPI_WaitFlagStateUntilTimeout
                0x0000000008005c5c      0x11c ./Drivers/STM32F0xx_HAL_Driver/Src/stm32f0xx_hal_spi.o
 .text.SPI_WaitFifoStateUntilTimeout
                0x0000000008005d78      0x144 ./Drivers/STM32F0xx_HAL_Driver/Src/stm32f0xx_hal_spi.o
 .text.SPI_EndRxTxTransaction
                0x0000000008005ebc       0x8c ./Drivers/STM32F0xx_HAL_Driver/Src/stm32f0xx_hal_spi.o
 .text.HAL_TIM_Base_Init
                0x0000000008005f48       0xa0 ./Drivers/STM32F0xx_HAL_Driver/Src/stm32f0xx_hal_tim.o
                0x0000000008005f48                HAL_TIM_Base_Init
 .text.HAL_TIM_Base_Start
                0x0000000008005fe8       0x94 ./Drivers/STM32F0xx_HAL_Driver/Src/stm32f0xx_hal_tim.o
                0x0000000008005fe8                HAL_TIM_Base_Start
 .text.HAL_TIM_ConfigClockSource
                0x000000000800607c      0x1a8 ./Drivers/STM32F0xx_HAL_Driver/Src/stm32f0xx_hal_tim.o
                0x000000000800607c                HAL_TIM_ConfigClockSource
 .text.TIM_Base_SetConfig
                0x0000000008006224      0x100 ./Drivers/STM32F0xx_HAL_Driver/Src/stm32f0xx_hal_tim.o
                0x0000000008006224                TIM_Base_SetConfig
 .text.TIM_TI1_ConfigInputStage
                0x0000000008006324       0x5c ./Drivers/STM32F0xx_HAL_Driver/Src/stm32f0xx_hal_tim.o
 .text.TIM_TI2_ConfigInputStage
                0x0000000008006380       0x64 ./Drivers/STM32F0xx_HAL_Driver/Src/stm32f0xx_hal_tim.o
 .text.TIM_ITRx_SetConfig
                0x00000000080063e4       0x32 ./Drivers/STM32F0xx_HAL_Driver/Src/stm32f0xx_hal_tim.o
 *fill*         0x0000000008006416        0x2 
 .text.TIM_ETR_SetConfig
                0x0000000008006418       0x40 ./Drivers/STM32F0xx_HAL_Driver/Src/stm32f0xx_hal_tim.o
                0x0000000008006418                TIM_ETR_SetConfig
 .text.HAL_TIMEx_MasterConfigSynchronization
                0x0000000008006458       0xbc ./Drivers/STM32F0xx_HAL_Driver/Src/stm32f0xx_hal_tim_ex.o
                0x0000000008006458                HAL_TIMEx_MasterConfigSynchronization
 .text.snprintf
                0x0000000008006514       0x68 C:/ST/STM32CubeIDE_1.13.2/STM32CubeIDE/plugins/com.st.stm32cube.ide.mcu.externaltools.gnu-tools-for-stm32.11.3.rel1.win32_1.1.1.202309131626/tools/bin/../lib/gcc/arm-none-eabi/11.3.1/../../../../arm-none-eabi/lib/thumb/v6-m/nofp\libc_nano.a(libc_a-snprintf.o)
                0x0000000008006514                sniprintf
                0x0000000008006514                snprintf
 .text.memset   0x000000000800657c       0x10 C:/ST/STM32CubeIDE_1.13.2/STM32CubeIDE/plugins/com.st.stm32cube.ide.mcu.externaltools.gnu-tools-for-stm32.11.3.rel1.win32_1.1.1.202309131626/tools/bin/../lib/gcc/arm-none-eabi/11.3.1/../../../../arm-none-eabi/lib/thumb/v6-m/nofp\libc_nano.a(libc_a-memset.o)
                0x000000000800657c                memset
 .text.__errno  0x000000000800658c        0xc C:/ST/STM32CubeIDE_1.13.2/STM32CubeIDE/plugins/com.st.stm32cube.ide.mcu.externaltools.gnu-tools-for-stm32.11.3.rel1.win32_1.1.1.202309131626/tools/bin/../lib/gcc/arm-none-eabi/11.3.1/../../../../arm-none-eabi/lib/thumb/v6-m/nofp\libc_nano.a(libc_a-errno.o)
                0x000000000800658c                __errno
 .text.__libc_init_array
                0x0000000008006598       0x48 C:/ST/STM32CubeIDE_1.13.2/STM32CubeIDE/plugins/com.st.stm32cube.ide.mcu.externaltools.gnu-tools-for-stm32.11.3.rel1.win32_1.1.1.202309131626/tools/bin/../lib/gcc/arm-none-eabi/11.3.1/../../../../arm-none-eabi/lib/thumb/v6-m/nofp\libc_nano.a(libc_a-init.o)
                0x0000000008006598                __libc_init_array
 .text.__retarget_lock_acquire_recursive
                0x00000000080065e0        0x2 C:/ST/STM32CubeIDE_1.13.2/STM32CubeIDE/plugins/com.st.stm32cube.ide.mcu.externaltools.gnu-tools-for-stm32.11.3.rel1.win32_1.1.1.202309131626/tools/bin/../lib/gcc/arm-none-eabi/11.3.1/../../../../arm-none-eabi/lib/thumb/v6-m/nofp\libc_nano.a(libc_a-lock.o)
                0x00000000080065e0                __retarget_lock_acquire_recursive
 .text.__retarget_lock_release_recursive
                0x00000000080065e2        0x2 C:/ST/STM32CubeIDE_1.13.2/STM32CubeIDE/plugins/com.st.stm32cube.ide.mcu.externaltools.gnu-tools-for-stm32.11.3.rel1.win32_1.1.1.202309131626/tools/bin/../lib/gcc/arm-none-eabi/11.3.1/../../../../arm-none-eabi/lib/thumb/v6-m/nofp\libc_nano.a(libc_a-lock.o)
                0x00000000080065e2                __retarget_lock_release_recursive
 .text.memcpy   0x00000000080065e4       0x12 C:/ST/STM32CubeIDE_1.13.2/STM32CubeIDE/plugins/com.st.stm32cube.ide.mcu.externaltools.gnu-tools-for-stm32.11.3.rel1.win32_1.1.1.202309131626/tools/bin/../lib/gcc/arm-none-eabi/11.3.1/../../../../arm-none-eabi/lib/thumb/v6-m/nofp\libc_nano.a(libc_a-memcpy-stub.o)
                0x00000000080065e4                memcpy
 *fill*         0x00000000080065f6        0x2 
 .text._free_r  0x00000000080065f8       0x94 C:/ST/STM32CubeIDE_1.13.2/STM32CubeIDE/plugins/com.st.stm32cube.ide.mcu.externaltools.gnu-tools-for-stm32.11.3.rel1.win32_1.1.1.202309131626/tools/bin/../lib/gcc/arm-none-eabi/11.3.1/../../../../arm-none-eabi/lib/thumb/v6-m/nofp\libc_nano.a(libc_a-freer.o)
                0x00000000080065f8                _free_r
 .text.sbrk_aligned
                0x000000000800668c       0x44 C:/ST/STM32CubeIDE_1.13.2/STM32CubeIDE/plugins/com.st.stm32cube.ide.mcu.externaltools.gnu-tools-for-stm32.11.3.rel1.win32_1.1.1.202309131626/tools/bin/../lib/gcc/arm-none-eabi/11.3.1/../../../../arm-none-eabi/lib/thumb/v6-m/nofp\libc_nano.a(libc_a-mallocr.o)
 .text._malloc_r
                0x00000000080066d0      0x104 C:/ST/STM32CubeIDE_1.13.2/STM32CubeIDE/plugins/com.st.stm32cube.ide.mcu.externaltools.gnu-tools-for-stm32.11.3.rel1.win32_1.1.1.202309131626/tools/bin/../lib/gcc/arm-none-eabi/11.3.1/../../../../arm-none-eabi/lib/thumb/v6-m/nofp\libc_nano.a(libc_a-mallocr.o)
                0x00000000080066d0                _malloc_r
 .text.__malloc_lock
                0x00000000080067d4       0x10 C:/ST/STM32CubeIDE_1.13.2/STM32CubeIDE/plugins/com.st.stm32cube.ide.mcu.externaltools.gnu-tools-for-stm32.11.3.rel1.win32_1.1.1.202309131626/tools/bin/../lib/gcc/arm-none-eabi/11.3.1/../../../../arm-none-eabi/lib/thumb/v6-m/nofp\libc_nano.a(libc_a-mlock.o)
                0x00000000080067d4                __malloc_lock
 .text.__malloc_unlock
                0x00000000080067e4       0x10 C:/ST/STM32CubeIDE_1.13.2/STM32CubeIDE/plugins/com.st.stm32cube.ide.mcu.externaltools.gnu-tools-for-stm32.11.3.rel1.win32_1.1.1.202309131626/tools/bin/../lib/gcc/arm-none-eabi/11.3.1/../../../../arm-none-eabi/lib/thumb/v6-m/nofp\libc_nano.a(libc_a-mlock.o)
                0x00000000080067e4                __malloc_unlock
 .text.__ssputs_r
                0x00000000080067f4       0xc4 C:/ST/STM32CubeIDE_1.13.2/STM32CubeIDE/plugins/com.st.stm32cube.ide.mcu.externaltools.gnu-tools-for-stm32.11.3.rel1.win32_1.1.1.202309131626/tools/bin/../lib/gcc/arm-none-eabi/11.3.1/../../../../arm-none-eabi/lib/thumb/v6-m/nofp\libc_nano.a(libc_a-nano-svfprintf.o)
                0x00000000080067f4                __ssputs_r
 .text._svfprintf_r
                0x00000000080068b8      0x200 C:/ST/STM32CubeIDE_1.13.2/STM32CubeIDE/plugins/com.st.stm32cube.ide.mcu.externaltools.gnu-tools-for-stm32.11.3.rel1.win32_1.1.1.202309131626/tools/bin/../lib/gcc/arm-none-eabi/11.3.1/../../../../arm-none-eabi/lib/thumb/v6-m/nofp\libc_nano.a(libc_a-nano-svfprintf.o)
                0x00000000080068b8                _svfiprintf_r
                0x00000000080068b8                _svfprintf_r
 .text._printf_common
                0x0000000008006ab8       0xde C:/ST/STM32CubeIDE_1.13.2/STM32CubeIDE/plugins/com.st.stm32cube.ide.mcu.externaltools.gnu-tools-for-stm32.11.3.rel1.win32_1.1.1.202309131626/tools/bin/../lib/gcc/arm-none-eabi/11.3.1/../../../../arm-none-eabi/lib/thumb/v6-m/nofp\libc_nano.a(libc_a-nano-vfprintf_i.o)
                0x0000000008006ab8                _printf_common
 *fill*         0x0000000008006b96        0x2 
 .text._printf_i
                0x0000000008006b98      0x220 C:/ST/STM32CubeIDE_1.13.2/STM32CubeIDE/plugins/com.st.stm32cube.ide.mcu.externaltools.gnu-tools-for-stm32.11.3.rel1.win32_1.1.1.202309131626/tools/bin/../lib/gcc/arm-none-eabi/11.3.1/../../../../arm-none-eabi/lib/thumb/v6-m/nofp\libc_nano.a(libc_a-nano-vfprintf_i.o)
                0x0000000008006b98                _printf_i
 .text.memmove  0x0000000008006db8       0x26 C:/ST/STM32CubeIDE_1.13.2/STM32CubeIDE/plugins/com.st.stm32cube.ide.mcu.externaltools.gnu-tools-for-stm32.11.3.rel1.win32_1.1.1.202309131626/tools/bin/../lib/gcc/arm-none-eabi/11.3.1/../../../../arm-none-eabi/lib/thumb/v6-m/nofp\libc_nano.a(libc_a-memmove.o)
                0x0000000008006db8                memmove
 *fill*         0x0000000008006dde        0x2 
 .text._sbrk_r  0x0000000008006de0       0x24 C:/ST/STM32CubeIDE_1.13.2/STM32CubeIDE/plugins/com.st.stm32cube.ide.mcu.externaltools.gnu-tools-for-stm32.11.3.rel1.win32_1.1.1.202309131626/tools/bin/../lib/gcc/arm-none-eabi/11.3.1/../../../../arm-none-eabi/lib/thumb/v6-m/nofp\libc_nano.a(libc_a-sbrkr.o)
                0x0000000008006de0                _sbrk_r
 .text.memchr   0x0000000008006e04       0x16 C:/ST/STM32CubeIDE_1.13.2/STM32CubeIDE/plugins/com.st.stm32cube.ide.mcu.externaltools.gnu-tools-for-stm32.11.3.rel1.win32_1.1.1.202309131626/tools/bin/../lib/gcc/arm-none-eabi/11.3.1/../../../../arm-none-eabi/lib/thumb/v6-m/nofp\libc_nano.a(libc_a-memchr-stub.o)
                0x0000000008006e04                memchr
 .text._realloc_r
                0x0000000008006e1a       0x5e C:/ST/STM32CubeIDE_1.13.2/STM32CubeIDE/plugins/com.st.stm32cube.ide.mcu.externaltools.gnu-tools-for-stm32.11.3.rel1.win32_1.1.1.202309131626/tools/bin/../lib/gcc/arm-none-eabi/11.3.1/../../../../arm-none-eabi/lib/thumb/v6-m/nofp\libc_nano.a(libc_a-reallocr.o)
                0x0000000008006e1a                _realloc_r
 .text._malloc_usable_size_r
                0x0000000008006e78       0x10 C:/ST/STM32CubeIDE_1.13.2/STM32CubeIDE/plugins/com.st.stm32cube.ide.mcu.externaltools.gnu-tools-for-stm32.11.3.rel1.win32_1.1.1.202309131626/tools/bin/../lib/gcc/arm-none-eabi/11.3.1/../../../../arm-none-eabi/lib/thumb/v6-m/nofp\libc_nano.a(libc_a-msizer.o)
                0x0000000008006e78                _malloc_usable_size_r
 *(.glue_7)
 .glue_7        0x0000000008006e88        0x0 linker stubs
 *(.glue_7t)
 .glue_7t       0x0000000008006e88        0x0 linker stubs
 *(.eh_frame)
 .eh_frame      0x0000000008006e88        0x0 C:/ST/STM32CubeIDE_1.13.2/STM32CubeIDE/plugins/com.st.stm32cube.ide.mcu.externaltools.gnu-tools-for-stm32.11.3.rel1.win32_1.1.1.202309131626/tools/bin/../lib/gcc/arm-none-eabi/11.3.1/thumb/v6-m/nofp/crtbegin.o
 *(.init)
 .init          0x0000000008006e88        0x4 C:/ST/STM32CubeIDE_1.13.2/STM32CubeIDE/plugins/com.st.stm32cube.ide.mcu.externaltools.gnu-tools-for-stm32.11.3.rel1.win32_1.1.1.202309131626/tools/bin/../lib/gcc/arm-none-eabi/11.3.1/thumb/v6-m/nofp/crti.o
                0x0000000008006e88                _init
 .init          0x0000000008006e8c        0x8 C:/ST/STM32CubeIDE_1.13.2/STM32CubeIDE/plugins/com.st.stm32cube.ide.mcu.externaltools.gnu-tools-for-stm32.11.3.rel1.win32_1.1.1.202309131626/tools/bin/../lib/gcc/arm-none-eabi/11.3.1/thumb/v6-m/nofp/crtn.o
 *(.fini)
 .fini          0x0000000008006e94        0x4 C:/ST/STM32CubeIDE_1.13.2/STM32CubeIDE/plugins/com.st.stm32cube.ide.mcu.externaltools.gnu-tools-for-stm32.11.3.rel1.win32_1.1.1.202309131626/tools/bin/../lib/gcc/arm-none-eabi/11.3.1/thumb/v6-m/nofp/crti.o
                0x0000000008006e94                _fini
 .fini          0x0000000008006e98        0x8 C:/ST/STM32CubeIDE_1.13.2/STM32CubeIDE/plugins/com.st.stm32cube.ide.mcu.externaltools.gnu-tools-for-stm32.11.3.rel1.win32_1.1.1.202309131626/tools/bin/../lib/gcc/arm-none-eabi/11.3.1/thumb/v6-m/nofp/crtn.o
                0x0000000008006ea0                . = ALIGN (0x4)
                0x0000000008006ea0                _etext = .

.vfp11_veneer   0x0000000008006ea0        0x0
 .vfp11_veneer  0x0000000008006ea0        0x0 linker stubs

.v4_bx          0x0000000008006ea0        0x0
 .v4_bx         0x0000000008006ea0        0x0 linker stubs

.iplt           0x0000000008006ea0        0x0
 .iplt          0x0000000008006ea0        0x0 C:/ST/STM32CubeIDE_1.13.2/STM32CubeIDE/plugins/com.st.stm32cube.ide.mcu.externaltools.gnu-tools-for-stm32.11.3.rel1.win32_1.1.1.202309131626/tools/bin/../lib/gcc/arm-none-eabi/11.3.1/thumb/v6-m/nofp/crtbegin.o

.rodata         0x0000000008006ea0      0x6f8
                0x0000000008006ea0                . = ALIGN (0x4)
 *(.rodata)
 .rodata        0x0000000008006ea0       0x35 ./Core/Src/ERROR.o
 *fill*         0x0000000008006ed5        0x3 
 .rodata        0x0000000008006ed8       0x15 ./Core/Src/main.o
 *(.rodata*)
 *fill*         0x0000000008006eed        0x3 
 .rodata.adc_gpio
                0x0000000008006ef0       0x40 ./Core/Src/ADC.o
 .rodata.DEFAULT_SUPPLY
                0x0000000008006f30        0x4 ./Core/Src/ADC.o
 .rodata.DEFAULT_SENSOR
                0x0000000008006f34        0x4 ./Core/Src/ADC.o
 .rodata.AHBPrescTable
                0x0000000008006f38       0x10 ./Core/Src/system_stm32f0xx.o
                0x0000000008006f38                AHBPrescTable
 .rodata.Font6x8
                0x0000000008006f48      0x5f0 ./Drivers/SSD1306/ssd1306_fonts.o
 .rodata.Font_6x8
                0x0000000008007538        0xc ./Drivers/SSD1306/ssd1306_fonts.o
                0x0000000008007538                Font_6x8
 .rodata.aPLLMULFactorTable.1
                0x0000000008007544       0x10 ./Drivers/STM32F0xx_HAL_Driver/Src/stm32f0xx_hal_rcc.o
 .rodata.aPredivFactorTable.0
                0x0000000008007554       0x10 ./Drivers/STM32F0xx_HAL_Driver/Src/stm32f0xx_hal_rcc.o
 .rodata._svfprintf_r.str1.1
                0x0000000008007564       0x11 C:/ST/STM32CubeIDE_1.13.2/STM32CubeIDE/plugins/com.st.stm32cube.ide.mcu.externaltools.gnu-tools-for-stm32.11.3.rel1.win32_1.1.1.202309131626/tools/bin/../lib/gcc/arm-none-eabi/11.3.1/../../../../arm-none-eabi/lib/thumb/v6-m/nofp\libc_nano.a(libc_a-nano-svfprintf.o)
 .rodata._printf_i.str1.1
                0x0000000008007575       0x22 C:/ST/STM32CubeIDE_1.13.2/STM32CubeIDE/plugins/com.st.stm32cube.ide.mcu.externaltools.gnu-tools-for-stm32.11.3.rel1.win32_1.1.1.202309131626/tools/bin/../lib/gcc/arm-none-eabi/11.3.1/../../../../arm-none-eabi/lib/thumb/v6-m/nofp\libc_nano.a(libc_a-nano-vfprintf_i.o)
                0x0000000008007598                . = ALIGN (0x4)
 *fill*         0x0000000008007597        0x1 

.rel.dyn        0x0000000008007598        0x0
 .rel.iplt      0x0000000008007598        0x0 C:/ST/STM32CubeIDE_1.13.2/STM32CubeIDE/plugins/com.st.stm32cube.ide.mcu.externaltools.gnu-tools-for-stm32.11.3.rel1.win32_1.1.1.202309131626/tools/bin/../lib/gcc/arm-none-eabi/11.3.1/thumb/v6-m/nofp/crtbegin.o

.ARM.extab      0x0000000008007598        0x0
                0x0000000008007598                . = ALIGN (0x4)
 *(.ARM.extab* .gnu.linkonce.armextab.*)
                0x0000000008007598                . = ALIGN (0x4)

.ARM            0x0000000008007598        0x0
                0x0000000008007598                . = ALIGN (0x4)
                0x0000000008007598                __exidx_start = .
 *(.ARM.exidx*)
                0x0000000008007598                __exidx_end = .
                0x0000000008007598                . = ALIGN (0x4)

.preinit_array  0x0000000008007598        0x0
                0x0000000008007598                . = ALIGN (0x4)
                0x0000000008007598                PROVIDE (__preinit_array_start = .)
 *(.preinit_array*)
                0x0000000008007598                PROVIDE (__preinit_array_end = .)
                0x0000000008007598                . = ALIGN (0x4)

.init_array     0x0000000008007598        0x4
                0x0000000008007598                . = ALIGN (0x4)
                0x0000000008007598                PROVIDE (__init_array_start = .)
 *(SORT_BY_NAME(.init_array.*))
 *(.init_array*)
 .init_array    0x0000000008007598        0x4 C:/ST/STM32CubeIDE_1.13.2/STM32CubeIDE/plugins/com.st.stm32cube.ide.mcu.externaltools.gnu-tools-for-stm32.11.3.rel1.win32_1.1.1.202309131626/tools/bin/../lib/gcc/arm-none-eabi/11.3.1/thumb/v6-m/nofp/crtbegin.o
                0x000000000800759c                PROVIDE (__init_array_end = .)
                0x000000000800759c                . = ALIGN (0x4)

.fini_array     0x000000000800759c        0x4
                0x000000000800759c                . = ALIGN (0x4)
                [!provide]                        PROVIDE (__fini_array_start = .)
 *(SORT_BY_NAME(.fini_array.*))
 *(.fini_array*)
 .fini_array    0x000000000800759c        0x4 C:/ST/STM32CubeIDE_1.13.2/STM32CubeIDE/plugins/com.st.stm32cube.ide.mcu.externaltools.gnu-tools-for-stm32.11.3.rel1.win32_1.1.1.202309131626/tools/bin/../lib/gcc/arm-none-eabi/11.3.1/thumb/v6-m/nofp/crtbegin.o
                [!provide]                        PROVIDE (__fini_array_end = .)
                0x00000000080075a0                . = ALIGN (0x4)
                0x00000000080075a0                _sidata = LOADADDR (.data)

.data           0x0000000020000000       0x60 load address 0x00000000080075a0
                0x0000000020000000                . = ALIGN (0x4)
                0x0000000020000000                _sdata = .
 *(.data)
 *(.data*)
 .data.value_read
                0x0000000020000000        0x4 ./Core/Src/ADC.o
 .data.SystemCoreClock
                0x0000000020000004        0x4 ./Core/Src/system_stm32f0xx.o
                0x0000000020000004                SystemCoreClock
 .data.uwTickPrio
                0x0000000020000008        0x4 ./Drivers/STM32F0xx_HAL_Driver/Src/stm32f0xx_hal.o
                0x0000000020000008                uwTickPrio
 .data.uwTickFreq
                0x000000002000000c        0x1 ./Drivers/STM32F0xx_HAL_Driver/Src/stm32f0xx_hal.o
                0x000000002000000c                uwTickFreq
 *fill*         0x000000002000000d        0x3 
 .data._impure_data
                0x0000000020000010       0x4c C:/ST/STM32CubeIDE_1.13.2/STM32CubeIDE/plugins/com.st.stm32cube.ide.mcu.externaltools.gnu-tools-for-stm32.11.3.rel1.win32_1.1.1.202309131626/tools/bin/../lib/gcc/arm-none-eabi/11.3.1/../../../../arm-none-eabi/lib/thumb/v6-m/nofp\libc_nano.a(libc_a-impure.o)
                0x0000000020000010                _impure_data
 .data._impure_ptr
                0x000000002000005c        0x4 C:/ST/STM32CubeIDE_1.13.2/STM32CubeIDE/plugins/com.st.stm32cube.ide.mcu.externaltools.gnu-tools-for-stm32.11.3.rel1.win32_1.1.1.202309131626/tools/bin/../lib/gcc/arm-none-eabi/11.3.1/../../../../arm-none-eabi/lib/thumb/v6-m/nofp\libc_nano.a(libc_a-impure.o)
                0x000000002000005c                _impure_ptr
 *(.RamFunc)
 *(.RamFunc*)
                0x0000000020000060                . = ALIGN (0x4)
                0x0000000020000060                _edata = .

.igot.plt       0x0000000020000060        0x0 load address 0x0000000008007600
 .igot.plt      0x0000000020000060        0x0 C:/ST/STM32CubeIDE_1.13.2/STM32CubeIDE/plugins/com.st.stm32cube.ide.mcu.externaltools.gnu-tools-for-stm32.11.3.rel1.win32_1.1.1.202309131626/tools/bin/../lib/gcc/arm-none-eabi/11.3.1/thumb/v6-m/nofp/crtbegin.o
                0x0000000020000060                . = ALIGN (0x4)

.bss            0x0000000020000060     0x111c load address 0x0000000008007600
                0x0000000020000060                _sbss = .
                0x0000000020000060                __bss_start__ = _sbss
 *(.bss)
 .bss           0x0000000020000060       0x1c C:/ST/STM32CubeIDE_1.13.2/STM32CubeIDE/plugins/com.st.stm32cube.ide.mcu.externaltools.gnu-tools-for-stm32.11.3.rel1.win32_1.1.1.202309131626/tools/bin/../lib/gcc/arm-none-eabi/11.3.1/thumb/v6-m/nofp/crtbegin.o
 *(.bss*)
 .bss.adc_dma_buffer
                0x000000002000007c      0x200 ./Core/Src/ADC.o
 .bss.avg_fifo  0x000000002000027c      0x320 ./Core/Src/ADC.o
 .bss.fifo_head
                0x000000002000059c        0x4 ./Core/Src/ADC.o
 .bss.fifo_count
                0x00000000200005a0        0x4 ./Core/Src/ADC.o
 .bss.g_supply  0x00000000200005a4        0x4 ./Core/Src/ADC.o
 .bss.g_sensor  0x00000000200005a8        0x4 ./Core/Src/ADC.o
 .bss.CAN_MessageDB
                0x00000000200005ac      0x140 ./Core/Src/CAN.o
                0x00000000200005ac                CAN_MessageDB
 .bss.TxQueue   0x00000000200006ec      0x280 ./Core/Src/CAN.o
 .bss.TxQueueHead
                0x000000002000096c        0x1 ./Core/Src/CAN.o
 .bss.TxQueueTail
                0x000000002000096d        0x1 ./Core/Src/CAN.o
 *fill*         0x000000002000096e        0x2 
 .bss.can_rx_callback
                0x0000000020000970        0x4 ./Core/Src/CAN.o
 .bss.errorFlags
                0x0000000020000974        0x4 ./Core/Src/ERROR.o
 .bss.error_led_state
                0x0000000020000978        0x1 ./Core/Src/ERROR.o
 *fill*         0x0000000020000979        0x3 
 .bss.leds      0x000000002000097c       0x60 ./Core/Src/RGBLED.o
                0x000000002000097c                leds
 .bss.txBuffer  0x00000000200009dc       0x66 ./Core/Src/RGBLED.o
 *fill*         0x0000000020000a42        0x2 
 .bss.last_led_update_ms
                0x0000000020000a44        0x4 ./Core/Src/RGBLED.o
 .bss.led_control_active
                0x0000000020000a48        0x1 ./Core/Src/RGBLED.o
 .bss.R.4       0x0000000020000a49        0x1 ./Core/Src/RGBLED.o
 .bss.G.3       0x0000000020000a4a        0x1 ./Core/Src/RGBLED.o
 .bss.B.2       0x0000000020000a4b        0x1 ./Core/Src/RGBLED.o
 .bss.was_active.1
                0x0000000020000a4c        0x1 ./Core/Src/RGBLED.o
 .bss.prev_active.0
                0x0000000020000a4d        0x1 ./Core/Src/RGBLED.o
 *fill*         0x0000000020000a4e        0x2 
 .bss.hadc      0x0000000020000a50       0x40 ./Core/Src/main.o
                0x0000000020000a50                hadc
 .bss.hdma_adc  0x0000000020000a90       0x44 ./Core/Src/main.o
                0x0000000020000a90                hdma_adc
 .bss.hcan      0x0000000020000ad4       0x28 ./Core/Src/main.o
                0x0000000020000ad4                hcan
 .bss.hspi1     0x0000000020000afc       0x64 ./Core/Src/main.o
                0x0000000020000afc                hspi1
 .bss.hspi2     0x0000000020000b60       0x64 ./Core/Src/main.o
                0x0000000020000b60                hspi2
 .bss.htim2     0x0000000020000bc4       0x48 ./Core/Src/main.o
                0x0000000020000bc4                htim2
 .bss.CANmsg    0x0000000020000c0c       0x14 ./Core/Src/main.o
                0x0000000020000c0c                CANmsg
 .bss.systime   0x0000000020000c20        0x4 ./Core/Src/stm32f0xx_it.o
                0x0000000020000c20                systime
 .bss.__sbrk_heap_end
                0x0000000020000c24        0x4 ./Core/Src/sysmem.o
 .bss.SSD1306_Buffer
                0x0000000020000c28      0x400 ./Drivers/SSD1306/ssd1306.o
 .bss.SSD1306   0x0000000020001028        0x6 ./Drivers/SSD1306/ssd1306.o
 *fill*         0x000000002000102e        0x2 
 .bss.uwTick    0x0000000020001030        0x4 ./Drivers/STM32F0xx_HAL_Driver/Src/stm32f0xx_hal.o
                0x0000000020001030                uwTick
 .bss.__sf      0x0000000020001034      0x138 C:/ST/STM32CubeIDE_1.13.2/STM32CubeIDE/plugins/com.st.stm32cube.ide.mcu.externaltools.gnu-tools-for-stm32.11.3.rel1.win32_1.1.1.202309131626/tools/bin/../lib/gcc/arm-none-eabi/11.3.1/../../../../arm-none-eabi/lib/thumb/v6-m/nofp\libc_nano.a(libc_a-findfp.o)
                0x0000000020001034                __sf
 .bss.errno     0x000000002000116c        0x4 C:/ST/STM32CubeIDE_1.13.2/STM32CubeIDE/plugins/com.st.stm32cube.ide.mcu.externaltools.gnu-tools-for-stm32.11.3.rel1.win32_1.1.1.202309131626/tools/bin/../lib/gcc/arm-none-eabi/11.3.1/../../../../arm-none-eabi/lib/thumb/v6-m/nofp\libc_nano.a(libc_a-reent.o)
                0x000000002000116c                errno
 .bss.__lock___malloc_recursive_mutex
                0x0000000020001170        0x1 C:/ST/STM32CubeIDE_1.13.2/STM32CubeIDE/plugins/com.st.stm32cube.ide.mcu.externaltools.gnu-tools-for-stm32.11.3.rel1.win32_1.1.1.202309131626/tools/bin/../lib/gcc/arm-none-eabi/11.3.1/../../../../arm-none-eabi/lib/thumb/v6-m/nofp\libc_nano.a(libc_a-lock.o)
                0x0000000020001170                __lock___malloc_recursive_mutex
 *fill*         0x0000000020001171        0x3 
 .bss.__malloc_free_list
                0x0000000020001174        0x4 C:/ST/STM32CubeIDE_1.13.2/STM32CubeIDE/plugins/com.st.stm32cube.ide.mcu.externaltools.gnu-tools-for-stm32.11.3.rel1.win32_1.1.1.202309131626/tools/bin/../lib/gcc/arm-none-eabi/11.3.1/../../../../arm-none-eabi/lib/thumb/v6-m/nofp\libc_nano.a(libc_a-mallocr.o)
                0x0000000020001174                __malloc_free_list
 .bss.__malloc_sbrk_start
                0x0000000020001178        0x4 C:/ST/STM32CubeIDE_1.13.2/STM32CubeIDE/plugins/com.st.stm32cube.ide.mcu.externaltools.gnu-tools-for-stm32.11.3.rel1.win32_1.1.1.202309131626/tools/bin/../lib/gcc/arm-none-eabi/11.3.1/../../../../arm-none-eabi/lib/thumb/v6-m/nofp\libc_nano.a(libc_a-mallocr.o)
                0x0000000020001178                __malloc_sbrk_start
 *(COMMON)
                0x000000002000117c                . = ALIGN (0x4)
                0x000000002000117c                _ebss = .
                0x000000002000117c                __bss_end__ = _ebss

._user_heap_stack
                0x000000002000117c      0x604 load address 0x0000000008007600
                0x0000000020001180                . = ALIGN (0x8)
 *fill*         0x000000002000117c        0x4 
                [!provide]                        PROVIDE (end = .)
                0x0000000020001180                PROVIDE (_end = .)
                0x0000000020001380                . = (. + _Min_Heap_Size)
 *fill*         0x0000000020001180      0x200 
                0x0000000020001780                . = (. + _Min_Stack_Size)
 *fill*         0x0000000020001380      0x400 
                0x0000000020001780                . = ALIGN (0x8)

/DISCARD/
 libc.a(*)
 libm.a(*)
 libgcc.a(*)

.ARM.attributes
                0x0000000000000000       0x28
 *(.ARM.attributes)
 .ARM.attributes
                0x0000000000000000       0x1e C:/ST/STM32CubeIDE_1.13.2/STM32CubeIDE/plugins/com.st.stm32cube.ide.mcu.externaltools.gnu-tools-for-stm32.11.3.rel1.win32_1.1.1.202309131626/tools/bin/../lib/gcc/arm-none-eabi/11.3.1/thumb/v6-m/nofp/crti.o
 .ARM.attributes
                0x000000000000001e       0x2c C:/ST/STM32CubeIDE_1.13.2/STM32CubeIDE/plugins/com.st.stm32cube.ide.mcu.externaltools.gnu-tools-for-stm32.11.3.rel1.win32_1.1.1.202309131626/tools/bin/../lib/gcc/arm-none-eabi/11.3.1/thumb/v6-m/nofp/crtbegin.o
 .ARM.attributes
                0x000000000000004a       0x2c ./Core/Src/ADC.o
 .ARM.attributes
                0x0000000000000076       0x2c ./Core/Src/CAN.o
 .ARM.attributes
                0x00000000000000a2       0x2c ./Core/Src/ERROR.o
 .ARM.attributes
                0x00000000000000ce       0x2c ./Core/Src/RGBLED.o
 .ARM.attributes
                0x00000000000000fa       0x2c ./Core/Src/main.o
 .ARM.attributes
                0x0000000000000126       0x2c ./Core/Src/stm32f0xx_hal_msp.o
 .ARM.attributes
                0x0000000000000152       0x2c ./Core/Src/stm32f0xx_it.o
 .ARM.attributes
                0x000000000000017e       0x2c ./Core/Src/sysmem.o
 .ARM.attributes
                0x00000000000001aa       0x2c ./Core/Src/system_stm32f0xx.o
 .ARM.attributes
                0x00000000000001d6       0x21 ./Core/Startup/startup_stm32f072rbtx.o
 .ARM.attributes
                0x00000000000001f7       0x2c ./Drivers/SSD1306/ssd1306.o
 .ARM.attributes
                0x0000000000000223       0x2c ./Drivers/SSD1306/ssd1306_fonts.o
 .ARM.attributes
                0x000000000000024f       0x2c ./Drivers/STM32F0xx_HAL_Driver/Src/stm32f0xx_hal.o
 .ARM.attributes
                0x000000000000027b       0x2c ./Drivers/STM32F0xx_HAL_Driver/Src/stm32f0xx_hal_adc.o
 .ARM.attributes
                0x00000000000002a7       0x2c ./Drivers/STM32F0xx_HAL_Driver/Src/stm32f0xx_hal_adc_ex.o
 .ARM.attributes
                0x00000000000002d3       0x2c ./Drivers/STM32F0xx_HAL_Driver/Src/stm32f0xx_hal_can.o
 .ARM.attributes
                0x00000000000002ff       0x2c ./Drivers/STM32F0xx_HAL_Driver/Src/stm32f0xx_hal_cortex.o
 .ARM.attributes
                0x000000000000032b       0x2c ./Drivers/STM32F0xx_HAL_Driver/Src/stm32f0xx_hal_dma.o
 .ARM.attributes
                0x0000000000000357       0x2c ./Drivers/STM32F0xx_HAL_Driver/Src/stm32f0xx_hal_gpio.o
 .ARM.attributes
                0x0000000000000383       0x2c ./Drivers/STM32F0xx_HAL_Driver/Src/stm32f0xx_hal_rcc.o
 .ARM.attributes
                0x00000000000003af       0x2c ./Drivers/STM32F0xx_HAL_Driver/Src/stm32f0xx_hal_spi.o
 .ARM.attributes
                0x00000000000003db       0x2c ./Drivers/STM32F0xx_HAL_Driver/Src/stm32f0xx_hal_tim.o
 .ARM.attributes
                0x0000000000000407       0x2c ./Drivers/STM32F0xx_HAL_Driver/Src/stm32f0xx_hal_tim_ex.o
 .ARM.attributes
                0x0000000000000433       0x2c C:/ST/STM32CubeIDE_1.13.2/STM32CubeIDE/plugins/com.st.stm32cube.ide.mcu.externaltools.gnu-tools-for-stm32.11.3.rel1.win32_1.1.1.202309131626/tools/bin/../lib/gcc/arm-none-eabi/11.3.1/../../../../arm-none-eabi/lib/thumb/v6-m/nofp\libc_nano.a(libc_a-findfp.o)
 .ARM.attributes
                0x000000000000045f       0x2c C:/ST/STM32CubeIDE_1.13.2/STM32CubeIDE/plugins/com.st.stm32cube.ide.mcu.externaltools.gnu-tools-for-stm32.11.3.rel1.win32_1.1.1.202309131626/tools/bin/../lib/gcc/arm-none-eabi/11.3.1/../../../../arm-none-eabi/lib/thumb/v6-m/nofp\libc_nano.a(libc_a-snprintf.o)
 .ARM.attributes
                0x000000000000048b       0x2c C:/ST/STM32CubeIDE_1.13.2/STM32CubeIDE/plugins/com.st.stm32cube.ide.mcu.externaltools.gnu-tools-for-stm32.11.3.rel1.win32_1.1.1.202309131626/tools/bin/../lib/gcc/arm-none-eabi/11.3.1/../../../../arm-none-eabi/lib/thumb/v6-m/nofp\libc_nano.a(libc_a-memset.o)
 .ARM.attributes
                0x00000000000004b7       0x2c C:/ST/STM32CubeIDE_1.13.2/STM32CubeIDE/plugins/com.st.stm32cube.ide.mcu.externaltools.gnu-tools-for-stm32.11.3.rel1.win32_1.1.1.202309131626/tools/bin/../lib/gcc/arm-none-eabi/11.3.1/../../../../arm-none-eabi/lib/thumb/v6-m/nofp\libc_nano.a(libc_a-reent.o)
 .ARM.attributes
                0x00000000000004e3       0x2c C:/ST/STM32CubeIDE_1.13.2/STM32CubeIDE/plugins/com.st.stm32cube.ide.mcu.externaltools.gnu-tools-for-stm32.11.3.rel1.win32_1.1.1.202309131626/tools/bin/../lib/gcc/arm-none-eabi/11.3.1/../../../../arm-none-eabi/lib/thumb/v6-m/nofp\libc_nano.a(libc_a-impure.o)
 .ARM.attributes
                0x000000000000050f       0x2c C:/ST/STM32CubeIDE_1.13.2/STM32CubeIDE/plugins/com.st.stm32cube.ide.mcu.externaltools.gnu-tools-for-stm32.11.3.rel1.win32_1.1.1.202309131626/tools/bin/../lib/gcc/arm-none-eabi/11.3.1/../../../../arm-none-eabi/lib/thumb/v6-m/nofp\libc_nano.a(libc_a-errno.o)
 .ARM.attributes
                0x000000000000053b       0x2c C:/ST/STM32CubeIDE_1.13.2/STM32CubeIDE/plugins/com.st.stm32cube.ide.mcu.externaltools.gnu-tools-for-stm32.11.3.rel1.win32_1.1.1.202309131626/tools/bin/../lib/gcc/arm-none-eabi/11.3.1/../../../../arm-none-eabi/lib/thumb/v6-m/nofp\libc_nano.a(libc_a-init.o)
 .ARM.attributes
                0x0000000000000567       0x2c C:/ST/STM32CubeIDE_1.13.2/STM32CubeIDE/plugins/com.st.stm32cube.ide.mcu.externaltools.gnu-tools-for-stm32.11.3.rel1.win32_1.1.1.202309131626/tools/bin/../lib/gcc/arm-none-eabi/11.3.1/../../../../arm-none-eabi/lib/thumb/v6-m/nofp\libc_nano.a(libc_a-lock.o)
 .ARM.attributes
                0x0000000000000593       0x2c C:/ST/STM32CubeIDE_1.13.2/STM32CubeIDE/plugins/com.st.stm32cube.ide.mcu.externaltools.gnu-tools-for-stm32.11.3.rel1.win32_1.1.1.202309131626/tools/bin/../lib/gcc/arm-none-eabi/11.3.1/../../../../arm-none-eabi/lib/thumb/v6-m/nofp\libc_nano.a(libc_a-memcpy-stub.o)
 .ARM.attributes
                0x00000000000005bf       0x2c C:/ST/STM32CubeIDE_1.13.2/STM32CubeIDE/plugins/com.st.stm32cube.ide.mcu.externaltools.gnu-tools-for-stm32.11.3.rel1.win32_1.1.1.202309131626/tools/bin/../lib/gcc/arm-none-eabi/11.3.1/../../../../arm-none-eabi/lib/thumb/v6-m/nofp\libc_nano.a(libc_a-freer.o)
 .ARM.attributes
                0x00000000000005eb       0x2c C:/ST/STM32CubeIDE_1.13.2/STM32CubeIDE/plugins/com.st.stm32cube.ide.mcu.externaltools.gnu-tools-for-stm32.11.3.rel1.win32_1.1.1.202309131626/tools/bin/../lib/gcc/arm-none-eabi/11.3.1/../../../../arm-none-eabi/lib/thumb/v6-m/nofp\libc_nano.a(libc_a-mallocr.o)
 .ARM.attributes
                0x0000000000000617       0x2c C:/ST/STM32CubeIDE_1.13.2/STM32CubeIDE/plugins/com.st.stm32cube.ide.mcu.externaltools.gnu-tools-for-stm32.11.3.rel1.win32_1.1.1.202309131626/tools/bin/../lib/gcc/arm-none-eabi/11.3.1/../../../../arm-none-eabi/lib/thumb/v6-m/nofp\libc_nano.a(libc_a-mlock.o)
 .ARM.attributes
                0x0000000000000643       0x2c C:/ST/STM32CubeIDE_1.13.2/STM32CubeIDE/plugins/com.st.stm32cube.ide.mcu.externaltools.gnu-tools-for-stm32.11.3.rel1.win32_1.1.1.202309131626/tools/bin/../lib/gcc/arm-none-eabi/11.3.1/../../../../arm-none-eabi/lib/thumb/v6-m/nofp\libc_nano.a(libc_a-nano-svfprintf.o)
 .ARM.attributes
                0x000000000000066f       0x2c C:/ST/STM32CubeIDE_1.13.2/STM32CubeIDE/plugins/com.st.stm32cube.ide.mcu.externaltools.gnu-tools-for-stm32.11.3.rel1.win32_1.1.1.202309131626/tools/bin/../lib/gcc/arm-none-eabi/11.3.1/../../../../arm-none-eabi/lib/thumb/v6-m/nofp\libc_nano.a(libc_a-nano-vfprintf_i.o)
 .ARM.attributes
                0x000000000000069b       0x2c C:/ST/STM32CubeIDE_1.13.2/STM32CubeIDE/plugins/com.st.stm32cube.ide.mcu.externaltools.gnu-tools-for-stm32.11.3.rel1.win32_1.1.1.202309131626/tools/bin/../lib/gcc/arm-none-eabi/11.3.1/../../../../arm-none-eabi/lib/thumb/v6-m/nofp\libc_nano.a(libc_a-memmove.o)
 .ARM.attributes
                0x00000000000006c7       0x2c C:/ST/STM32CubeIDE_1.13.2/STM32CubeIDE/plugins/com.st.stm32cube.ide.mcu.externaltools.gnu-tools-for-stm32.11.3.rel1.win32_1.1.1.202309131626/tools/bin/../lib/gcc/arm-none-eabi/11.3.1/../../../../arm-none-eabi/lib/thumb/v6-m/nofp\libc_nano.a(libc_a-sbrkr.o)
 .ARM.attributes
                0x00000000000006f3       0x2c C:/ST/STM32CubeIDE_1.13.2/STM32CubeIDE/plugins/com.st.stm32cube.ide.mcu.externaltools.gnu-tools-for-stm32.11.3.rel1.win32_1.1.1.202309131626/tools/bin/../lib/gcc/arm-none-eabi/11.3.1/../../../../arm-none-eabi/lib/thumb/v6-m/nofp\libc_nano.a(libc_a-memchr-stub.o)
 .ARM.attributes
                0x000000000000071f       0x2c C:/ST/STM32CubeIDE_1.13.2/STM32CubeIDE/plugins/com.st.stm32cube.ide.mcu.externaltools.gnu-tools-for-stm32.11.3.rel1.win32_1.1.1.202309131626/tools/bin/../lib/gcc/arm-none-eabi/11.3.1/../../../../arm-none-eabi/lib/thumb/v6-m/nofp\libc_nano.a(libc_a-reallocr.o)
 .ARM.attributes
                0x000000000000074b       0x2c C:/ST/STM32CubeIDE_1.13.2/STM32CubeIDE/plugins/com.st.stm32cube.ide.mcu.externaltools.gnu-tools-for-stm32.11.3.rel1.win32_1.1.1.202309131626/tools/bin/../lib/gcc/arm-none-eabi/11.3.1/../../../../arm-none-eabi/lib/thumb/v6-m/nofp\libc_nano.a(libc_a-msizer.o)
 .ARM.attributes
                0x0000000000000777       0x1e C:/ST/STM32CubeIDE_1.13.2/STM32CubeIDE/plugins/com.st.stm32cube.ide.mcu.externaltools.gnu-tools-for-stm32.11.3.rel1.win32_1.1.1.202309131626/tools/bin/../lib/gcc/arm-none-eabi/11.3.1/thumb/v6-m/nofp\libgcc.a(_thumb1_case_shi.o)
 .ARM.attributes
                0x0000000000000795       0x1e C:/ST/STM32CubeIDE_1.13.2/STM32CubeIDE/plugins/com.st.stm32cube.ide.mcu.externaltools.gnu-tools-for-stm32.11.3.rel1.win32_1.1.1.202309131626/tools/bin/../lib/gcc/arm-none-eabi/11.3.1/thumb/v6-m/nofp\libgcc.a(_udivsi3.o)
 .ARM.attributes
                0x00000000000007b3       0x1e C:/ST/STM32CubeIDE_1.13.2/STM32CubeIDE/plugins/com.st.stm32cube.ide.mcu.externaltools.gnu-tools-for-stm32.11.3.rel1.win32_1.1.1.202309131626/tools/bin/../lib/gcc/arm-none-eabi/11.3.1/thumb/v6-m/nofp\libgcc.a(_divsi3.o)
 .ARM.attributes
                0x00000000000007d1       0x1e C:/ST/STM32CubeIDE_1.13.2/STM32CubeIDE/plugins/com.st.stm32cube.ide.mcu.externaltools.gnu-tools-for-stm32.11.3.rel1.win32_1.1.1.202309131626/tools/bin/../lib/gcc/arm-none-eabi/11.3.1/thumb/v6-m/nofp\libgcc.a(_dvmd_tls.o)
 .ARM.attributes
                0x00000000000007ef       0x1e C:/ST/STM32CubeIDE_1.13.2/STM32CubeIDE/plugins/com.st.stm32cube.ide.mcu.externaltools.gnu-tools-for-stm32.11.3.rel1.win32_1.1.1.202309131626/tools/bin/../lib/gcc/arm-none-eabi/11.3.1/thumb/v6-m/nofp/crtn.o
OUTPUT(DICV3Firmware.elf elf32-littlearm)
LOAD linker stubs
LOAD C:/ST/STM32CubeIDE_1.13.2/STM32CubeIDE/plugins/com.st.stm32cube.ide.mcu.externaltools.gnu-tools-for-stm32.11.3.rel1.win32_1.1.1.202309131626/tools/bin/../lib/gcc/arm-none-eabi/11.3.1/../../../../arm-none-eabi/lib/thumb/v6-m/nofp\libc.a
LOAD C:/ST/STM32CubeIDE_1.13.2/STM32CubeIDE/plugins/com.st.stm32cube.ide.mcu.externaltools.gnu-tools-for-stm32.11.3.rel1.win32_1.1.1.202309131626/tools/bin/../lib/gcc/arm-none-eabi/11.3.1/../../../../arm-none-eabi/lib/thumb/v6-m/nofp\libm.a
LOAD C:/ST/STM32CubeIDE_1.13.2/STM32CubeIDE/plugins/com.st.stm32cube.ide.mcu.externaltools.gnu-tools-for-stm32.11.3.rel1.win32_1.1.1.202309131626/tools/bin/../lib/gcc/arm-none-eabi/11.3.1/thumb/v6-m/nofp\libgcc.a

.comment        0x0000000000000000       0x43
 .comment       0x0000000000000000       0x43 C:/ST/STM32CubeIDE_1.13.2/STM32CubeIDE/plugins/com.st.stm32cube.ide.mcu.externaltools.gnu-tools-for-stm32.11.3.rel1.win32_1.1.1.202309131626/tools/bin/../lib/gcc/arm-none-eabi/11.3.1/thumb/v6-m/nofp/crtbegin.o
                                         0x44 (size before relaxing)
 .comment       0x0000000000000043       0x44 ./Core/Src/ADC.o
 .comment       0x0000000000000043       0x44 ./Core/Src/CAN.o
 .comment       0x0000000000000043       0x44 ./Core/Src/ERROR.o
 .comment       0x0000000000000043       0x44 ./Core/Src/RGBLED.o
 .comment       0x0000000000000043       0x44 ./Core/Src/main.o
 .comment       0x0000000000000043       0x44 ./Core/Src/stm32f0xx_hal_msp.o
 .comment       0x0000000000000043       0x44 ./Core/Src/stm32f0xx_it.o
 .comment       0x0000000000000043       0x44 ./Core/Src/sysmem.o
 .comment       0x0000000000000043       0x44 ./Core/Src/system_stm32f0xx.o
 .comment       0x0000000000000043       0x44 ./Drivers/SSD1306/ssd1306.o
 .comment       0x0000000000000043       0x44 ./Drivers/SSD1306/ssd1306_fonts.o
 .comment       0x0000000000000043       0x44 ./Drivers/STM32F0xx_HAL_Driver/Src/stm32f0xx_hal.o
 .comment       0x0000000000000043       0x44 ./Drivers/STM32F0xx_HAL_Driver/Src/stm32f0xx_hal_adc.o
 .comment       0x0000000000000043       0x44 ./Drivers/STM32F0xx_HAL_Driver/Src/stm32f0xx_hal_adc_ex.o
 .comment       0x0000000000000043       0x44 ./Drivers/STM32F0xx_HAL_Driver/Src/stm32f0xx_hal_can.o
 .comment       0x0000000000000043       0x44 ./Drivers/STM32F0xx_HAL_Driver/Src/stm32f0xx_hal_cortex.o
 .comment       0x0000000000000043       0x44 ./Drivers/STM32F0xx_HAL_Driver/Src/stm32f0xx_hal_dma.o
 .comment       0x0000000000000043       0x44 ./Drivers/STM32F0xx_HAL_Driver/Src/stm32f0xx_hal_gpio.o
 .comment       0x0000000000000043       0x44 ./Drivers/STM32F0xx_HAL_Driver/Src/stm32f0xx_hal_rcc.o
 .comment       0x0000000000000043       0x44 ./Drivers/STM32F0xx_HAL_Driver/Src/stm32f0xx_hal_spi.o
 .comment       0x0000000000000043       0x44 ./Drivers/STM32F0xx_HAL_Driver/Src/stm32f0xx_hal_tim.o
 .comment       0x0000000000000043       0x44 ./Drivers/STM32F0xx_HAL_Driver/Src/stm32f0xx_hal_tim_ex.o

.debug_info     0x0000000000000000    0x113b2
 .debug_info    0x0000000000000000      0xce9 ./Core/Src/ADC.o
 .debug_info    0x0000000000000ce9      0xaf5 ./Core/Src/CAN.o
 .debug_info    0x00000000000017de      0x45d ./Core/Src/ERROR.o
 .debug_info    0x0000000000001c3b      0x89f ./Core/Src/RGBLED.o
 .debug_info    0x00000000000024da     0x1d68 ./Core/Src/main.o
 .debug_info    0x0000000000004242     0x14a3 ./Core/Src/stm32f0xx_hal_msp.o
 .debug_info    0x00000000000056e5      0xc6c ./Core/Src/stm32f0xx_it.o
 .debug_info    0x0000000000006351      0x168 ./Core/Src/sysmem.o
 .debug_info    0x00000000000064b9      0x242 ./Core/Src/system_stm32f0xx.o
 .debug_info    0x00000000000066fb       0x23 ./Core/Startup/startup_stm32f072rbtx.o
 .debug_info    0x000000000000671e     0x1313 ./Drivers/SSD1306/ssd1306.o
 .debug_info    0x0000000000007a31      0x2a4 ./Drivers/SSD1306/ssd1306_fonts.o
 .debug_info    0x0000000000007cd5      0x6c9 ./Drivers/STM32F0xx_HAL_Driver/Src/stm32f0xx_hal.o
 .debug_info    0x000000000000839e      0xc6a ./Drivers/STM32F0xx_HAL_Driver/Src/stm32f0xx_hal_adc.o
 .debug_info    0x0000000000009008      0x571 ./Drivers/STM32F0xx_HAL_Driver/Src/stm32f0xx_hal_adc_ex.o
 .debug_info    0x0000000000009579      0xec9 ./Drivers/STM32F0xx_HAL_Driver/Src/stm32f0xx_hal_can.o
 .debug_info    0x000000000000a442      0x6c5 ./Drivers/STM32F0xx_HAL_Driver/Src/stm32f0xx_hal_cortex.o
 .debug_info    0x000000000000ab07      0x6ea ./Drivers/STM32F0xx_HAL_Driver/Src/stm32f0xx_hal_dma.o
 .debug_info    0x000000000000b1f1      0x5a6 ./Drivers/STM32F0xx_HAL_Driver/Src/stm32f0xx_hal_gpio.o
 .debug_info    0x000000000000b797      0x83f ./Drivers/STM32F0xx_HAL_Driver/Src/stm32f0xx_hal_rcc.o
 .debug_info    0x000000000000bfd6     0x1618 ./Drivers/STM32F0xx_HAL_Driver/Src/stm32f0xx_hal_spi.o
 .debug_info    0x000000000000d5ee     0x2932 ./Drivers/STM32F0xx_HAL_Driver/Src/stm32f0xx_hal_tim.o
 .debug_info    0x000000000000ff20     0x1492 ./Drivers/STM32F0xx_HAL_Driver/Src/stm32f0xx_hal_tim_ex.o

.debug_abbrev   0x0000000000000000     0x3004
 .debug_abbrev  0x0000000000000000      0x274 ./Core/Src/ADC.o
 .debug_abbrev  0x0000000000000274      0x2e1 ./Core/Src/CAN.o
 .debug_abbrev  0x0000000000000555      0x226 ./Core/Src/ERROR.o
 .debug_abbrev  0x000000000000077b      0x20d ./Core/Src/RGBLED.o
 .debug_abbrev  0x0000000000000988      0x3bb ./Core/Src/main.o
 .debug_abbrev  0x0000000000000d43      0x2a6 ./Core/Src/stm32f0xx_hal_msp.o
 .debug_abbrev  0x0000000000000fe9      0x1ee ./Core/Src/stm32f0xx_it.o
 .debug_abbrev  0x00000000000011d7       0xbc ./Core/Src/sysmem.o
 .debug_abbrev  0x0000000000001293      0x11c ./Core/Src/system_stm32f0xx.o
 .debug_abbrev  0x00000000000013af       0x12 ./Core/Startup/startup_stm32f072rbtx.o
 .debug_abbrev  0x00000000000013c1      0x348 ./Drivers/SSD1306/ssd1306.o
 .debug_abbrev  0x0000000000001709       0xcf ./Drivers/SSD1306/ssd1306_fonts.o
 .debug_abbrev  0x00000000000017d8      0x213 ./Drivers/STM32F0xx_HAL_Driver/Src/stm32f0xx_hal.o
 .debug_abbrev  0x00000000000019eb      0x259 ./Drivers/STM32F0xx_HAL_Driver/Src/stm32f0xx_hal_adc.o
 .debug_abbrev  0x0000000000001c44      0x181 ./Drivers/STM32F0xx_HAL_Driver/Src/stm32f0xx_hal_adc_ex.o
 .debug_abbrev  0x0000000000001dc5      0x1d4 ./Drivers/STM32F0xx_HAL_Driver/Src/stm32f0xx_hal_can.o
 .debug_abbrev  0x0000000000001f99      0x28c ./Drivers/STM32F0xx_HAL_Driver/Src/stm32f0xx_hal_cortex.o
 .debug_abbrev  0x0000000000002225      0x224 ./Drivers/STM32F0xx_HAL_Driver/Src/stm32f0xx_hal_dma.o
 .debug_abbrev  0x0000000000002449      0x1cb ./Drivers/STM32F0xx_HAL_Driver/Src/stm32f0xx_hal_gpio.o
 .debug_abbrev  0x0000000000002614      0x28c ./Drivers/STM32F0xx_HAL_Driver/Src/stm32f0xx_hal_rcc.o
 .debug_abbrev  0x00000000000028a0      0x269 ./Drivers/STM32F0xx_HAL_Driver/Src/stm32f0xx_hal_spi.o
 .debug_abbrev  0x0000000000002b09      0x278 ./Drivers/STM32F0xx_HAL_Driver/Src/stm32f0xx_hal_tim.o
 .debug_abbrev  0x0000000000002d81      0x283 ./Drivers/STM32F0xx_HAL_Driver/Src/stm32f0xx_hal_tim_ex.o

.debug_aranges  0x0000000000000000     0x10b8
 .debug_aranges
                0x0000000000000000       0x80 ./Core/Src/ADC.o
 .debug_aranges
                0x0000000000000080       0x88 ./Core/Src/CAN.o
 .debug_aranges
                0x0000000000000108       0x48 ./Core/Src/ERROR.o
 .debug_aranges
                0x0000000000000150       0x50 ./Core/Src/RGBLED.o
 .debug_aranges
                0x00000000000001a0       0x90 ./Core/Src/main.o
 .debug_aranges
                0x0000000000000230       0x60 ./Core/Src/stm32f0xx_hal_msp.o
 .debug_aranges
                0x0000000000000290       0x68 ./Core/Src/stm32f0xx_it.o
 .debug_aranges
                0x00000000000002f8       0x20 ./Core/Src/sysmem.o
 .debug_aranges
                0x0000000000000318       0x28 ./Core/Src/system_stm32f0xx.o
 .debug_aranges
                0x0000000000000340       0x28 ./Core/Startup/startup_stm32f072rbtx.o
 .debug_aranges
                0x0000000000000368       0xe8 ./Drivers/SSD1306/ssd1306.o
 .debug_aranges
                0x0000000000000450       0x18 ./Drivers/SSD1306/ssd1306_fonts.o
 .debug_aranges
                0x0000000000000468       0xd0 ./Drivers/STM32F0xx_HAL_Driver/Src/stm32f0xx_hal.o
 .debug_aranges
                0x0000000000000538       0xf8 ./Drivers/STM32F0xx_HAL_Driver/Src/stm32f0xx_hal_adc.o
 .debug_aranges
                0x0000000000000630       0x20 ./Drivers/STM32F0xx_HAL_Driver/Src/stm32f0xx_hal_adc_ex.o
 .debug_aranges
                0x0000000000000650      0x138 ./Drivers/STM32F0xx_HAL_Driver/Src/stm32f0xx_hal_can.o
 .debug_aranges
                0x0000000000000788       0xc0 ./Drivers/STM32F0xx_HAL_Driver/Src/stm32f0xx_hal_cortex.o
 .debug_aranges
                0x0000000000000848       0x88 ./Drivers/STM32F0xx_HAL_Driver/Src/stm32f0xx_hal_dma.o
 .debug_aranges
                0x00000000000008d0       0x58 ./Drivers/STM32F0xx_HAL_Driver/Src/stm32f0xx_hal_gpio.o
 .debug_aranges
                0x0000000000000928       0x80 ./Drivers/STM32F0xx_HAL_Driver/Src/stm32f0xx_hal_rcc.o
 .debug_aranges
                0x00000000000009a8      0x1d8 ./Drivers/STM32F0xx_HAL_Driver/Src/stm32f0xx_hal_spi.o
 .debug_aranges
                0x0000000000000b80      0x3d0 ./Drivers/STM32F0xx_HAL_Driver/Src/stm32f0xx_hal_tim.o
 .debug_aranges
                0x0000000000000f50      0x168 ./Drivers/STM32F0xx_HAL_Driver/Src/stm32f0xx_hal_tim_ex.o

.debug_rnglists
                0x0000000000000000      0xd03
 .debug_rnglists
                0x0000000000000000       0x5f ./Core/Src/ADC.o
 .debug_rnglists
                0x000000000000005f       0x8d ./Core/Src/CAN.o
 .debug_rnglists
                0x00000000000000ec       0x31 ./Core/Src/ERROR.o
 .debug_rnglists
                0x000000000000011d       0x3c ./Core/Src/RGBLED.o
 .debug_rnglists
                0x0000000000000159       0x6d ./Core/Src/main.o
 .debug_rnglists
                0x00000000000001c6       0x47 ./Core/Src/stm32f0xx_hal_msp.o
 .debug_rnglists
                0x000000000000020d       0x49 ./Core/Src/stm32f0xx_it.o
 .debug_rnglists
                0x0000000000000256       0x13 ./Core/Src/sysmem.o
 .debug_rnglists
                0x0000000000000269       0x1a ./Core/Src/system_stm32f0xx.o
 .debug_rnglists
                0x0000000000000283       0x19 ./Core/Startup/startup_stm32f072rbtx.o
 .debug_rnglists
                0x000000000000029c       0xb6 ./Drivers/SSD1306/ssd1306.o
 .debug_rnglists
                0x0000000000000352       0x97 ./Drivers/STM32F0xx_HAL_Driver/Src/stm32f0xx_hal.o
 .debug_rnglists
                0x00000000000003e9       0xc6 ./Drivers/STM32F0xx_HAL_Driver/Src/stm32f0xx_hal_adc.o
 .debug_rnglists
                0x00000000000004af       0x14 ./Drivers/STM32F0xx_HAL_Driver/Src/stm32f0xx_hal_adc_ex.o
 .debug_rnglists
                0x00000000000004c3       0xee ./Drivers/STM32F0xx_HAL_Driver/Src/stm32f0xx_hal_can.o
 .debug_rnglists
                0x00000000000005b1       0x8c ./Drivers/STM32F0xx_HAL_Driver/Src/stm32f0xx_hal_cortex.o
 .debug_rnglists
                0x000000000000063d       0x6a ./Drivers/STM32F0xx_HAL_Driver/Src/stm32f0xx_hal_dma.o
 .debug_rnglists
                0x00000000000006a7       0x3f ./Drivers/STM32F0xx_HAL_Driver/Src/stm32f0xx_hal_gpio.o
 .debug_rnglists
                0x00000000000006e6       0x61 ./Drivers/STM32F0xx_HAL_Driver/Src/stm32f0xx_hal_rcc.o
 .debug_rnglists
                0x0000000000000747      0x17a ./Drivers/STM32F0xx_HAL_Driver/Src/stm32f0xx_hal_spi.o
 .debug_rnglists
                0x00000000000008c1      0x31c ./Drivers/STM32F0xx_HAL_Driver/Src/stm32f0xx_hal_tim.o
 .debug_rnglists
                0x0000000000000bdd      0x126 ./Drivers/STM32F0xx_HAL_Driver/Src/stm32f0xx_hal_tim_ex.o

.debug_macro    0x0000000000000000    0x1be85
 .debug_macro   0x0000000000000000      0x216 ./Core/Src/ADC.o
 .debug_macro   0x0000000000000216      0xa7e ./Core/Src/ADC.o
 .debug_macro   0x0000000000000c94       0x22 ./Core/Src/ADC.o
 .debug_macro   0x0000000000000cb6       0x8e ./Core/Src/ADC.o
 .debug_macro   0x0000000000000d44       0x51 ./Core/Src/ADC.o
 .debug_macro   0x0000000000000d95      0x103 ./Core/Src/ADC.o
 .debug_macro   0x0000000000000e98       0x6a ./Core/Src/ADC.o
 .debug_macro   0x0000000000000f02      0x1df ./Core/Src/ADC.o
 .debug_macro   0x00000000000010e1      0x13f ./Core/Src/ADC.o
 .debug_macro   0x0000000000001220       0x2e ./Core/Src/ADC.o
 .debug_macro   0x000000000000124e       0x22 ./Core/Src/ADC.o
 .debug_macro   0x0000000000001270       0x1c ./Core/Src/ADC.o
 .debug_macro   0x000000000000128c       0x22 ./Core/Src/ADC.o
 .debug_macro   0x00000000000012ae       0xaf ./Core/Src/ADC.o
 .debug_macro   0x000000000000135d      0x391 ./Core/Src/ADC.o
 .debug_macro   0x00000000000016ee     0xfe73 ./Core/Src/ADC.o
 .debug_macro   0x0000000000011561       0x66 ./Core/Src/ADC.o
 .debug_macro   0x00000000000115c7     0x34be ./Core/Src/ADC.o
 .debug_macro   0x0000000000014a85      0x174 ./Core/Src/ADC.o
 .debug_macro   0x0000000000014bf9       0x55 ./Core/Src/ADC.o
 .debug_macro   0x0000000000014c4e      0x946 ./Core/Src/ADC.o
 .debug_macro   0x0000000000015594      0x5f3 ./Core/Src/ADC.o
 .debug_macro   0x0000000000015b87      0x1ae ./Core/Src/ADC.o
 .debug_macro   0x0000000000015d35      0x1a7 ./Core/Src/ADC.o
 .debug_macro   0x0000000000015edc      0x1a7 ./Core/Src/ADC.o
 .debug_macro   0x0000000000016083      0x22c ./Core/Src/ADC.o
 .debug_macro   0x00000000000162af       0x34 ./Core/Src/ADC.o
 .debug_macro   0x00000000000162e3       0x43 ./Core/Src/ADC.o
 .debug_macro   0x0000000000016326       0x28 ./Core/Src/ADC.o
 .debug_macro   0x000000000001634e      0x33d ./Core/Src/ADC.o
 .debug_macro   0x000000000001668b       0xd4 ./Core/Src/ADC.o
 .debug_macro   0x000000000001675f      0x408 ./Core/Src/ADC.o
 .debug_macro   0x0000000000016b67       0xb0 ./Core/Src/ADC.o
 .debug_macro   0x0000000000016c17      0x217 ./Core/Src/ADC.o
 .debug_macro   0x0000000000016e2e      0x22c ./Core/Src/ADC.o
 .debug_macro   0x000000000001705a       0x61 ./Core/Src/ADC.o
 .debug_macro   0x00000000000170bb       0xa5 ./Core/Src/ADC.o
 .debug_macro   0x0000000000017160       0x4c ./Core/Src/ADC.o
 .debug_macro   0x00000000000171ac      0x16d ./Core/Src/ADC.o
 .debug_macro   0x0000000000017319      0x2fe ./Core/Src/ADC.o
 .debug_macro   0x0000000000017617      0x8f4 ./Core/Src/ADC.o
 .debug_macro   0x0000000000017f0b       0x28 ./Core/Src/ADC.o
 .debug_macro   0x0000000000017f33      0x130 ./Core/Src/ADC.o
 .debug_macro   0x0000000000018063       0x1c ./Core/Src/ADC.o
 .debug_macro   0x000000000001807f      0x1b0 ./Core/Src/ADC.o
 .debug_macro   0x000000000001822f       0x16 ./Core/Src/ADC.o
 .debug_macro   0x0000000000018245      0x2be ./Core/Src/CAN.o
 .debug_macro   0x0000000000018503       0x10 ./Core/Src/CAN.o
 .debug_macro   0x0000000000018513       0x61 ./Core/Src/CAN.o
 .debug_macro   0x0000000000018574       0x24 ./Core/Src/CAN.o
 .debug_macro   0x0000000000018598       0x43 ./Core/Src/CAN.o
 .debug_macro   0x00000000000185db       0x34 ./Core/Src/CAN.o
 .debug_macro   0x000000000001860f       0x16 ./Core/Src/CAN.o
 .debug_macro   0x0000000000018625       0x43 ./Core/Src/CAN.o
 .debug_macro   0x0000000000018668       0x34 ./Core/Src/CAN.o
 .debug_macro   0x000000000001869c       0x10 ./Core/Src/CAN.o
 .debug_macro   0x00000000000186ac       0x58 ./Core/Src/CAN.o
 .debug_macro   0x0000000000018704       0x8e ./Core/Src/CAN.o
 .debug_macro   0x0000000000018792       0x1c ./Core/Src/CAN.o
 .debug_macro   0x00000000000187ae      0x177 ./Core/Src/CAN.o
 .debug_macro   0x0000000000018925      0x369 ./Core/Src/CAN.o
 .debug_macro   0x0000000000018c8e       0x10 ./Core/Src/CAN.o
 .debug_macro   0x0000000000018c9e       0x35 ./Core/Src/CAN.o
 .debug_macro   0x0000000000018cd3       0x20 ./Core/Src/CAN.o
 .debug_macro   0x0000000000018cf3      0x2fc ./Core/Src/ERROR.o
 .debug_macro   0x0000000000018fef      0x1aa ./Core/Src/ERROR.o
 .debug_macro   0x0000000000019199       0x16 ./Core/Src/ERROR.o
 .debug_macro   0x00000000000191af       0x10 ./Core/Src/ERROR.o
 .debug_macro   0x00000000000191bf       0x16 ./Core/Src/ERROR.o
 .debug_macro   0x00000000000191d5       0x16 ./Core/Src/ERROR.o
 .debug_macro   0x00000000000191eb      0x147 ./Core/Src/ERROR.o
 .debug_macro   0x0000000000019332       0x7c ./Core/Src/ERROR.o
 .debug_macro   0x00000000000193ae       0x22 ./Core/Src/ERROR.o
 .debug_macro   0x00000000000193d0      0x1f1 ./Core/Src/RGBLED.o
 .debug_macro   0x00000000000195c1      0x32e ./Core/Src/main.o
 .debug_macro   0x00000000000198ef       0x10 ./Core/Src/main.o
 .debug_macro   0x00000000000198ff       0x10 ./Core/Src/main.o
 .debug_macro   0x000000000001990f       0x22 ./Core/Src/main.o
 .debug_macro   0x0000000000019931      0x1f0 ./Core/Src/stm32f0xx_hal_msp.o
 .debug_macro   0x0000000000019b21      0x1fa ./Core/Src/stm32f0xx_it.o
 .debug_macro   0x0000000000019d1b       0xff ./Core/Src/sysmem.o
 .debug_macro   0x0000000000019e1a      0x23c ./Core/Src/sysmem.o
 .debug_macro   0x000000000001a056      0x1e1 ./Core/Src/system_stm32f0xx.o
 .debug_macro   0x000000000001a237      0x315 ./Drivers/SSD1306/ssd1306.o
 .debug_macro   0x000000000001a54c       0x28 ./Drivers/SSD1306/ssd1306.o
 .debug_macro   0x000000000001a574      0x19b ./Drivers/SSD1306/ssd1306.o
 .debug_macro   0x000000000001a70f       0x16 ./Drivers/SSD1306/ssd1306.o
 .debug_macro   0x000000000001a725      0x237 ./Drivers/SSD1306/ssd1306_fonts.o
 .debug_macro   0x000000000001a95c      0x205 ./Drivers/STM32F0xx_HAL_Driver/Src/stm32f0xx_hal.o
 .debug_macro   0x000000000001ab61      0x205 ./Drivers/STM32F0xx_HAL_Driver/Src/stm32f0xx_hal_adc.o
 .debug_macro   0x000000000001ad66      0x1ed ./Drivers/STM32F0xx_HAL_Driver/Src/stm32f0xx_hal_adc_ex.o
 .debug_macro   0x000000000001af53      0x1e9 ./Drivers/STM32F0xx_HAL_Driver/Src/stm32f0xx_hal_can.o
 .debug_macro   0x000000000001b13c      0x1e1 ./Drivers/STM32F0xx_HAL_Driver/Src/stm32f0xx_hal_cortex.o
 .debug_macro   0x000000000001b31d      0x1e1 ./Drivers/STM32F0xx_HAL_Driver/Src/stm32f0xx_hal_dma.o
 .debug_macro   0x000000000001b4fe      0x1e8 ./Drivers/STM32F0xx_HAL_Driver/Src/stm32f0xx_hal_gpio.o
 .debug_macro   0x000000000001b6e6      0x1f3 ./Drivers/STM32F0xx_HAL_Driver/Src/stm32f0xx_hal_rcc.o
 .debug_macro   0x000000000001b8d9      0x1e9 ./Drivers/STM32F0xx_HAL_Driver/Src/stm32f0xx_hal_spi.o
 .debug_macro   0x000000000001bac2      0x1e2 ./Drivers/STM32F0xx_HAL_Driver/Src/stm32f0xx_hal_tim.o
 .debug_macro   0x000000000001bca4      0x1e1 ./Drivers/STM32F0xx_HAL_Driver/Src/stm32f0xx_hal_tim_ex.o

.debug_line     0x0000000000000000    0x14e1d
 .debug_line    0x0000000000000000      0xb2b ./Core/Src/ADC.o
 .debug_line    0x0000000000000b2b      0xbd7 ./Core/Src/CAN.o
 .debug_line    0x0000000000001702      0xa10 ./Core/Src/ERROR.o
 .debug_line    0x0000000000002112      0xa31 ./Core/Src/RGBLED.o
 .debug_line    0x0000000000002b43      0xe67 ./Core/Src/main.o
 .debug_line    0x00000000000039aa      0x935 ./Core/Src/stm32f0xx_hal_msp.o
 .debug_line    0x00000000000042df      0x88b ./Core/Src/stm32f0xx_it.o
 .debug_line    0x0000000000004b6a      0x579 ./Core/Src/sysmem.o
 .debug_line    0x00000000000050e3      0x830 ./Core/Src/system_stm32f0xx.o
 .debug_line    0x0000000000005913       0x7b ./Core/Startup/startup_stm32f072rbtx.o
 .debug_line    0x000000000000598e     0x11f8 ./Drivers/SSD1306/ssd1306.o
 .debug_line    0x0000000000006b86      0x8a6 ./Drivers/SSD1306/ssd1306_fonts.o
 .debug_line    0x000000000000742c      0xa23 ./Drivers/STM32F0xx_HAL_Driver/Src/stm32f0xx_hal.o
 .debug_line    0x0000000000007e4f     0x126f ./Drivers/STM32F0xx_HAL_Driver/Src/stm32f0xx_hal_adc.o
 .debug_line    0x00000000000090be      0x839 ./Drivers/STM32F0xx_HAL_Driver/Src/stm32f0xx_hal_adc_ex.o
 .debug_line    0x00000000000098f7     0x11ed ./Drivers/STM32F0xx_HAL_Driver/Src/stm32f0xx_hal_can.o
 .debug_line    0x000000000000aae4      0xacf ./Drivers/STM32F0xx_HAL_Driver/Src/stm32f0xx_hal_cortex.o
 .debug_line    0x000000000000b5b3      0xd47 ./Drivers/STM32F0xx_HAL_Driver/Src/stm32f0xx_hal_dma.o
 .debug_line    0x000000000000c2fa      0xbb3 ./Drivers/STM32F0xx_HAL_Driver/Src/stm32f0xx_hal_gpio.o
 .debug_line    0x000000000000cead      0xeaa ./Drivers/STM32F0xx_HAL_Driver/Src/stm32f0xx_hal_rcc.o
 .debug_line    0x000000000000dd57     0x1f2d ./Drivers/STM32F0xx_HAL_Driver/Src/stm32f0xx_hal_spi.o
 .debug_line    0x000000000000fc84     0x37c9 ./Drivers/STM32F0xx_HAL_Driver/Src/stm32f0xx_hal_tim.o
 .debug_line    0x000000000001344d     0x19d0 ./Drivers/STM32F0xx_HAL_Driver/Src/stm32f0xx_hal_tim_ex.o

.debug_str      0x0000000000000000    0x9d83d
 .debug_str     0x0000000000000000    0x94e2c ./Core/Src/ADC.o
                                      0x95143 (size before relaxing)
 .debug_str     0x0000000000094e2c     0x367e ./Core/Src/CAN.o
                                      0x978c6 (size before relaxing)
 .debug_str     0x00000000000984aa      0xa32 ./Core/Src/ERROR.o
                                      0x98580 (size before relaxing)
 .debug_str     0x0000000000098edc      0x2f8 ./Core/Src/RGBLED.o
                                      0x9460d (size before relaxing)
 .debug_str     0x00000000000991d4      0x973 ./Core/Src/main.o
                                      0x99920 (size before relaxing)
 .debug_str     0x0000000000099b47      0x108 ./Core/Src/stm32f0xx_hal_msp.o
                                      0x95716 (size before relaxing)
 .debug_str     0x0000000000099c4f      0x101 ./Core/Src/stm32f0xx_it.o
                                      0x9515d (size before relaxing)
 .debug_str     0x0000000000099d50      0x4dc ./Core/Src/sysmem.o
                                       0x5f3d (size before relaxing)
 .debug_str     0x000000000009a22c       0x8b ./Core/Src/system_stm32f0xx.o
                                      0x941a2 (size before relaxing)
 .debug_str     0x000000000009a2b7       0x34 ./Core/Startup/startup_stm32f072rbtx.o
                                         0x57 (size before relaxing)
 .debug_str     0x000000000009a2eb      0xc71 ./Drivers/SSD1306/ssd1306.o
                                      0x98e6e (size before relaxing)
 .debug_str     0x000000000009af5c       0x92 ./Drivers/SSD1306/ssd1306_fonts.o
                                      0x94779 (size before relaxing)
 .debug_str     0x000000000009afee      0x364 ./Drivers/STM32F0xx_HAL_Driver/Src/stm32f0xx_hal.o
                                      0x94798 (size before relaxing)
 .debug_str     0x000000000009b352      0x326 ./Drivers/STM32F0xx_HAL_Driver/Src/stm32f0xx_hal_adc.o
                                      0x948af (size before relaxing)
 .debug_str     0x000000000009b678       0x8c ./Drivers/STM32F0xx_HAL_Driver/Src/stm32f0xx_hal_adc_ex.o
                                      0x94529 (size before relaxing)
 .debug_str     0x000000000009b704      0x321 ./Drivers/STM32F0xx_HAL_Driver/Src/stm32f0xx_hal_can.o
                                      0x94973 (size before relaxing)
 .debug_str     0x000000000009ba25      0x16f ./Drivers/STM32F0xx_HAL_Driver/Src/stm32f0xx_hal_cortex.o
                                      0x94589 (size before relaxing)
 .debug_str     0x000000000009bb94      0x1ff ./Drivers/STM32F0xx_HAL_Driver/Src/stm32f0xx_hal_dma.o
                                      0x94548 (size before relaxing)
 .debug_str     0x000000000009bd93       0xfa ./Drivers/STM32F0xx_HAL_Driver/Src/stm32f0xx_hal_gpio.o
                                      0x94343 (size before relaxing)
 .debug_str     0x000000000009be8d      0x215 ./Drivers/STM32F0xx_HAL_Driver/Src/stm32f0xx_hal_rcc.o
                                      0x945e9 (size before relaxing)
 .debug_str     0x000000000009c0a2      0x53a ./Drivers/STM32F0xx_HAL_Driver/Src/stm32f0xx_hal_spi.o
                                      0x94b12 (size before relaxing)
 .debug_str     0x000000000009c5dc      0xdce ./Drivers/STM32F0xx_HAL_Driver/Src/stm32f0xx_hal_tim.o
                                      0x955a8 (size before relaxing)
 .debug_str     0x000000000009d3aa      0x493 ./Drivers/STM32F0xx_HAL_Driver/Src/stm32f0xx_hal_tim_ex.o
                                      0x94dc4 (size before relaxing)

.debug_frame    0x0000000000000000     0x406c
 .debug_frame   0x0000000000000000      0x1b0 ./Core/Src/ADC.o
 .debug_frame   0x00000000000001b0      0x1c4 ./Core/Src/CAN.o
 .debug_frame   0x0000000000000374       0xc4 ./Core/Src/ERROR.o
 .debug_frame   0x0000000000000438       0xfc ./Core/Src/RGBLED.o
 .debug_frame   0x0000000000000534      0x1e8 ./Core/Src/main.o
 .debug_frame   0x000000000000071c      0x130 ./Core/Src/stm32f0xx_hal_msp.o
 .debug_frame   0x000000000000084c      0x128 ./Core/Src/stm32f0xx_it.o
 .debug_frame   0x0000000000000974       0x30 ./Core/Src/sysmem.o
 .debug_frame   0x00000000000009a4       0x4c ./Core/Src/system_stm32f0xx.o
 .debug_frame   0x00000000000009f0      0x36c ./Drivers/SSD1306/ssd1306.o