../Drivers/SSD1306/ssd1306.c:25:6:ssd1306_Reset	8	static
../Drivers/SSD1306/ssd1306.c:37:6:ssd1306_WriteCommand	16	static
../Drivers/SSD1306/ssd1306.c:45:6:ssd1306_WriteData	16	static
../Drivers/SSD1306/ssd1306.c:64:17:ssd1306_FillBuffer	32	static
../Drivers/SSD1306/ssd1306.c:74:6:ssd1306_Init	8	static
../Drivers/SSD1306/ssd1306.c:176:6:ssd1306_Fill	16	static
../Drivers/SSD1306/ssd1306.c:181:6:ssd1306_UpdateScreen	16	static
../Drivers/SSD1306/ssd1306.c:202:6:ssd1306_DrawPixel	24	static
../Drivers/SSD1306/ssd1306.c:222:6:ssd1306_WriteChar	48	static
../Drivers/SSD1306/ssd1306.c:259:6:ssd1306_WriteString	32	static
../Drivers/SSD1306/ssd1306.c:273:6:ssd1306_SetCursor	16	static
../Drivers/SSD1306/ssd1306.c:279:6:ssd1306_Line	48	static
../Drivers/SSD1306/ssd1306.c:306:6:ssd1306_Polyline	40	static
../Drivers/SSD1306/ssd1306.c:320:14:ssd1306_DegToRad	16	static
../Drivers/SSD1306/ssd1306.c:325:17:ssd1306_NormalizeTo0_360	32	static
../Drivers/SSD1306/ssd1306.c:341:6:ssd1306_DrawArc	56	static
../Drivers/SSD1306/ssd1306.c:381:6:ssd1306_DrawArcWithRadiusLine	64	static
../Drivers/SSD1306/ssd1306.c:424:6:ssd1306_DrawCircle	40	static
../Drivers/SSD1306/ssd1306.c:459:6:ssd1306_FillCircle	48	static
../Drivers/SSD1306/ssd1306.c:495:6:ssd1306_DrawRectangle	32	static
../Drivers/SSD1306/ssd1306.c:505:6:ssd1306_FillRectangle	32	static
../Drivers/SSD1306/ssd1306.c:519:17:ssd1306_InvertRectangle	40	static
../Drivers/SSD1306/ssd1306.c:550:6:ssd1306_DrawBitmap	32	static
../Drivers/SSD1306/ssd1306.c:574:6:ssd1306_SetContrast	24	static
../Drivers/SSD1306/ssd1306.c:580:6:ssd1306_SetDisplayOn	24	static
../Drivers/SSD1306/ssd1306.c:592:9:ssd1306_GetDisplayOn	8	static
